01-01 03:32:09.817   353  4284 D mm-camera: c2d_module_stop_session:435, info: stopping session 2 ...
01-01 03:32:09.817   353  4271 D mm-camera: c2d_thread_process_pipe_message:723, C2D_THREAD_MSG_ABORT: c2d_thread exiting..
01-01 03:32:09.817   353  4284 D mm-camera: c2d_module_stop_session:479, info: session 2 stopped.
01-01 03:32:09.817   353  4284 D mm-camera: mct_pipeline_stop_session_thread: Stop module name: pproc - X
01-01 03:32:09.817   353   353 E mm-camera: mct_pipeline_stop_session: left modules: 5
01-01 03:32:09.817   353   353 E mm-camera: mct_pipeline_stop_session: left modules: 4
01-01 03:32:09.817   353   353 E mm-camera: mct_pipeline_stop_session: left modules: 3
01-01 03:32:09.817   353   353 E mm-camera: mct_pipeline_stop_session: left modules: 2
01-01 03:32:09.817   353   353 E mm-camera: mct_pipeline_stop_session: left modules: 1
01-01 03:32:09.817   353  4285 D mm-camera: mct_pipeline_stop_session_thread: Stop module name: imglib - E
01-01 03:32:09.818   353  4285 D mm-camera: mct_pipeline_stop_session_thread: Stop module name: imglib - X
01-01 03:32:09.818   353   353 E mm-camera: mct_pipeline_stop_session: left modules: 0
01-01 03:32:09.818   353   353 D mm-camera: mct_pipeline_stop_session - X
01-01 03:32:10.119   325   325 E USB_UICC: Timeout! No signal received. Retry num = 25
01-01 03:32:10.353   446   446 I MSM-irqbalance: Decided to move IRQ84 from CPU7 to CPU4
01-01 03:32:10.368  1175  2228 W dex2oat : Skipping class com.quicinc.tcmiface.DpmTcmIface from /system/framework/org.apache.http.legacy.boot.jar previously found in /system/framework/okhttp.jar
01-01 03:32:10.437  1175  1175 I dex2oat : Explicit concurrent mark sweep GC freed 42208(6MB) AllocSpace objects, 1(20KB) LOS objects, 24% free, 12MB/16MB, paused 332us total 45.793ms
01-01 03:32:10.455  1154  2231 W dex2oat : Skipping class com.quicinc.tcmiface.DpmTcmIface from /system/framework/org.apache.http.legacy.boot.jar previously found in /system/framework/okhttp.jar
01-01 03:32:10.570  1154  1154 I dex2oat : Explicit concurrent mark sweep GC freed 42202(9MB) AllocSpace objects, 1(20KB) LOS objects, 15% free, 21MB/25MB, paused 296us total 79.990ms
01-01 03:32:10.805  4161  4161 I ServiceManager: Waiting for service media.camera.proxy...
01-01 03:32:11.120   325   325 E USB_UICC: Timeout! No signal received. Retry num = 26
01-01 03:32:11.806  4161  4161 I ServiceManager: Waiting for service media.camera.proxy...
01-01 03:32:12.120   325   325 E USB_UICC: Timeout! No signal received. Retry num = 27
01-01 03:32:12.806  4161  4161 I ServiceManager: Waiting for service media.camera.proxy...
01-01 03:32:12.823  1175  1175 W dex2oat : Compilation of void android.icu.text.DecimalFormat.applyPatternWithoutExpandAffix(java.lang.String, boolean) took 102.940ms
01-01 03:32:13.120   325   325 E USB_UICC: Timeout! No signal received. Retry num = 28
01-01 03:32:13.237  1154  2226 W dex2oat : Compilation of void android.icu.text.DecimalFormat.applyPatternWithoutExpandAffix(java.lang.String, boolean) took 146.731ms
01-01 03:32:13.807  4161  4161 I ServiceManager: Waiting for service media.camera.proxy...
01-01 03:32:14.121   325   325 E USB_UICC: Timeout! No signal received. Retry num = 29
01-01 03:32:14.809  4161  4161 I AudioPolicyService: AudioPolicyService CSTOR in new mode
01-01 03:32:14.810  4161  4161 I APM::ConfigParsingUtils: loadAudioPolicyConfig() loaded /system/etc/audio_policy.conf
01-01 03:32:14.815  4161  4161 D audio_hw_primary: adev_open: enter
01-01 03:32:14.856  4161  4161 D msm8916_platform: platform_init: mixer path file is /system/etc/mixer_paths_mtp.xml
01-01 03:32:15.050  4161  4161 E audio_route: Control 'HPHL Volume' doesn't exist - skipping
01-01 03:32:15.050  4161  4161 E audio_route: Control 'HPHR Volume' doesn't exist - skipping
01-01 03:32:15.051  4161  4161 E audio_route: Control 'RX2 MIX2 INP2' doesn't exist - skipping
01-01 03:32:15.051  4161  4161 E audio_route: Control 'RX1 MIX2 INP2' doesn't exist - skipping
01-01 03:32:15.060  4161  4161 E audio_route: Control 'MICBIAS CAPLESS Switch' doesn't exist - skipping
01-01 03:32:15.062  4161  4161 E audio_route: Control 'PRI_MI2S_RX Port Mixer INT_BT_SCO_TX' doesn't exist - skipping
01-01 03:32:15.062  4161  4161 E audio_route: Control 'INTERNAL_BT_SCO_RX Audio Mixer Multimedia6' doesn't exist - skipping
01-01 03:32:15.063  4161  4161 E audio_route: Control 'MI2S_DL_HL Switch' doesn't exist - skipping
01-01 03:32:15.064  4161  4161 E audio_route: Control 'MI2S_DL_HL Switch' doesn't exist - skipping
01-01 03:32:15.067  4161  4161 E audio_route: Control 'MI2S_DL_HL Switch' doesn't exist - skipping
01-01 03:32:15.070  4161  4161 E audio_route: Control 'MICBIAS CAPLESS Switch' doesn't exist - skipping
01-01 03:32:15.075  4161  4161 E audio_route: Control 'MI2S_DL_HL Switch' doesn't exist - skipping
01-01 03:32:15.107  4161  4161 D msm8916_platform: platform_init: Opened sound card:0
01-01 03:32:15.107  4161  4161 D msm8916_platform: Opening /sys/class/thermal/thermal_zone0/type
01-01 03:32:15.107  4161  4161 D msm8916_platform: Opening /sys/class/thermal/thermal_zone1/type
01-01 03:32:15.108  4161  4161 D msm8916_platform: Opening /sys/class/thermal/thermal_zone2/type
01-01 03:32:15.108  4161  4161 D msm8916_platform: Opening /sys/class/thermal/thermal_zone3/type
01-01 03:32:15.108  4161  4161 D msm8916_platform: Opening /sys/class/thermal/thermal_zone4/type
01-01 03:32:15.108  4161  4161 D msm8916_platform: Opening /sys/class/thermal/thermal_zone5/type
01-01 03:32:15.108  4161  4161 D msm8916_platform: Opening /sys/class/thermal/thermal_zone6/type
01-01 03:32:15.108  4161  4161 D msm8916_platform: Opening /sys/class/thermal/thermal_zone7/type
01-01 03:32:15.108  4161  4161 D msm8916_platform: Opening /sys/class/thermal/thermal_zone8/type
01-01 03:32:15.108  4161  4161 D msm8916_platform: Opening /sys/class/thermal/thermal_zone9/type
01-01 03:32:15.109  4161  4161 D msm8916_platform: Opening /sys/class/thermal/thermal_zone10/type
01-01 03:32:15.118  4161  4161 D ACDB-LOADER: ACDB -> Load file: /etc/acdbdata/MTP/MTP_Bluetooth_cal.acdb
01-01 03:32:15.118  4161  4161 D ACDB-LOADER: ACDB -> Load file: /etc/acdbdata/MTP/MTP_General_cal.acdb
01-01 03:32:15.118  4161  4161 D ACDB-LOADER: ACDB -> Load file: /etc/acdbdata/MTP/MTP_Global_cal.acdb
01-01 03:32:15.118  4161  4161 D ACDB-LOADER: ACDB -> Load file: /etc/acdbdata/MTP/MTP_Handset_cal.acdb
01-01 03:32:15.118  4161  4161 D ACDB-LOADER: ACDB -> Load file: /etc/acdbdata/MTP/MTP_Hdmi_cal.acdb
01-01 03:32:15.118  4161  4161 D ACDB-LOADER: ACDB -> Load file: /etc/acdbdata/MTP/MTP_Headset_cal.acdb
01-01 03:32:15.118  4161  4161 D ACDB-LOADER: ACDB -> Load file: /etc/acdbdata/MTP/MTP_Speaker_cal.acdb
01-01 03:32:15.118  4161  4161 D ACDB-LOADER: ACDB -> ACDB_CMD_INITIALIZE_V2
01-01 03:32:15.118  4161  4161 D         : [ACDB Command]->SW Minor/Major/Revision version info for /etc/acdbdata/MTP/MTP_Bluetooth_cal.acdb
01-01 03:32:15.118  4161  4161 D         : [ACDB Command]->ACDB Sw Major = 5, ACDB Sw Minor = 0, ACDB Sw Revision = 4
01-01 03:32:15.118  4161  4161 D         : [ACDB Command]->ACDB File Major = 4, ACDB File Minor = 2, ACDB File Revision = 0
01-01 03:32:15.119  4161  4161 D         : [ACDB Command]->SW Minor/Major/Revision version info for /etc/acdbdata/MTP/MTP_General_cal.acdb
01-01 03:32:15.119  4161  4161 D         : [ACDB Command]->ACDB Sw Major = 5, ACDB Sw Minor = 0, ACDB Sw Revision = 4
01-01 03:32:15.119  4161  4161 D         : [ACDB Command]->ACDB File Major = 4, ACDB File Minor = 2, ACDB File Revision = 0
01-01 03:32:15.119  4161  4161 D         : [ACDB Command]->SW Minor/Major/Revision version info for /etc/acdbdata/MTP/MTP_Global_cal.acdb
01-01 03:32:15.119  4161  4161 D         : [ACDB Command]->ACDB Sw Major = 5, ACDB Sw Minor = 0, ACDB Sw Revision = 4
01-01 03:32:15.119  4161  4161 D         : [ACDB Command]->ACDB File Major = 4, ACDB File Minor = 2, ACDB File Revision = 0
01-01 03:32:15.119  4161  4161 D         : [ACDB Command]->SW Minor/Major/Revision version info for /etc/acdbdata/MTP/MTP_Handset_cal.acdb
01-01 03:32:15.120  4161  4161 D         : [ACDB Command]->ACDB Sw Major = 5, ACDB Sw Minor = 0, ACDB Sw Revision = 4
01-01 03:32:15.120  4161  4161 D         : [ACDB Command]->ACDB File Major = 4, ACDB File Minor = 2, ACDB File Revision = 0
01-01 03:32:15.120  4161  4161 D         : [ACDB Command]->SW Minor/Major/Revision version info for /etc/acdbdata/MTP/MTP_Hdmi_cal.acdb
01-01 03:32:15.120  4161  4161 D         : [ACDB Command]->ACDB Sw Major = 5, ACDB Sw Minor = 0, ACDB Sw Revision = 4
01-01 03:32:15.120  4161  4161 D         : [ACDB Command]->ACDB File Major = 4, ACDB File Minor = 2, ACDB File Revision = 0
01-01 03:32:15.120  4161  4161 D         : [ACDB Command]->SW Minor/Major/Revision version info for /etc/acdbdata/MTP/MTP_Headset_cal.acdb
01-01 03:32:15.120  4161  4161 D         : [ACDB Command]->ACDB Sw Major = 5, ACDB Sw Minor = 0, ACDB Sw Revision = 4
01-01 03:32:15.120  4161  4161 D         : [ACDB Command]->ACDB File Major = 4, ACDB File Minor = 2, ACDB File Revision = 0
01-01 03:32:15.121  4161  4161 D         : [ACDB Command]->SW Minor/Major/Revision version info for /etc/acdbdata/MTP/MTP_Speaker_cal.acdb
01-01 03:32:15.121  4161  4161 D         : [ACDB Command]->ACDB Sw Major = 5, ACDB Sw Minor = 0, ACDB Sw Revision = 4
01-01 03:32:15.121  4161  4161 D         : [ACDB Command]->ACDB File Major = 4, ACDB File Minor = 2, ACDB File Revision = 0
01-01 03:32:15.121  4161  4161 D ACDB-LOADER: ACDB -> ACPH INIT
01-01 03:32:15.121  4161  4161 D         : [ACPH]->Online service registered with ACPH
01-01 03:32:15.121   325   325 E USB_UICC: Timeout! No signal received. Retry num = 30
01-01 03:32:15.122  4161  4161 D         : [ACPH]->ACPH init success
01-01 03:32:15.122  4161  4161 D ACDB-LOADER: ACDB -> RTAC INIT
01-01 03:32:15.122  4161  4161 D         : [ACPH]->DSP RTC service registered with ACPH
01-01 03:32:15.123  4161  4161 D ACDB-LOADER: ACDB -> MCS, FTS INIT
01-01 03:32:15.123  4161  4161 D         : [ACPH]->MCS RTC service registered with ACPH
01-01 03:32:15.123  4161  4161 D         : [ACPH]->FTS RTC service registered with ACPH
01-01 03:32:15.123  4161  4161 D ACDB-LOADER: ACDB -> ADIE RTAC INIT
01-01 03:32:15.123  4161  4161 D         : [ACPH]->ADIE RTC service registered with ACPH
01-01 03:32:15.123  4161  4161 D ACDB-LOADER: ACDB -> ACDB_CMD_GET_VOC_PROC_DYNAMIC_TABLE_SIZE
01-01 03:32:15.123  4161  4161 D         : Invalid AV file. It doesnt contain LUT for tblid 00000017 
01-01 03:32:15.123  4161  4161 D         : Failed to fetch the Table in ACDB files Table-ID 00000017 
01-01 03:32:15.123  4161  4161 D ACDB-LOADER: ACDB -> send_meta_info, lic 0
01-01 03:32:15.123  4161  4161 D         : Couldnt find the key 00000000 
01-01 03:32:15.123  4161  4161 D         : Output from GetMetaInfoSize command : 0
01-01 03:32:15.165  4161  4161 E ACDB-LOADER: ACDB -> Error: Sending AUDIO_ALLOCATE_CALIBRATION, result = -1
01-01 03:32:15.165  4161  4161 E ACDB-LOADER: ACDB -> allocate_cal_block failed!
01-01 03:32:15.173  4161  4161 E ACDB-LOADER: ACDB -> Error: Sending AUDIO_DEALLOCATE_CALIBRATION, result = -1
01-01 03:32:15.173  4161  4161 E ACDB-LOADER: ACDB -> Cannot allocate memory!
01-01 03:32:15.173  4161  4161 D msm8916_platform: ACDB initialization failed
01-01 03:32:15.174  4161  4161 D msm8916_platform: hw_util_open Opening device /dev/snd/hwC0D1000
01-01 03:32:15.174  4161  4161 D msm8916_platform: hw_util_open success
01-01 03:32:15.174  4161  4161 E ACDB-LOADER: send_wcd9xxx_anc_cal: Error: Could not get cal block!
01-01 03:32:15.174  4161  4161 E ACDB-LOADER: send_wcd9xxx_anc_cal: Error: Could not get cal block!
01-01 03:32:15.174  4161  4161 E ACDB-LOADER: send_wcd9xxx_anc_cal: Error: Could not get cal block!
01-01 03:32:15.174  4161  4161 E ACDB-LOADER: send_wcd9xxx_anc_cal: Error: Could not get cal block!
01-01 03:32:15.174  4161  4161 E ACDB-LOADER: send_wcd9xxx_anc_cal: Error: Could not get cal block!
01-01 03:32:15.174  4161  4161 E ACDB-LOADER: send_wcd9xxx_anc_cal: Error: Could not get cal block!
01-01 03:32:15.174  4161  4161 E ACDB-LOADER: send_wcd9xxx_anc_cal: Error: Could not get cal block!
01-01 03:32:15.174  4161  4161 E ACDB-LOADER: send_wcd9xxx_anc_cal: Error: Could not get cal block!
01-01 03:32:15.174  4161  4161 E ACDB-LOADER: send_wcd9xxx_anc_cal: Error: Could not get cal block!
01-01 03:32:15.174  4161  4161 D msm8916_platform: send_codec_cal cal sent for anc_cal calib.size=16
01-01 03:32:15.174  4161  4161 E ACDB-LOADER: ACDB -> send_codec_cal
01-01 03:32:15.174  4161  4161 E ACDB-LOADER: ACDB -> ACDB_CMD_GET_CODEC_CAL_DATA
01-01 03:32:15.174  4161  4161 D         : Failed to fetch the lookup information of the device 00000064 
01-01 03:32:15.174  4161  4161 E ACDB-LOADER: Error: ACDB CODEC CAL returned = -19
01-01 03:32:15.174  4161  4161 E msm8916_platform: Failed to call ioctl  for mad_cal err=14 calib.size=-4104
01-01 03:32:15.174  4161  4161 D msm8916_platform: send_codec_cal cal sent for mad_cal calib.size=-4104
01-01 03:32:15.174  4161  4161 D ACDB-LOADER: send mbhc data
01-01 03:32:15.174  4161  4161 D ACDB-LOADER: ACDB -> MBHC ACDB_PID_GENERAL_CONFIG
01-01 03:32:15.174  4161  4161 D ACDB-LOADER: ACDB -> MBHC ACDB_PID_PLUG_REMOVAL_DETECTION
01-01 03:32:15.174  4161  4161 D ACDB-LOADER: ACDB -> MBHC ACDB_PID_PLUG_TYPE_DETECTION
01-01 03:32:15.174  4161  4161 D ACDB-LOADER: ACDB -> MBHC ACDB_PID_BUTTON_PRESS_DETECTION
01-01 03:32:15.174  4161  4161 D ACDB-LOADER: ACDB -> MBHC ACDB_PID_IMPEDANCE_DETECTION
01-01 03:32:15.174  4161  4161 D msm8916_platform: send_codec_cal cal sent for mbhc_cal calib.size=154
01-01 03:32:15.182  4161  4161 E audio_hw_primary: Amplifier initialization failed
01-01 03:32:15.182  4161  4161 E audio_hw_utils: audio_extn_utils_update_streams_output_cfg_list: could not load output policy config file
01-01 03:32:15.182  4161  4161 D audio_hw_primary: select_devices: out_snd_device(2: speaker) in_snd_device(0: )
01-01 03:32:15.182  4161  4161 W msm8916_platform: Codec backend bitwidth 16, samplerate 48000
01-01 03:32:15.183  4161  4161 D hardware_info: hw_info_append_hw_type : device_name = speaker
01-01 03:32:15.183  4161  4161 D audio_hw_primary: enable_snd_device: snd_device(2: speaker)
01-01 03:32:15.188  4161  4161 W audio_hw_utils: audio_extn_utils_update_stream_app_type_cfg: App type could not be selected. Falling back to default
01-01 03:32:15.188  4161  4161 I audio_hw_primary: select_devices Selected apptype: 69936
01-01 03:32:15.188  4161  4161 E ACDB-LOADER: ACDB -> Not correctly initialized!
01-01 03:32:15.188  4161  4161 E audio_hw_utils: Device not ready, skip app type update
01-01 03:32:15.188  4161  4161 D audio_hw_primary: enable_audio_route: apply mixer and update path: deep-buffer-playback
01-01 03:32:15.189  4161  4161 D audio_hw_primary: select_devices: done
01-01 03:32:15.192  4161  4161 D audio_hw_primary: disable_audio_route: reset and update mixer path: deep-buffer-playback
01-01 03:32:15.194  4161  4161 D hardware_info: hw_info_append_hw_type : device_name = speaker
01-01 03:32:15.194  4161  4161 D audio_hw_primary: disable_snd_device: snd_device(2: speaker)
01-01 03:32:15.203  4161  4161 D audio_hw_primary: select_devices: out_snd_device(2: speaker) in_snd_device(0: )
01-01 03:32:15.203  4161  4161 W msm8916_platform: Codec backend bitwidth 16, samplerate 48000
01-01 03:32:15.203  4161  4161 D hardware_info: hw_info_append_hw_type : device_name = speaker
01-01 03:32:15.203  4161  4161 D audio_hw_primary: enable_snd_device: snd_device(2: speaker)
01-01 03:32:15.211  4161  4161 W audio_hw_utils: audio_extn_utils_update_stream_app_type_cfg: App type could not be selected. Falling back to default
01-01 03:32:15.211  4161  4161 I audio_hw_primary: select_devices Selected apptype: 69936
01-01 03:32:15.211  4161  4161 E ACDB-LOADER: ACDB -> Not correctly initialized!
01-01 03:32:15.211  4161  4161 E audio_hw_utils: Device not ready, skip app type update
01-01 03:32:15.211  4161  4161 D audio_hw_primary: enable_audio_route: apply mixer and update path: low-latency-playback
01-01 03:32:15.213  4161  4161 D audio_hw_primary: select_devices: done
01-01 03:32:15.222  4161  4161 D audio_hw_primary: disable_audio_route: reset and update mixer path: low-latency-playback
01-01 03:32:15.223  4161  4161 D hardware_info: hw_info_append_hw_type : device_name = speaker
01-01 03:32:15.223  4161  4161 D audio_hw_primary: disable_snd_device: snd_device(2: speaker)
01-01 03:32:15.232  4161  4161 D audio_hw_primary: select_devices: out_snd_device(0: ) in_snd_device(34: handset-mic)
01-01 03:32:15.232  4161  4161 D hardware_info: hw_info_append_hw_type : device_name = handset-mic
01-01 03:32:15.232  4161  4161 D audio_hw_primary: enable_snd_device: snd_device(34: handset-mic)
01-01 03:32:15.238  4161  4161 E ACDB-LOADER: ACDB -> Not correctly initialized!
01-01 03:32:15.238  4161  4161 D audio_hw_primary: enable_audio_route: apply mixer and update path: audio-record
01-01 03:32:15.239  4161  4161 D audio_hw_primary: select_devices: done
01-01 03:32:15.248  4161  4161 D audio_hw_primary: disable_audio_route: reset and update mixer path: audio-record
01-01 03:32:15.250  4161  4161 D hardware_info: hw_info_append_hw_type : device_name = handset-mic
01-01 03:32:15.250  4161  4161 D audio_hw_primary: disable_snd_device: snd_device(34: handset-mic)
01-01 03:32:15.260  4161  4161 D audio_hw_primary: select_devices: out_snd_device(0: ) in_snd_device(34: handset-mic)
01-01 03:32:15.260  4161  4161 D hardware_info: hw_info_append_hw_type : device_name = handset-mic
01-01 03:32:15.260  4161  4161 D audio_hw_primary: enable_snd_device: snd_device(34: handset-mic)
01-01 03:32:15.261   325   325 E USB_UICC: Timeout! No signal received. Reach maximum retries!
01-01 03:32:15.261   325   325 E USB_UICC: usb_uicc_init_qmi failed ! 
01-01 03:32:15.261   325   325 I USB_UICC: usb_uicc_cleanup, signal received: 0x3 
01-01 03:32:15.261   325   325 I USB_UICC: usb_uicc_cleanup, Issuing QMI deinit ... 
01-01 03:32:15.284  4161  4161 E ACDB-LOADER: ACDB -> Not correctly initialized!
01-01 03:32:15.284  4161  4161 D audio_hw_primary: enable_audio_route: apply mixer and update path: low-latency-record
01-01 03:32:15.285  4161  4161 D audio_hw_primary: select_devices: done
01-01 03:32:15.290  4161  4161 D audio_hw_primary: disable_audio_route: reset and update mixer path: low-latency-record
01-01 03:32:15.290  4161  4161 D hardware_info: hw_info_append_hw_type : device_name = handset-mic
01-01 03:32:15.291  4161  4161 D audio_hw_primary: disable_snd_device: snd_device(34: handset-mic)
01-01 03:32:15.299  4161  4161 I AudioFlinger: loadHwModule() Loaded primary audio interface from QCOM Audio HAL (audio) handle 1
01-01 03:32:15.299  4161  4161 I AudioFlinger: openOutput(), module 1 Device 2, SamplingRate 48000, Format 0x000001, Channels 3, flags 2
01-01 03:32:15.299  4161  4161 D audio_hw_primary: adev_open_output_stream: enter: sample_rate(48000) channel_mask(0x3) devices(0x2) flags(0x2)        stream_handle(0xab801938)
01-01 03:32:15.299  4161  4161 W audio_hw_utils: audio_extn_utils_update_stream_app_type_cfg: App type could not be selected. Falling back to default
01-01 03:32:15.299  4161  4161 D audio_hw_primary: adev_open_output_stream: Stream (0xab801938) picks up usecase (low-latency-playback)
01-01 03:32:15.299  4161  4161 I AudioFlinger: AudioStreamOut::open(), mHalFormatIsLinearPcm = 1
01-01 03:32:15.306  4161  4161 I AudioFlinger: HAL output buffer size 240 frames, normal sink buffer size 960 frames
01-01 03:32:15.314  4161  4161 W EffectsFactory: loadLibrary() failed to open /system/vendor/lib/soundfx/libswdap.so
01-01 03:32:15.315  4161  4161 W EffectsFactory: loadEffect() could not get library ds
01-01 03:32:15.315  4161  4161 I BufferProvider: found effect "Multichannel Downmix To Stereo" from The Android Open Source Project
01-01 03:32:15.333  4161  4161 E MonoPipe: Failed to fetch local time frequency when constructing a MonoPipe (res = -32).  getNextWriteTimestamp calls will be non-functional
01-01 03:32:15.334  4161  4161 I AudioFlinger: Using module 1 has the primary audio interface
01-01 03:32:15.343  4161  4359 I AudioFlinger: AudioFlinger's thread 0xf3cac008 ready to run
01-01 03:32:15.343  4161  4359 D audio_hw_primary: out_set_parameters: enter: usecase(1: low-latency-playback) kvpairs: routing=2
01-01 03:32:15.343  4161  4359 D audio_hw_primary: out_standby: enter: stream (0xab801938) usecase(1: low-latency-playback)
01-01 03:32:15.344  4161  4161 I AudioFlinger: openOutput(), module 1 Device 2, SamplingRate 48000, Format 0x000001, Channels 3, flags 4
01-01 03:32:15.345  4161  4161 D audio_hw_primary: adev_open_output_stream: enter: sample_rate(48000) channel_mask(0x3) devices(0x2) flags(0x4)        stream_handle(0xab823f38)
01-01 03:32:15.345  4161  4161 W audio_hw_utils: audio_extn_utils_update_stream_app_type_cfg: App type could not be selected. Falling back to default
01-01 03:32:15.345  4161  4161 E audio_hw_primary: adev_open_output_stream: Primary output is already opened
01-01 03:32:15.345  4161  4161 D audio_hw_primary: adev_open_output_stream: exit: ret -17
01-01 03:32:15.345  4161  4161 I AudioHwDevice: openOutputStream(), HAL returned sampleRate 48000, Format 0x1, channelMask 0x3, status -17
01-01 03:32:15.345  4161  4161 W APM::AudioPolicyManager: Cannot open output stream for device 00000002 on hw module primary
01-01 03:32:15.345  4161  4161 D audio_hw_primary: adev_open_input_stream: enter: sample_rate(48000) channel_mask(0xc) devices(0x80000004)        stream_handle(0xab82a308) io_handle(5)
01-01 03:32:15.345  4161  4161 E audio_hw_extn: audio_extn_perf_lock_init: Perf lock handles Success 
01-01 03:32:15.346  4161  4359 E AudioFlinger: no wake lock to update!
01-01 03:32:15.346  4161  4360 I AudioFlinger: AudioFlinger's thread 0xf39f1008 ready to run
01-01 03:32:15.346  4161  4161 D audio_hw_primary: adev_close_input_stream: enter:stream_handle(0xab82a308)
01-01 03:32:15.346  4161  4161 D audio_hw_primary: in_standby: enter: stream (0xab82a308) usecase(7: audio-record)
01-01 03:32:15.348  4161  4161 I bt_a2dp_hw: adev_open:  adev_open in A2dp_hw module
01-01 03:32:15.348  4161  4161 I AudioFlinger: loadHwModule() Loaded a2dp audio interface from A2DP Audio HW HAL (audio) handle 6
01-01 03:32:15.350  4161  4161 I AudioFlinger: loadHwModule() Loaded usb audio interface from USB audio HW HAL (audio) handle 7
01-01 03:32:15.352  4161  4161 I r_submix: adev_open(name=audio_hw_if)
01-01 03:32:15.352  4161  4161 I r_submix: adev_init_check()
01-01 03:32:15.352  4161  4161 I AudioFlinger: loadHwModule() Loaded r_submix audio interface from Wifi Display audio HAL (audio) handle 8
01-01 03:32:15.353  4161  4161 D r_submix: adev_open_input_stream(addr=0)
01-01 03:32:15.353  4161  4161 D r_submix: submix_audio_device_create_pipe_l(addr=0, idx=9)
01-01 03:32:15.353  4161  4161 D r_submix:   now using address 0 for route 9
01-01 03:32:15.357  4161  4361 I AudioFlinger: AudioFlinger's thread 0xf39bc008 ready to run
01-01 03:32:15.357  4161  4161 D r_submix: adev_close_input_stream()
01-01 03:32:15.357  4161  4161 D r_submix: submix_audio_device_release_pipe_l(idx=9) addr=0
01-01 03:32:15.357  4161  4161 D r_submix: submix_audio_device_destroy_pipe_l(): pipe destroyed
01-01 03:32:15.362  4161  4161 D sound_trigger_hw: stdev_open: Enter
01-01 03:32:15.362  4161  4161 I sound_trigger_platform: platform_stdev_init: Enter
01-01 03:32:15.663  4161  4161 E audio_route: Control 'LSM1 MUX' doesn't exist - skipping
01-01 03:32:15.663  4161  4161 E audio_route: Control 'LSM2 MUX' doesn't exist - skipping
01-01 03:32:15.663  4161  4161 E audio_route: Control 'LSM3 MUX' doesn't exist - skipping
01-01 03:32:15.664  4161  4161 E audio_route: Control 'LSM4 MUX' doesn't exist - skipping
01-01 03:32:15.664  4161  4161 E audio_route: Control 'LSM5 MUX' doesn't exist - skipping
01-01 03:32:15.664  4161  4161 E audio_route: Control 'LSM6 MUX' doesn't exist - skipping
01-01 03:32:15.664  4161  4161 E audio_route: Control 'LSM7 MUX' doesn't exist - skipping
01-01 03:32:15.664  4161  4161 E audio_route: Control 'LSM8 MUX' doesn't exist - skipping
01-01 03:32:15.664  4161  4161 E audio_route: Control 'LSM1 MUX' doesn't exist - skipping
01-01 03:32:15.664  4161  4161 E audio_route: Control 'LSM2 MUX' doesn't exist - skipping
01-01 03:32:15.664  4161  4161 E audio_route: Control 'LSM3 MUX' doesn't exist - skipping
01-01 03:32:15.664  4161  4161 E audio_route: Control 'LSM4 MUX' doesn't exist - skipping
01-01 03:32:15.664  4161  4161 E audio_route: Control 'LSM5 MUX' doesn't exist - skipping
01-01 03:32:15.664  4161  4161 E audio_route: Control 'LSM6 MUX' doesn't exist - skipping
01-01 03:32:15.665  4161  4161 E audio_route: Control 'LSM7 MUX' doesn't exist - skipping
01-01 03:32:15.665  4161  4161 E audio_route: Control 'LSM8 MUX' doesn't exist - skipping
01-01 03:32:15.666  4161  4161 I sound_trigger_platform: platform_stdev_init: acdb_init: msm8939-snd-card-mtp
01-01 03:32:15.677  4161  4161 D ACDB-LOADER: ACDB -> Load file: /etc/acdbdata/MTP/MTP_Bluetooth_cal.acdb
01-01 03:32:15.678  4161  4161 D ACDB-LOADER: ACDB -> Load file: /etc/acdbdata/MTP/MTP_General_cal.acdb
01-01 03:32:15.678  4161  4161 D ACDB-LOADER: ACDB -> Load file: /etc/acdbdata/MTP/MTP_Global_cal.acdb
01-01 03:32:15.678  4161  4161 D ACDB-LOADER: ACDB -> Load file: /etc/acdbdata/MTP/MTP_Handset_cal.acdb
01-01 03:32:15.678  4161  4161 D ACDB-LOADER: ACDB -> Load file: /etc/acdbdata/MTP/MTP_Hdmi_cal.acdb
01-01 03:32:15.678  4161  4161 D ACDB-LOADER: ACDB -> Load file: /etc/acdbdata/MTP/MTP_Headset_cal.acdb
01-01 03:32:15.678  4161  4161 D ACDB-LOADER: ACDB -> Load file: /etc/acdbdata/MTP/MTP_Speaker_cal.acdb
01-01 03:32:15.678  4161  4161 D ACDB-LOADER: ACDB -> ACDB_CMD_INITIALIZE_V2
01-01 03:32:15.678  4161  4161 D         : [ACDB Command]->SW Minor/Major/Revision version info for /etc/acdbdata/MTP/MTP_Bluetooth_cal.acdb
01-01 03:32:15.678  4161  4161 D         : [ACDB Command]->ACDB Sw Major = 5, ACDB Sw Minor = 0, ACDB Sw Revision = 4
01-01 03:32:15.678  4161  4161 D         : [ACDB Command]->ACDB File Major = 4, ACDB File Minor = 2, ACDB File Revision = 0
01-01 03:32:15.678  4161  4161 D         : [ACDB Command]->SW Minor/Major/Revision version info for /etc/acdbdata/MTP/MTP_General_cal.acdb
01-01 03:32:15.678  4161  4161 D         : [ACDB Command]->ACDB Sw Major = 5, ACDB Sw Minor = 0, ACDB Sw Revision = 4
01-01 03:32:15.678  4161  4161 D         : [ACDB Command]->ACDB File Major = 4, ACDB File Minor = 2, ACDB File Revision = 0
01-01 03:32:15.678  4161  4161 D         : [ACDB Command]->SW Minor/Major/Revision version info for /etc/acdbdata/MTP/MTP_Global_cal.acdb
01-01 03:32:15.678  4161  4161 D         : [ACDB Command]->ACDB Sw Major = 5, ACDB Sw Minor = 0, ACDB Sw Revision = 4
01-01 03:32:15.678  4161  4161 D         : [ACDB Command]->ACDB File Major = 4, ACDB File Minor = 2, ACDB File Revision = 0
01-01 03:32:15.679  4161  4161 D         : [ACDB Command]->SW Minor/Major/Revision version info for /etc/acdbdata/MTP/MTP_Handset_cal.acdb
01-01 03:32:15.679  4161  4161 D         : [ACDB Command]->ACDB Sw Major = 5, ACDB Sw Minor = 0, ACDB Sw Revision = 4
01-01 03:32:15.679  4161  4161 D         : [ACDB Command]->ACDB File Major = 4, ACDB File Minor = 2, ACDB File Revision = 0
01-01 03:32:15.679  4161  4161 D         : [ACDB Command]->SW Minor/Major/Revision version info for /etc/acdbdata/MTP/MTP_Hdmi_cal.acdb
01-01 03:32:15.679  4161  4161 D         : [ACDB Command]->ACDB Sw Major = 5, ACDB Sw Minor = 0, ACDB Sw Revision = 4
01-01 03:32:15.679  4161  4161 D         : [ACDB Command]->ACDB File Major = 4, ACDB File Minor = 2, ACDB File Revision = 0
01-01 03:32:15.679  4161  4161 D         : [ACDB Command]->SW Minor/Major/Revision version info for /etc/acdbdata/MTP/MTP_Headset_cal.acdb
01-01 03:32:15.679  4161  4161 D         : [ACDB Command]->ACDB Sw Major = 5, ACDB Sw Minor = 0, ACDB Sw Revision = 4
01-01 03:32:15.679  4161  4161 D         : [ACDB Command]->ACDB File Major = 4, ACDB File Minor = 2, ACDB File Revision = 0
01-01 03:32:15.680  4161  4161 D         : [ACDB Command]->SW Minor/Major/Revision version info for /etc/acdbdata/MTP/MTP_Speaker_cal.acdb
01-01 03:32:15.680  4161  4161 D         : [ACDB Command]->ACDB Sw Major = 5, ACDB Sw Minor = 0, ACDB Sw Revision = 4
01-01 03:32:15.680  4161  4161 D         : [ACDB Command]->ACDB File Major = 4, ACDB File Minor = 2, ACDB File Revision = 0
01-01 03:32:15.680  4161  4161 D         : ACDBFILE_MGR: Duplicate Acdb file set request, so skipping the set request
01-01 03:32:15.680  4161  4161 D         : ACDBFILE_MGR: Duplicate Acdb file set request, so skipping the set request
01-01 03:32:15.680  4161  4161 D         : ACDBFILE_MGR: Duplicate Acdb file set request, so skipping the set request
01-01 03:32:15.680  4161  4161 D         : ACDBFILE_MGR: Duplicate Acdb file set request, so skipping the set request
01-01 03:32:15.680  4161  4161 D         : ACDBFILE_MGR: Duplicate Acdb file set request, so skipping the set request
01-01 03:32:15.680  4161  4161 D         : ACDBFILE_MGR: Duplicate Acdb file set request, so skipping the set request
01-01 03:32:15.680  4161  4161 D ACDB-LOADER: ACDB -> ACPH INIT
01-01 03:32:15.680  4161  4161 D ACDB-LOADER: ACDB -> RTAC INIT
01-01 03:32:15.680  4161  4161 D         : [ACPH]->Requested service already registered - 2
01-01 03:32:15.680  4161  4161 E         : ACDB RTAC -> acph register failed error = -1
01-01 03:32:15.680  4161  4161 D ACDB-LOADER: ACDB -> MCS, FTS INIT
01-01 03:32:15.680  4161  4161 D         : [ACPH]->Requested service already registered - 5
01-01 03:32:15.680  4161  4161 E ACDB-MCS: ACDB MSC -> acph register failed error = -1
01-01 03:32:15.680  4161  4161 D         : [ACPH]->Requested service already registered - 4
01-01 03:32:15.680  4161  4161 E ACDB-FTS: acdb_fts_init: acph register failed error = -1
01-01 03:32:15.680  4161  4161 D ACDB-LOADER: ACDB -> ADIE RTAC INIT
01-01 03:32:15.680  4161  4161 D         : [ACPH]->Requested service already registered - 3
01-01 03:32:15.680  4161  4161 E         : ACDB RTAC -> acph register failed error = -1
01-01 03:32:15.680  4161  4161 D ACDB-LOADER: ACDB -> send_meta_info, lic 0
01-01 03:32:15.680  4161  4161 D         : Couldnt find the key 00000000 
01-01 03:32:15.680  4161  4161 D         : Output from GetMetaInfoSize command : 0
01-01 03:32:15.681  4161  4161 E ACDB-LOADER: ACDB -> create_cal_node: New Node!
01-01 03:32:15.681  4161  4161 F libc    : Fatal signal 11 (SIGSEGV), code 1, fault addr 0xab006f67 in tid 4161 (mediaserver)
01-01 03:32:15.681   311   311 I DEBUG   : property debug.db.uid not set; NOT waiting for gdb.
01-01 03:32:15.681   311   311 I DEBUG   : HINT: adb shell setprop debug.db.uid 100000
01-01 03:32:15.681   311   311 I DEBUG   : HINT: adb forward tcp:5039 tcp:5039
01-01 03:32:15.782   311   311 F DEBUG   : *** *** *** *** *** *** *** *** *** *** *** *** *** *** *** ***
01-01 03:32:15.783   311   311 F DEBUG   : LineageOS Version: '13.0-20170615-UNOFFICIAL-nx512j'
01-01 03:32:15.783   311   311 F DEBUG   : Build fingerprint: 'nubia/NX512J/NX512J:5.1.1/LMY47V/eng.nubia.20160217.193825:user/release-keys'
01-01 03:32:15.783   311   311 F DEBUG   : Revision: '0'
01-01 03:32:15.783   311   311 F DEBUG   : ABI: 'arm'
01-01 03:32:15.783   311   311 F DEBUG   : pid: 4161, tid: 4161, name: mediaserver  >>> /system/bin/mediaserver <<<
01-01 03:32:15.783   311   311 F DEBUG   : signal 11 (SIGSEGV), code 1 (SEGV_MAPERR), fault addr 0xab006f67
01-01 03:32:15.791   311   311 F DEBUG   :     r0 00000030  r1 00000000  r2 0abb7caf  r3 00000003
01-01 03:32:15.791   311   311 F DEBUG   :     r4 ab006f63  r5 00000000  r6 f3fa2938  r7 f3fa2bd8
01-01 03:32:15.791   311   311 F DEBUG   :     r8 f3fa2aa8  r9 ab85a470  sl f3fa7474  fp 00000000
01-01 03:32:15.791   311   311 F DEBUG   :     ip ff809188  sp ff809630  lr f3f9db1b  pc f3f9db1a  cpsr 600f0030
01-01 03:32:15.792   311   311 F DEBUG   : 
01-01 03:32:15.792   311   311 F DEBUG   : backtrace:
01-01 03:32:15.793   311   311 F DEBUG   :     #00 pc 00001b1a  /system/vendor/lib/libacdbloader.so
01-01 03:32:15.793   311   311 F DEBUG   :     #01 pc 000035af  /system/vendor/lib/libacdbloader.so (acdb_loader_init_v2+586)
01-01 03:32:15.793   311   311 F DEBUG   :     #02 pc 00004749  /system/vendor/lib/hw/sound_trigger.primary.msm8916.so (platform_stdev_init+488)
01-01 03:32:15.793   311   311 F DEBUG   :     #03 pc 00002b77  /system/vendor/lib/hw/sound_trigger.primary.msm8916.so
01-01 03:32:15.793   311   311 F DEBUG   :     #04 pc 00008465  /system/lib/libsoundtriggerservice.so (_ZN7android21SoundTriggerHwService10onFirstRefEv+76)
01-01 03:32:15.793   311   311 F DEBUG   :     #05 pc 0000228f  /system/bin/mediaserver
01-01 03:32:15.793   311   311 F DEBUG   :     #06 pc 00001a03  /system/bin/mediaserver
01-01 03:32:15.793   311   311 F DEBUG   :     #07 pc 000157d5  /system/lib/libc.so (__libc_init+52)
01-01 03:32:15.793   311   311 F DEBUG   :     #08 pc 00001840  /system/bin/mediaserver
01-01 03:32:16.449   311   311 F DEBUG   : 
01-01 03:32:16.449   311   311 F DEBUG   : Tombstone written to: /data/tombstones/tombstone_03
01-01 03:32:16.457   280   280 I ServiceManager: service 'media.resource_manager' died
01-01 03:32:16.457   280   280 I ServiceManager: service 'media.audio_flinger' died
01-01 03:32:16.457   280   280 I ServiceManager: service 'media.player' died
01-01 03:32:16.457   280   280 I ServiceManager: service 'media.camera' died
01-01 03:32:16.457   280   280 I ServiceManager: service 'media.audio_policy' died
01-01 03:32:17.361  4371  4371 V MediaUtils: physMem: 1982734336
01-01 03:32:17.361  4371  4371 V MediaUtils: requested limit: 1288777295
01-01 03:32:17.362  4371  4371 V MediaUtils: actual limit: 1288777295
01-01 03:32:17.362  4371  4371 V MediaUtils: original limits: 4294967295/4294967295
01-01 03:32:17.362  4371  4371 V MediaUtils: new limits: 1288777295/4294967295
01-01 03:32:17.370  4371  4371 I mediaserver: ServiceManager: 0xaad26be0
01-01 03:32:17.370  4371  4371 I AudioFlinger: Using default 3000 mSec as standby time.
01-01 03:32:17.374  4371  4371 E BatteryNotifier: batterystats service unavailable!
01-01 03:32:17.374  4371  4371 E BatteryNotifier: batterystats service unavailable!
01-01 03:32:17.378  4371  4371 I CameraService: CameraService started (pid=4371)
01-01 03:32:17.378  4371  4371 I CameraService: CameraService process starting
01-01 03:32:17.378  4371  4371 E BatteryNotifier: batterystats service unavailable!
01-01 03:32:17.378  4371  4371 E BatteryNotifier: batterystats service unavailable!
01-01 03:32:17.523  4371  4371 D mm-camera-intf: get_num_of_cameras gMmCameraIntfLogLevel=1
01-01 03:32:17.524  4371  4371 E mm-camera-intf: entity id 1
01-01 03:32:17.524  4371  4371 E mm-camera-intf: entity name video0 type 65537 group id 2
01-01 03:32:17.524  4371  4371 E mm-camera-intf: entity id 2
01-01 03:32:17.524  4371  4371 E mm-camera-intf: entity name msm_cci type 131072 group id 0
01-01 03:32:17.524  4371  4371 E mm-camera-intf: entity id 3
01-01 03:32:17.524  4371  4371 E mm-camera-intf: entity name v4l-subdev0 type 131072 group id 0
01-01 03:32:17.524  4371  4371 E mm-camera-intf: entity id 4
01-01 03:32:17.524  4371  4371 E mm-camera-intf: entity name v4l-subdev1 type 131072 group id 0
01-01 03:32:17.524  4371  4371 E mm-camera-intf: entity id 5
01-01 03:32:17.524  4371  4371 E mm-camera-intf: entity name v4l-subdev2 type 131072 group id 1
01-01 03:32:17.524  4371  4371 E mm-camera-intf: entity id 6
01-01 03:32:17.524  4371  4371 E mm-camera-intf: entity name v4l-subdev3 type 131072 group id 1
01-01 03:32:17.524  4371  4371 E mm-camera-intf: entity id 7
01-01 03:32:17.524  4371  4371 E mm-camera-intf: entity name v4l-subdev4 type 131072 group id 1
01-01 03:32:17.524  4371  4371 E mm-camera-intf: entity id 8
01-01 03:32:17.524  4371  4371 E mm-camera-intf: entity name v4l-subdev5 type 131072 group id 7
01-01 03:32:17.524  4371  4371 E mm-camera-intf: entity id 9
01-01 03:32:17.524  4371  4371 E mm-camera-intf: entity name v4l-subdev6 type 131072 group id 11
01-01 03:32:17.524  4371  4371 E mm-camera-intf: entity id 10
01-01 03:32:17.524  4371  4371 E mm-camera-intf: entity name v4l-subdev7 type 131072 group id 8
01-01 03:32:17.524  4371  4371 E mm-camera-intf: entity id 11
01-01 03:32:17.524  4371  4371 E mm-camera-intf: entity name v4l-subdev8 type 131072 group id 8
01-01 03:32:17.524  4371  4371 E mm-camera-intf: entity id 12
01-01 03:32:17.524  4371  4371 E mm-camera-intf: entity name v4l-subdev9 type 131072 group id 14
01-01 03:32:17.525  4371  4371 E mm-camera-intf: entity id 1
01-01 03:32:17.525  4371  4371 E mm-camera-intf: entity name video1 type 65537 group id 2
01-01 03:32:17.525  4371  4371 E mm-camera-intf: entity id 2
01-01 03:32:17.525  4371  4371 E mm-camera-intf: Done enumerating media entities
01-01 03:32:17.525  4371  4371 E mm-camera-intf: entity id 1
01-01 03:32:17.525  4371  4371 E mm-camera-intf: entity name video2 type 65537 group id 2
01-01 03:32:17.525  4371  4371 E mm-camera-intf: entity id 2
01-01 03:32:17.525  4371  4371 E mm-camera-intf: Done enumerating media entities
01-01 03:32:17.525  4371  4371 D mm-camera-intf: index = 0 flag = 1 mount_angle = 90 facing = 0
01-01 03:32:17.525  4371  4371 D mm-camera-intf: index = 1 flag = 103 mount_angle = 270 facing = 1
01-01 03:32:17.525  4371  4371 I CameraService: Loaded "Z9 Max Camera Wrapper" camera module
01-01 03:32:17.525  4371  4371 I CameraFlashlight: Opening camera 0
01-01 03:32:17.525  4371  4371 I QCamera2HWI: static void qcamera::QCamera2HardwareInterface::getLogLevel() gCamHalLogLevel=1
01-01 03:32:17.527  4371  4371 E QCOM PowerHAL: Unable to open prefetcher: dlopen failed: library "libqti-iop-client.so" not found
01-01 03:32:17.527  4371  4371 E QCOM PowerHAL: Failed to get prefetcher handle.
01-01 03:32:17.527  4371  4371 D QCamera2HWI: [KPI Perf] int qcamera::QCamera2HardwareInterface::openCamera(hw_device_t**): E PROFILE_OPEN_CAMERA camera id 0
01-01 03:32:17.527  4371  4371 E mm-camera-intf: mm_camera_open: dev name = /dev/video1, cam_idx = 1
01-01 03:32:17.528  4371  4373 D QCamera2HWI: static void* qcamera::QCamera2HardwareInterface::defferedWorkRoutine(void*): start data proc
01-01 03:32:17.529  4371  4372 D QCameraStateMachine: static void* qcamera::QCameraStateMachine::smEvtProcRoutine(void*): E
01-01 03:32:17.562   353  4374 D mm-camera: mct_pipeline_start_session_thread thread_id is -1
01-01 03:32:17.564   353  4375 D mm-camera: mct_pipeline_start_session_thread thread_id is -1
01-01 03:32:17.610   353  4374 E mm-camera-sensor: eeprom_load_library:718 e_ctrl->eeprom_lib.func_tbl =0xf61dc290
01-01 03:32:17.610   353  4374 E mm-camera-sensor: imx234_bu64297gwz_get_af_calibration:201 af_checksum_valid=1
01-01 03:32:17.610   353  4374 E mm-camera-sensor: imx234_bu64297gwz_get_af_calibration:210 csh macro_dac=755, infinity_dac=460 start=0
01-01 03:32:17.610   353  4374 E mm-camera-sensor: imx234_bu64297gwz_get_wbc_calibration:230 hljing, Module_ID: 0x1, PD: 2015-4-21
01-01 03:32:17.610   353  4374 E mm-camera-sensor: imx234_bu64297gwz_get_wbc_calibration:239 awb_checksum_valid=1
01-01 03:32:17.610   353  4374 E mm-camera-sensor: imx234_bu64297gwz_get_wbc_calibration:251 csh i=0, r_over_g=0.559140, b_over_g=0.598240, gr_over_gb=0.998045
01-01 03:32:17.610   353  4374 E mm-camera-sensor: imx234_bu64297gwz_get_wbc_calibration:251 csh i=1, r_over_g=0.559140, b_over_g=0.598240, gr_over_gb=0.998045
01-01 03:32:17.610   353  4374 E mm-camera-sensor: imx234_bu64297gwz_get_wbc_calibration:251 csh i=2, r_over_g=0.559140, b_over_g=0.598240, gr_over_gb=0.998045
01-01 03:32:17.610   353  4374 E mm-camera-sensor: imx234_bu64297gwz_get_wbc_calibration:251 csh i=3, r_over_g=0.559140, b_over_g=0.598240, gr_over_gb=0.998045
01-01 03:32:17.610   353  4374 E mm-camera-sensor: imx234_bu64297gwz_get_wbc_calibration:251 csh i=4, r_over_g=0.559140, b_over_g=0.598240, gr_over_gb=0.998045
01-01 03:32:17.610   353  4374 E mm-camera-sensor: imx234_bu64297gwz_get_wbc_calibration:251 csh i=5, r_over_g=0.559140, b_over_g=0.598240, gr_over_gb=0.998045
01-01 03:32:17.610   353  4374 E mm-camera-sensor: imx234_bu64297gwz_get_wbc_calibration:251 csh i=6, r_over_g=0.559140, b_over_g=0.598240, gr_over_gb=0.998045
01-01 03:32:17.610   353  4374 E mm-camera-sensor: imx234_bu64297gwz_get_wbc_calibration:251 csh i=7, r_over_g=0.559140, b_over_g=0.598240, gr_over_gb=0.998045
01-01 03:32:17.610   353  4374 E mm-camera-sensor: imx234_bu64297gwz_get_wbc_calibration:251 csh i=8, r_over_g=0.559140, b_over_g=0.598240, gr_over_gb=0.998045
01-01 03:32:17.610   353  4374 E mm-camera-sensor: imx234_bu64297gwz_get_wbc_calibration:251 csh i=9, r_over_g=0.559140, b_over_g=0.598240, gr_over_gb=0.998045
01-01 03:32:17.610   353  4374 E mm-camera-sensor: imx234_bu64297gwz_get_wbc_calibration:251 csh i=10, r_over_g=0.559140, b_over_g=0.598240, gr_over_gb=0.998045
01-01 03:32:17.610   353  4374 E mm-camera-sensor: imx234_bu64297gwz_get_wbc_calibration:251 csh i=11, r_over_g=0.559140, b_over_g=0.598240, gr_over_gb=0.998045
01-01 03:32:17.610   353  4374 E mm-camera-sensor: sum=145404
01-01 03:32:17.610   353  4374 E mm-camera-sensor: sum=54
01-01 03:32:17.610   353  4374 E mm-camera-sensor: buf[0x21]=54
01-01 03:32:17.610   353  4374 E mm-camera-sensor: imx234_bu64297gwz_get_lsc_calibration:291 lsc_checksum_valid=1
01-01 03:32:17.612   353  4376 D mm-camera: mct_pipeline_start_session_thread thread_id is -1
01-01 03:32:17.614   353  4376 E mm-camera: isp_tintless_get_version: lib returned version 3.61 err=0
01-01 03:32:17.614   353  4377 D mm-camera: mct_pipeline_start_session_thread thread_id is -1
01-01 03:32:17.631   353  4380 D mm-camera: mct_pipeline_start_session_thread thread_id is -1
01-01 03:32:17.631   353  4380 D mm-camera: cpp_module_start_session:423, info: starting session 1
01-01 03:32:17.632   353  4381 D mm-camera: mct_pipeline_start_session_thread thread_id is -1
01-01 03:32:17.632   353  4381 E mm-camera-img: module_imglib_start_session:1446 ###Img_Loglevel 0
01-01 03:32:17.715   353  4380 D mm-camera: cpp_module_start_session:485, info: session 1 started.
01-01 03:32:17.715   353  4380 D mm-camera: c2d_module_start_session:345, info: starting session 1
01-01 03:32:17.716   353  4385 D mm-camera: cpp_thread_func:63: cpp_thread entering the polling loop...thread_id is -1
01-01 03:32:17.729   353  4380 D mm-camera: c2d_module_start_session:419, info: session 1 started.
01-01 03:32:17.730   353  4374 E mm-camera-sensor: sensor_write_init_settings:293 fuyipeng --- wirte t4k35 otp setting
01-01 03:32:17.730   353  4374 E mm-camera-sensor: sensor_write_init_settings:295 Write T4K35 Otp failed
01-01 03:32:17.730   353  4374 E mm-camera-sensor: actuator_load_lib:374 name=rohm_bu64297gwz, mode=camera
01-01 03:32:17.731   353  4374 E mm-camera-sensor: actuator_load_lib:374 name=rohm_bu64297gwz, mode=camcorder
01-01 03:32:17.731   353  4374 E mm-camera-sensor: af_actuator_set_name:31 failed rc -1
01-01 03:32:17.731   353  4374 E mm-camera-sensor: eeprom_do_af_calibration:643 turn on Cal af(1)
01-01 03:32:17.731   353  4374 E mm-camera-sensor: eeprom_autofocus_calibration:102 hljing module_name =SUNNY-IMX234,actuator_name = ROHM_BU64297GWZ, total_steps = 550, adjust_ration =0.940000
01-01 03:32:17.731   353  4374 E mm-camera-sensor: eeprom_autofocus_calibration:127 hljing initial_code = 380, total_steps = 517
01-01 03:32:17.732   353  4386 D mm-camera: c2d_thread_func:45: c2d_thread entering the polling loop... thread_id is -1
01-01 03:32:17.740   353   353 E mm-camera: Tuning lib open failed: dlopen failed: library "libmmcamera_tuning.so" not found
01-01 03:32:17.748   353  4388 D mm-camera: mct_controller_thread_run thread_id is -1
01-01 03:32:17.749  4371  4371 E mm-camera-intf: mm_camera_open:  opened, break out while loop
01-01 03:32:17.762  4371  4371 D QCameraHWI_Mem: void qcamera::QCameraMemory::traceLogAllocStart(size_t, int, const char*) : alloc E count=1 size=7136
01-01 03:32:17.762  4371  4371 D QCameraHWI_Mem: void qcamera::QCameraMemory::traceLogAllocStart(size_t, int, const char*) : alloc E count=1 size=7136
01-01 03:32:17.762  4371  4371 D QCameraHWI_Mem: int qcamera::QCameraMemory::alloc(int, size_t, unsigned int) : No memory pool available and So allocate new buffer
01-01 03:32:17.762  4371  4371 D QCameraHWI_Mem: static int qcamera::QCameraMemory::allocOneBuffer(qcamera::QCameraMemory::QCameraMemInfo&, unsigned int, size_t, bool) : ION buffer 1 with size 8192 allocated
01-01 03:32:17.762  4371  4371 D QCameraHWI_Mem:  void qcamera::QCameraMemory::traceLogAllocEnd(size_t) : X
01-01 03:32:17.762  4371  4371 D QCameraHWI_Mem:  void qcamera::QCameraMemory::traceLogAllocEnd(size_t) : X
01-01 03:32:17.763   353  4388 D mm-camera: mct_pipeline_populate_query_cap_buffer: totalram = 1982734336, freeram = 1302192128 
01-01 03:32:17.763  4371  4371 D QCamera2HWI: int qcamera::QCamera2HardwareInterface::openCamera(): enable_4k2k is 0
01-01 03:32:17.763  4371  4371 D mm-jpeg-intf: jpeg_open gMmCameraJpegLogLevel=1
01-01 03:32:17.785  4371  4371 E qomx_image_core: OMX_Init:94] Complete 2
01-01 03:32:17.787  4371  4371 D QCameraHWI_Mem: void qcamera::QCameraMemory::traceLogAllocStart(size_t, int, const char*) : alloc E count=1 size=1048576
01-01 03:32:17.787  4371  4371 E QCameraHWI_Mem: void qcamera::QCameraMemory::traceLogAllocStart(size_t, int, const char*):HeapMemsize 1048576
01-01 03:32:17.787  4371  4371 D QCameraHWI_Mem: void qcamera::QCameraMemory::traceLogAllocStart(size_t, int, const char*) : alloc E count=1 size=1048576
01-01 03:32:17.787  4371  4371 E QCameraHWI_Mem: void qcamera::QCameraMemory::traceLogAllocStart(size_t, int, const char*):Memsize 1048576
01-01 03:32:17.787  4371  4371 D QCameraHWI_Mem: int qcamera::QCameraMemory::alloc(int, size_t, unsigned int) : No memory pool available and So allocate new buffer
01-01 03:32:17.788  4371  4371 D QCameraHWI_Mem: static int qcamera::QCameraMemory::allocOneBuffer(qcamera::QCameraMemory::QCameraMemInfo&, unsigned int, size_t, bool) : ION buffer 1 with size 1048576 allocated
01-01 03:32:17.788  4371  4371 D QCameraHWI_Mem:  void qcamera::QCameraMemory::traceLogAllocEnd(size_t) : X
01-01 03:32:17.788  4371  4371 E QCameraHWI_Mem: void qcamera::QCameraMemory::traceLogAllocEnd(size_t) 1048576
01-01 03:32:17.788  4371  4371 D QCameraHWI_Mem:  void qcamera::QCameraMemory::traceLogAllocEnd(size_t) : X
01-01 03:32:17.788  4371  4371 E QCameraHWI_Mem: void qcamera::QCameraMemory::traceLogAllocEnd(size_t) 1048576
01-01 03:32:17.796  4371  4371 D QCameraParameters: int32_t qcamera::QCameraParameters::initDefaultParameters(): supported preview sizes: 1920x1080,1440x1080,1280x960,1280x720,960x720,864x480,800x480,768x432,720x480,640x480,576x432,480x320,384x288,352x288,320x240,240x160,176x144,160x120,144x176
01-01 03:32:17.796  4371  4371 D QCameraParameters: int32_t qcamera::QCameraParameters::initDefaultParameters(): supported video sizes: 1920x1080,1280x720,864x480,800x480,720x480,640x480,480x320,352x288,320x240,176x144,160x120
01-01 03:32:17.796  4371  4371 D QCameraParameters: int32_t qcamera::QCameraParameters::initDefaultParameters(): supported pic sizes: 5312x2988,4128x2320,4000x3000,4096x2160,3264x2448,2592x1944,2592x1456,2048x1536,1920x1080,1600x1200,1280x960,1280x768,1280x720,1024x768,800x600,800x480,720x480,640x480,352x288,320x240
01-01 03:32:17.796  4371  4371 E QCameraParameters: int32_t qcamera::QCameraParameters::initDefaultParameters(): supported live snapshot sizes: 1920x1080,1600x1200,1280x960,1280x768,1280x720,1024x768,800x600,864x480,800x480,720x480,640x480,352x288,320x240,176x144,160x120
01-01 03:32:17.796  4371  4371 D QCameraParameters: int32_t qcamera::QCameraParameters::initDefaultParameters(): supported fps ranges: (7500,30000)
01-01 03:32:17.796  4371  4371 D QCameraParameters: int32_t qcamera::QCameraParameters::setPreviewFpsRange(int, int, int, int): Updated: minFps = 7500, maxFps = 30000 , vid minFps = 7500, vid maxFps = 30000
01-01 03:32:17.796  4371  4371 D QCamera2HWI: int qcamera::QCamera2HardwareInterface::calcThermalLevel(qcamera::qcamera_thermal_level_enum_t, int, int, cam_fps_range_t&, msm_vfe_frame_skip_pattern&): level: 0, preview minfps 7500.000000, preview maxfpS 30000.000000, video minfps 7500.000000, video maxfpS 30000.000000
01-01 03:32:17.796  4371  4371 D QCamera2HWI: int qcamera::QCamera2HardwareInterface::calcThermalLevel(qcamera::qcamera_thermal_level_enum_t, int, int, cam_fps_range_t&, msm_vfe_frame_skip_pattern&): Thermal level 0, FPS [7.50,30.00, 7.50,30.00], frameskip 0
01-01 03:32:17.796  4371  4371 D QCameraParameters: int32_t qcamera::QCameraParameters::setPreviewFpsRange(int, int, int, int): Thermal adjusted Preview fps range 7.50,30.00, 7.50, 30.00
01-01 03:32:17.796  4371  4371 D QCameraParameters: int32_t qcamera::QCameraParameters::initDefaultParameters(): supported fps rates: 8,9,10,11,12,13,14,15,16,17,18,19,20,21,22,23,24,25,26,27,28,29,30
01-01 03:32:17.796  4371  4371 D QCameraParameters: int32_t qcamera::QCameraParameters::setFocusMode(const char*): Setting focus mode auto
01-01 03:32:17.797  4371  4371 E QCameraParameters: [wb_cct]int32_t qcamera::QCameraParameters::setWhiteBalance(const char*): Setting WhiteBalance value auto
01-01 03:32:17.797  4371  4371 D QCameraParameters: int32_t qcamera::QCameraParameters::setFlash(const char*): Setting Flash value off
01-01 03:32:17.797  4371  4371 D QCameraParameters: int32_t qcamera::QCameraParameters::setSceneMode(const char*): Setting SceneMode auto
01-01 03:32:17.797  4371  4371 D QCameraParameters: int32_t qcamera::QCameraParameters::setISOValue(const char*): Setting ISO value auto
01-01 03:32:17.797  4371  4371 D QCameraParameters: int32_t qcamera::QCameraParameters::initDefaultParameters(), Exposure time min 0.000000 ms, max 0.000000 ms
