01-01 03:32:08.574   311   311 F DEBUG   :     #04 pc 00008465  /system/lib/libsoundtriggerservice.so (_ZN7android21SoundTriggerHwService10onFirstRefEv+76)
01-01 03:32:08.574   311   311 F DEBUG   :     #05 pc 0000228f  /system/bin/mediaserver
01-01 03:32:08.574   311   311 F DEBUG   :     #06 pc 00001a03  /system/bin/mediaserver
01-01 03:32:08.574   311   311 F DEBUG   :     #07 pc 000157d5  /system/lib/libc.so (__libc_init+52)
01-01 03:32:08.574   311   311 F DEBUG   :     #08 pc 00001840  /system/bin/mediaserver
01-01 03:32:08.719  1175  2229 W dex2oat : Method processed more than once: void android.net.Uri.<clinit>()
01-01 03:32:08.786   311   311 F DEBUG   : 
01-01 03:32:08.786   311   311 F DEBUG   : Tombstone written to: /data/tombstones/tombstone_02
01-01 03:32:08.792   280   280 I ServiceManager: service 'media.resource_manager' died
01-01 03:32:08.792   280   280 I ServiceManager: service 'media.audio_flinger' died
01-01 03:32:08.792   280   280 I ServiceManager: service 'media.player' died
01-01 03:32:08.792   280   280 I ServiceManager: service 'media.camera' died
01-01 03:32:08.792   280   280 I ServiceManager: service 'media.audio_policy' died
01-01 03:32:08.802  1154  1154 W dex2oat : Method processed more than once: void android.net.Uri.<clinit>()
01-01 03:32:09.119   325   325 E USB_UICC: Timeout! No signal received. Retry num = 24
01-01 03:32:09.246  4161  4161 V MediaUtils: physMem: 1982734336
01-01 03:32:09.246  4161  4161 V MediaUtils: requested limit: 1288777295
01-01 03:32:09.246  4161  4161 V MediaUtils: actual limit: 1288777295
01-01 03:32:09.246  4161  4161 V MediaUtils: original limits: 4294967295/4294967295
01-01 03:32:09.246  4161  4161 V MediaUtils: new limits: 1288777295/4294967295
01-01 03:32:09.246  4161  4161 I mediaserver: ServiceManager: 0xab7cebe0
01-01 03:32:09.246  4161  4161 I AudioFlinger: Using default 3000 mSec as standby time.
01-01 03:32:09.247  4161  4161 E BatteryNotifier: batterystats service unavailable!
01-01 03:32:09.247  4161  4161 E BatteryNotifier: batterystats service unavailable!
01-01 03:32:09.248  4161  4161 I CameraService: CameraService started (pid=4161)
01-01 03:32:09.248  4161  4161 I CameraService: CameraService process starting
01-01 03:32:09.248  4161  4161 E BatteryNotifier: batterystats service unavailable!
01-01 03:32:09.248  4161  4161 E BatteryNotifier: batterystats service unavailable!
01-01 03:32:09.351  4161  4161 D mm-camera-intf: get_num_of_cameras gMmCameraIntfLogLevel=1
01-01 03:32:09.352  4161  4161 E mm-camera-intf: entity id 1
01-01 03:32:09.352  4161  4161 E mm-camera-intf: entity name video0 type 65537 group id 2
01-01 03:32:09.352  4161  4161 E mm-camera-intf: entity id 2
01-01 03:32:09.352  4161  4161 E mm-camera-intf: entity name msm_cci type 131072 group id 0
01-01 03:32:09.352  4161  4161 E mm-camera-intf: entity id 3
01-01 03:32:09.352  4161  4161 E mm-camera-intf: entity name v4l-subdev0 type 131072 group id 0
01-01 03:32:09.352  4161  4161 E mm-camera-intf: entity id 4
01-01 03:32:09.352  4161  4161 E mm-camera-intf: entity name v4l-subdev1 type 131072 group id 0
01-01 03:32:09.352  4161  4161 E mm-camera-intf: entity id 5
01-01 03:32:09.352  4161  4161 E mm-camera-intf: entity name v4l-subdev2 type 131072 group id 1
01-01 03:32:09.352  4161  4161 E mm-camera-intf: entity id 6
01-01 03:32:09.352  4161  4161 E mm-camera-intf: entity name v4l-subdev3 type 131072 group id 1
01-01 03:32:09.352  4161  4161 E mm-camera-intf: entity id 7
01-01 03:32:09.352  4161  4161 E mm-camera-intf: entity name v4l-subdev4 type 131072 group id 1
01-01 03:32:09.352  4161  4161 E mm-camera-intf: entity id 8
01-01 03:32:09.352  4161  4161 E mm-camera-intf: entity name v4l-subdev5 type 131072 group id 7
01-01 03:32:09.352  4161  4161 E mm-camera-intf: entity id 9
01-01 03:32:09.352  4161  4161 E mm-camera-intf: entity name v4l-subdev6 type 131072 group id 11
01-01 03:32:09.352  4161  4161 E mm-camera-intf: entity id 10
01-01 03:32:09.352  4161  4161 E mm-camera-intf: entity name v4l-subdev7 type 131072 group id 8
01-01 03:32:09.352  4161  4161 E mm-camera-intf: entity id 11
01-01 03:32:09.352  4161  4161 E mm-camera-intf: entity name v4l-subdev8 type 131072 group id 8
01-01 03:32:09.352  4161  4161 E mm-camera-intf: entity id 12
01-01 03:32:09.352  4161  4161 E mm-camera-intf: entity name v4l-subdev9 type 131072 group id 14
01-01 03:32:09.352  4161  4161 E mm-camera-intf: entity id 1
01-01 03:32:09.352  4161  4161 E mm-camera-intf: entity name video1 type 65537 group id 2
01-01 03:32:09.352  4161  4161 E mm-camera-intf: entity id 2
01-01 03:32:09.352  4161  4161 E mm-camera-intf: Done enumerating media entities
01-01 03:32:09.352  4161  4161 E mm-camera-intf: entity id 1
01-01 03:32:09.352  4161  4161 E mm-camera-intf: entity name video2 type 65537 group id 2
01-01 03:32:09.352  4161  4161 E mm-camera-intf: entity id 2
01-01 03:32:09.352  4161  4161 E mm-camera-intf: Done enumerating media entities
01-01 03:32:09.353  4161  4161 D mm-camera-intf: index = 0 flag = 1 mount_angle = 90 facing = 0
01-01 03:32:09.353  4161  4161 D mm-camera-intf: index = 1 flag = 103 mount_angle = 270 facing = 1
01-01 03:32:09.353  4161  4161 I CameraService: Loaded "Z9 Max Camera Wrapper" camera module
01-01 03:32:09.353  4161  4161 I CameraFlashlight: Opening camera 0
01-01 03:32:09.354  4161  4161 I QCamera2HWI: static void qcamera::QCamera2HardwareInterface::getLogLevel() gCamHalLogLevel=1
01-01 03:32:09.356  4161  4161 E QCOM PowerHAL: Unable to open prefetcher: dlopen failed: library "libqti-iop-client.so" not found
01-01 03:32:09.356  4161  4161 E QCOM PowerHAL: Failed to get prefetcher handle.
01-01 03:32:09.356  4161  4161 D QCamera2HWI: [KPI Perf] int qcamera::QCamera2HardwareInterface::openCamera(hw_device_t**): E PROFILE_OPEN_CAMERA camera id 0
01-01 03:32:09.356  4161  4161 E mm-camera-intf: mm_camera_open: dev name = /dev/video1, cam_idx = 1
01-01 03:32:09.356  4161  4225 D QCamera2HWI: static void* qcamera::QCamera2HardwareInterface::defferedWorkRoutine(void*): start data proc
01-01 03:32:09.357  4161  4224 D QCameraStateMachine: static void* qcamera::QCameraStateMachine::smEvtProcRoutine(void*): E
01-01 03:32:09.361   353  4226 D mm-camera: mct_pipeline_start_session_thread thread_id is -1
01-01 03:32:09.364   353  4227 D mm-camera: mct_pipeline_start_session_thread thread_id is -1
01-01 03:32:09.365   353  4228 D mm-camera: mct_pipeline_start_session_thread thread_id is -1
01-01 03:32:09.366   353  4228 E mm-camera: isp_tintless_get_version: lib returned version 3.61 err=0
01-01 03:32:09.366   353  4229 D mm-camera: mct_pipeline_start_session_thread thread_id is -1
01-01 03:32:09.374   353  4232 D mm-camera: mct_pipeline_start_session_thread thread_id is -1
01-01 03:32:09.375   353  4232 D mm-camera: cpp_module_start_session:423, info: starting session 1
01-01 03:32:09.376   353  4233 D mm-camera: mct_pipeline_start_session_thread thread_id is -1
01-01 03:32:09.377   353  4233 E mm-camera-img: module_imglib_start_session:1446 ###Img_Loglevel 0
01-01 03:32:09.408   353  4226 E mm-camera-sensor: eeprom_load_library:718 e_ctrl->eeprom_lib.func_tbl =0xf60f7290
01-01 03:32:09.408   353  4226 E mm-camera-sensor: imx234_bu64297gwz_get_af_calibration:201 af_checksum_valid=1
01-01 03:32:09.408   353  4226 E mm-camera-sensor: imx234_bu64297gwz_get_af_calibration:210 csh macro_dac=755, infinity_dac=460 start=0
01-01 03:32:09.408   353  4226 E mm-camera-sensor: imx234_bu64297gwz_get_wbc_calibration:230 hljing, Module_ID: 0x1, PD: 2015-4-21
01-01 03:32:09.408   353  4226 E mm-camera-sensor: imx234_bu64297gwz_get_wbc_calibration:239 awb_checksum_valid=1
01-01 03:32:09.408   353  4226 E mm-camera-sensor: imx234_bu64297gwz_get_wbc_calibration:251 csh i=0, r_over_g=0.559140, b_over_g=0.598240, gr_over_gb=0.998045
01-01 03:32:09.408   353  4226 E mm-camera-sensor: imx234_bu64297gwz_get_wbc_calibration:251 csh i=1, r_over_g=0.559140, b_over_g=0.598240, gr_over_gb=0.998045
01-01 03:32:09.408   353  4226 E mm-camera-sensor: imx234_bu64297gwz_get_wbc_calibration:251 csh i=2, r_over_g=0.559140, b_over_g=0.598240, gr_over_gb=0.998045
01-01 03:32:09.408   353  4226 E mm-camera-sensor: imx234_bu64297gwz_get_wbc_calibration:251 csh i=3, r_over_g=0.559140, b_over_g=0.598240, gr_over_gb=0.998045
01-01 03:32:09.408   353  4226 E mm-camera-sensor: imx234_bu64297gwz_get_wbc_calibration:251 csh i=4, r_over_g=0.559140, b_over_g=0.598240, gr_over_gb=0.998045
01-01 03:32:09.408   353  4226 E mm-camera-sensor: imx234_bu64297gwz_get_wbc_calibration:251 csh i=5, r_over_g=0.559140, b_over_g=0.598240, gr_over_gb=0.998045
01-01 03:32:09.408   353  4226 E mm-camera-sensor: imx234_bu64297gwz_get_wbc_calibration:251 csh i=6, r_over_g=0.559140, b_over_g=0.598240, gr_over_gb=0.998045
01-01 03:32:09.408   353  4226 E mm-camera-sensor: imx234_bu64297gwz_get_wbc_calibration:251 csh i=7, r_over_g=0.559140, b_over_g=0.598240, gr_over_gb=0.998045
01-01 03:32:09.408   353  4226 E mm-camera-sensor: imx234_bu64297gwz_get_wbc_calibration:251 csh i=8, r_over_g=0.559140, b_over_g=0.598240, gr_over_gb=0.998045
01-01 03:32:09.408   353  4226 E mm-camera-sensor: imx234_bu64297gwz_get_wbc_calibration:251 csh i=9, r_over_g=0.559140, b_over_g=0.598240, gr_over_gb=0.998045
01-01 03:32:09.408   353  4226 E mm-camera-sensor: imx234_bu64297gwz_get_wbc_calibration:251 csh i=10, r_over_g=0.559140, b_over_g=0.598240, gr_over_gb=0.998045
01-01 03:32:09.408   353  4226 E mm-camera-sensor: imx234_bu64297gwz_get_wbc_calibration:251 csh i=11, r_over_g=0.559140, b_over_g=0.598240, gr_over_gb=0.998045
01-01 03:32:09.408   353  4226 E mm-camera-sensor: sum=145404
01-01 03:32:09.408   353  4226 E mm-camera-sensor: sum=54
01-01 03:32:09.408   353  4226 E mm-camera-sensor: buf[0x21]=54
01-01 03:32:09.408   353  4226 E mm-camera-sensor: imx234_bu64297gwz_get_lsc_calibration:291 lsc_checksum_valid=1
01-01 03:32:09.442   353  4232 D mm-camera: cpp_module_start_session:485, info: session 1 started.
01-01 03:32:09.442   353  4232 D mm-camera: c2d_module_start_session:345, info: starting session 1
01-01 03:32:09.443   353  4237 D mm-camera: cpp_thread_func:63: cpp_thread entering the polling loop...thread_id is -1
01-01 03:32:09.445   353  4232 D mm-camera: c2d_module_start_session:419, info: session 1 started.
01-01 03:32:09.445   353  4238 D mm-camera: c2d_thread_func:45: c2d_thread entering the polling loop... thread_id is -1
01-01 03:32:09.515   353  4226 E mm-camera-sensor: sensor_write_init_settings:293 fuyipeng --- wirte t4k35 otp setting
01-01 03:32:09.515   353  4226 E mm-camera-sensor: sensor_write_init_settings:295 Write T4K35 Otp failed
01-01 03:32:09.515   353  4226 E mm-camera-sensor: actuator_load_lib:374 name=rohm_bu64297gwz, mode=camera
01-01 03:32:09.516   353  4226 E mm-camera-sensor: actuator_load_lib:374 name=rohm_bu64297gwz, mode=camcorder
01-01 03:32:09.517   353  4226 E mm-camera-sensor: af_actuator_set_name:31 failed rc -1
01-01 03:32:09.517   353  4226 E mm-camera-sensor: eeprom_do_af_calibration:643 turn on Cal af(1)
01-01 03:32:09.517   353  4226 E mm-camera-sensor: eeprom_autofocus_calibration:102 hljing module_name =SUNNY-IMX234,actuator_name = ROHM_BU64297GWZ, total_steps = 550, adjust_ration =0.940000
01-01 03:32:09.517   353  4226 E mm-camera-sensor: eeprom_autofocus_calibration:127 hljing initial_code = 380, total_steps = 517
01-01 03:32:09.524   353   353 E mm-camera: Tuning lib open failed: dlopen failed: library "libmmcamera_tuning.so" not found
01-01 03:32:09.524   353  4240 D mm-camera: mct_controller_thread_run thread_id is -1
01-01 03:32:09.525  4161  4161 E mm-camera-intf: mm_camera_open:  opened, break out while loop
01-01 03:32:09.526  4161  4161 D QCameraHWI_Mem: void qcamera::QCameraMemory::traceLogAllocStart(size_t, int, const char*) : alloc E count=1 size=7136
01-01 03:32:09.527  4161  4161 D QCameraHWI_Mem: void qcamera::QCameraMemory::traceLogAllocStart(size_t, int, const char*) : alloc E count=1 size=7136
01-01 03:32:09.527  4161  4161 D QCameraHWI_Mem: int qcamera::QCameraMemory::alloc(int, size_t, unsigned int) : No memory pool available and So allocate new buffer
01-01 03:32:09.527  4161  4161 D QCameraHWI_Mem: static int qcamera::QCameraMemory::allocOneBuffer(qcamera::QCameraMemory::QCameraMemInfo&, unsigned int, size_t, bool) : ION buffer 1 with size 8192 allocated
01-01 03:32:09.527  4161  4161 D QCameraHWI_Mem:  void qcamera::QCameraMemory::traceLogAllocEnd(size_t) : X
01-01 03:32:09.527  4161  4161 D QCameraHWI_Mem:  void qcamera::QCameraMemory::traceLogAllocEnd(size_t) : X
01-01 03:32:09.528   353  4240 D mm-camera: mct_pipeline_populate_query_cap_buffer: totalram = 1982734336, freeram = 1320742912 
01-01 03:32:09.528  4161  4161 D QCamera2HWI: int qcamera::QCamera2HardwareInterface::openCamera(): enable_4k2k is 0
01-01 03:32:09.528  4161  4161 D mm-jpeg-intf: jpeg_open gMmCameraJpegLogLevel=1
01-01 03:32:09.545  4161  4161 E qomx_image_core: OMX_Init:94] Complete 2
01-01 03:32:09.546  4161  4161 D QCameraHWI_Mem: void qcamera::QCameraMemory::traceLogAllocStart(size_t, int, const char*) : alloc E count=1 size=1048576
01-01 03:32:09.546  4161  4161 E QCameraHWI_Mem: void qcamera::QCameraMemory::traceLogAllocStart(size_t, int, const char*):HeapMemsize 1048576
01-01 03:32:09.546  4161  4161 D QCameraHWI_Mem: void qcamera::QCameraMemory::traceLogAllocStart(size_t, int, const char*) : alloc E count=1 size=1048576
01-01 03:32:09.546  4161  4161 E QCameraHWI_Mem: void qcamera::QCameraMemory::traceLogAllocStart(size_t, int, const char*):Memsize 1048576
01-01 03:32:09.546  4161  4161 D QCameraHWI_Mem: int qcamera::QCameraMemory::alloc(int, size_t, unsigned int) : No memory pool available and So allocate new buffer
01-01 03:32:09.548  4161  4161 D QCameraHWI_Mem: static int qcamera::QCameraMemory::allocOneBuffer(qcamera::QCameraMemory::QCameraMemInfo&, unsigned int, size_t, bool) : ION buffer 1 with size 1048576 allocated
01-01 03:32:09.548  4161  4161 D QCameraHWI_Mem:  void qcamera::QCameraMemory::traceLogAllocEnd(size_t) : X
01-01 03:32:09.548  4161  4161 E QCameraHWI_Mem: void qcamera::QCameraMemory::traceLogAllocEnd(size_t) 1048576
01-01 03:32:09.548  4161  4161 D QCameraHWI_Mem:  void qcamera::QCameraMemory::traceLogAllocEnd(size_t) : X
01-01 03:32:09.548  4161  4161 E QCameraHWI_Mem: void qcamera::QCameraMemory::traceLogAllocEnd(size_t) 1048576
01-01 03:32:09.551  4161  4161 D QCameraParameters: int32_t qcamera::QCameraParameters::initDefaultParameters(): supported preview sizes: 1920x1080,1440x1080,1280x960,1280x720,960x720,864x480,800x480,768x432,720x480,640x480,576x432,480x320,384x288,352x288,320x240,240x160,176x144,160x120,144x176
01-01 03:32:09.551  4161  4161 D QCameraParameters: int32_t qcamera::QCameraParameters::initDefaultParameters(): supported video sizes: 1920x1080,1280x720,864x480,800x480,720x480,640x480,480x320,352x288,320x240,176x144,160x120
01-01 03:32:09.552  4161  4161 D QCameraParameters: int32_t qcamera::QCameraParameters::initDefaultParameters(): supported pic sizes: 5312x2988,4128x2320,4000x3000,4096x2160,3264x2448,2592x1944,2592x1456,2048x1536,1920x1080,1600x1200,1280x960,1280x768,1280x720,1024x768,800x600,800x480,720x480,640x480,352x288,320x240
01-01 03:32:09.552  4161  4161 E QCameraParameters: int32_t qcamera::QCameraParameters::initDefaultParameters(): supported live snapshot sizes: 1920x1080,1600x1200,1280x960,1280x768,1280x720,1024x768,800x600,864x480,800x480,720x480,640x480,352x288,320x240,176x144,160x120
01-01 03:32:09.552  4161  4161 D QCameraParameters: int32_t qcamera::QCameraParameters::initDefaultParameters(): supported fps ranges: (7500,30000)
01-01 03:32:09.552  4161  4161 D QCameraParameters: int32_t qcamera::QCameraParameters::setPreviewFpsRange(int, int, int, int): Updated: minFps = 7500, maxFps = 30000 , vid minFps = 7500, vid maxFps = 30000
01-01 03:32:09.552  4161  4161 D QCamera2HWI: int qcamera::QCamera2HardwareInterface::calcThermalLevel(qcamera::qcamera_thermal_level_enum_t, int, int, cam_fps_range_t&, msm_vfe_frame_skip_pattern&): level: 0, preview minfps 7500.000000, preview maxfpS 30000.000000, video minfps 7500.000000, video maxfpS 30000.000000
01-01 03:32:09.552  4161  4161 D QCamera2HWI: int qcamera::QCamera2HardwareInterface::calcThermalLevel(qcamera::qcamera_thermal_level_enum_t, int, int, cam_fps_range_t&, msm_vfe_frame_skip_pattern&): Thermal level 0, FPS [7.50,30.00, 7.50,30.00], frameskip 0
01-01 03:32:09.552  4161  4161 D QCameraParameters: int32_t qcamera::QCameraParameters::setPreviewFpsRange(int, int, int, int): Thermal adjusted Preview fps range 7.50,30.00, 7.50, 30.00
01-01 03:32:09.552  4161  4161 D QCameraParameters: int32_t qcamera::QCameraParameters::initDefaultParameters(): supported fps rates: 8,9,10,11,12,13,14,15,16,17,18,19,20,21,22,23,24,25,26,27,28,29,30
01-01 03:32:09.552  4161  4161 D QCameraParameters: int32_t qcamera::QCameraParameters::setFocusMode(const char*): Setting focus mode auto
01-01 03:32:09.553  4161  4161 E QCameraParameters: [wb_cct]int32_t qcamera::QCameraParameters::setWhiteBalance(const char*): Setting WhiteBalance value auto
01-01 03:32:09.553  4161  4161 D QCameraParameters: int32_t qcamera::QCameraParameters::setFlash(const char*): Setting Flash value off
01-01 03:32:09.553  4161  4161 D QCameraParameters: int32_t qcamera::QCameraParameters::setSceneMode(const char*): Setting SceneMode auto
01-01 03:32:09.553  4161  4161 D QCameraParameters: int32_t qcamera::QCameraParameters::setISOValue(const char*): Setting ISO value auto
01-01 03:32:09.553  4161  4161 D QCameraParameters: int32_t qcamera::QCameraParameters::initDefaultParameters(), Exposure time min 0.000000 ms, max 0.000000 ms
01-01 03:32:09.553  4161  4161 D QCameraParameters: int32_t qcamera::QCameraParameters::initDefaultParameters(), ISO min 0, max 0
01-01 03:32:09.553  4161  4161 D QCameraParameters: int32_t qcamera::QCameraParameters::setAEBracket(const char*), EXP_BRACKETING_OFF
01-01 03:32:09.554  4161  4161 D QCameraParameters: int32_t qcamera::QCameraParameters::setDISValue(const char*): Setting DIS value disable
01-01 03:32:09.554  4161  4161 E QCameraParameters: int32_t qcamera::QCameraParameters::setAwbLock(const char*): Setting awb_lock= false
01-01 03:32:09.554  4161  4161 D QCameraParameters: int32_t qcamera::QCameraParameters::initDefaultParameters(): totalram = 1982734336, freeram = 1309061120 
01-01 03:32:09.558   353  4240 D mm-camera: mct_pipeline_process_set:command=800000e
01-01 03:32:09.560  4161  4161 D QCameraParameters: int32_t qcamera::QCameraParameters::setNumOfSnapshot(): nBurstNum = 1, nExpnum = 1
01-01 03:32:09.561  4161  4161 I Thermal-Lib: Thermal-Lib-Client: Registraion successful for camera with handle:1
01-01 03:32:09.561  4161  4161 I Thermal-Lib: Thermal-Lib-Client: Registraion successful for camcorder with handle:2
01-01 03:32:09.561   328   396 I ThermalEngine: Thermal-Server: Adding thermal event listener on fd 43
01-01 03:32:09.562  4161  4246 I Thermal-Lib: Thermal-Lib-Client: Client received msg camera 0
01-01 03:32:09.562  4161  4224 D QCamera2HWI: int qcamera::QCamera2HardwareInterface::calcThermalLevel(qcamera::qcamera_thermal_level_enum_t, int, int, cam_fps_range_t&, msm_vfe_frame_skip_pattern&): level: 0, preview minfps 7500.000000, preview maxfpS 30000.000000, video minfps 7500.000000, video maxfpS 30000.000000
01-01 03:32:09.562  4161  4224 D QCamera2HWI: int qcamera::QCamera2HardwareInterface::calcThermalLevel(qcamera::qcamera_thermal_level_enum_t, int, int, cam_fps_range_t&, msm_vfe_frame_skip_pattern&): Thermal level 0, FPS [7.50,30.00, 7.50,30.00], frameskip 0
01-01 03:32:09.563   353  4240 D mm-camera: mct_pipeline_process_set:command=800000e
01-01 03:32:09.563  4161  4246 I Thermal-Lib: Thermal-Lib-Client: Client received msg camcorder 0
01-01 03:32:09.563  4161  4224 D QCamera2HWI: int qcamera::QCamera2HardwareInterface::calcThermalLevel(qcamera::qcamera_thermal_level_enum_t, int, int, cam_fps_range_t&, msm_vfe_frame_skip_pattern&): level: 0, preview minfps 7500.000000, preview maxfpS 30000.000000, video minfps 7500.000000, video maxfpS 30000.000000
01-01 03:32:09.563  4161  4224 D QCamera2HWI: int qcamera::QCamera2HardwareInterface::calcThermalLevel(qcamera::qcamera_thermal_level_enum_t, int, int, cam_fps_range_t&, msm_vfe_frame_skip_pattern&): Thermal level 0, FPS [7.50,30.00, 7.50,30.00], frameskip 0
01-01 03:32:09.564   353  4240 D mm-camera: mct_pipeline_process_set:command=800000e
01-01 03:32:09.569  4161  4224 D QCameraParameters: int32_t qcamera::QCameraParameters::setPreviewSize(const qcamera::QCameraParameters&): Requested preview size 1920 x 1080
01-01 03:32:09.569  4161  4224 D QCameraParameters: int32_t qcamera::QCameraParameters::setVideoSize(const qcamera::QCameraParameters&): Requested video size 1920 x 1080
01-01 03:32:09.569  4161  4224 D QCameraParameters: int32_t qcamera::QCameraParameters::setPictureSize(const qcamera::QCameraParameters&): Requested picture size 320 x 240
01-01 03:32:09.569  4161  4224 D QCameraParameters: Param m_bNoDisplayMode = 0
01-01 03:32:09.569  4161  4224 E QCameraParameters:  ExposureTime No change!
01-01 03:32:09.569  4161  4224 E QCameraParameters: SlowShutterMode enforce set value 0
01-01 03:32:09.569  4161  4224 D QCameraParameters: int32_t qcamera::QCameraParameters::setPreviewFpsRange(const qcamera::QCameraParameters&): FpsRange Values:(7500, 30000)
01-01 03:32:09.569  4161  4224 D QCameraParameters: int32_t qcamera::QCameraParameters::setPreviewFpsRange(const qcamera::QCameraParameters&): Requested FpsRange Values:(7500, 30000)
01-01 03:32:09.569  4161  4224 D QCameraParameters: HFR mode is OFF
01-01 03:32:09.569  4161  4224 E QCameraParameters: [wb_cct]int32_t qcamera::QCameraParameters::setManualWhiteBalance(const qcamera::QCameraParameters&), current wb mode: auto
01-01 03:32:09.569  4161  4224 E QCameraParameters: [wb_cct]int32_t qcamera::QCameraParameters::setManualWhiteBalance(const qcamera::QCameraParameters&), dont set cct to back-end.
01-01 03:32:09.570  4161  4224 E QCameraParameters: newEffect = (null)
01-01 03:32:09.570  4161  4224 D QCameraParameters: int32_t qcamera::QCameraParameters::setFssr(const qcamera::QCameraParameters&): FSSR is not supported
01-01 03:32:09.570  4161  4224 D QCameraParameters: int32_t qcamera::QCameraParameters::setMultiTouchFocus(const qcamera::QCameraParameters&): multi-touch focus is not supported
01-01 03:32:09.570  4161  4224 E QCameraParameters: [touch_awb]int32_t qcamera::QCameraParameters::setMwbSwitch(const qcamera::QCameraParameters&):6666] awb_roi_six_value.enable_flag=-1
01-01 03:32:09.570  4161  4224 E QCameraParameters: [touch_awb]int32_t qcamera::QCameraParameters::setMwbAreas(const qcamera::QCameraParameters&): Parameter string is null
01-01 03:32:09.570  4161  4224 E QCameraParameters: zhaoyunze -- m_AppIwbSwitch = -1
01-01 03:32:09.570  4161  4224 E QCameraParameters: zhaoyunze -- QCP -- str_r = (null)
01-01 03:32:09.570  4161  4224 E QCameraParameters: setBacklightLevel str = NULL
01-01 03:32:09.574   353  4240 D mm-camera: mct_pipeline_process_set:command=800000e
01-01 03:32:09.574  4161  4224 D QCameraParameters: int32_t qcamera::QCameraParameters::setNumOfSnapshot(): nBurstNum = 1, nExpnum = 1
01-01 03:32:09.575  4161  4161 D QCamera2HWI: [KPI Perf] static void qcamera::QCamera2HardwareInterface::stop_preview(camera_device*): E PROFILE_STOP_PREVIEW
01-01 03:32:09.575  4161  4224 D QCameraStateMachine: int32_t qcamera::QCameraStateMachine::procEvtPreviewStoppedState(qcamera::qcamera_sm_evt_enum_t, void*): already in preview stopped state, do nothing
01-01 03:32:09.575  4161  4161 D QCamera2HWI: [KPI Perf] static void qcamera::QCamera2HardwareInterface::stop_preview(camera_device*): X
01-01 03:32:09.575  4161  4161 I CameraFlashlight: Destroying camera 0
01-01 03:32:09.575  4161  4161 D QCamera2HWI: [KPI Perf] static int qcamera::QCamera2HardwareInterface::close_camera_device(hw_device_t*): E
01-01 03:32:09.576  4161  4161 D QCamera2HWI: virtual qcamera::QCamera2HardwareInterface::~QCamera2HardwareInterface(): E
01-01 03:32:09.576  4161  4225 D QCamera2HWI: static void* qcamera::QCamera2HardwareInterface::defferedWorkRoutine(void*): stop data proc
01-01 03:32:09.576  4161  4161 D QCamera2HWI: int qcamera::QCamera2HardwareInterface::closeCamera(): E
01-01 03:32:09.578  4161  4161 E qomx_image_core: OMX_Deinit:118] Complete
01-01 03:32:09.581  4161  4161 E QCameraPostProc: int32_t qcamera::QCameraPostProcessor::deinit(): Jpeg closed, rc = 0, mJpegClientHandle = 100
01-01 03:32:09.581  4161  4161 I Thermal-Lib: Thermal-Lib-Client: Unregisteration is successfull for handle:1
01-01 03:32:09.581   328   396 I ThermalEngine: Thermal-Server: removing client on fd 43
01-01 03:32:09.581  4161  4161 I Thermal-Lib: Thermal-Lib-Client: Unregisteration is successfull for handle:2
01-01 03:32:09.582   353  4240 D mm-camera: mct_pipeline_process_set:command=800000b
01-01 03:32:09.583  4161  4161 D QCamera2HWI: int qcamera::QCamera2HardwareInterface::closeCamera(): X
01-01 03:32:09.583  4161  4161 D QCamera2HWI: virtual qcamera::QCamera2HardwareInterface::~QCamera2HardwareInterface(): X
01-01 03:32:09.583   353   353 D mm-camera: mct_pipeline_stop_session - E
01-01 03:32:09.583  4161  4224 D QCameraStateMachine: static void* qcamera::QCameraStateMachine::smEvtProcRoutine(void*): X
01-01 03:32:09.583  4161  4161 D QCamera2HWI: [KPI Perf] static int qcamera::QCamera2HardwareInterface::close_camera_device(hw_device_t*): X
01-01 03:32:09.584  4161  4161 I CameraFlashlight: Opening camera 1
01-01 03:32:09.584  4161  4249 D QCameraStateMachine: static void* qcamera::QCameraStateMachine::smEvtProcRoutine(void*): E
01-01 03:32:09.584  4161  4161 I QCamera2HWI: static void qcamera::QCamera2HardwareInterface::getLogLevel() gCamHalLogLevel=1
01-01 03:32:09.585  4161  4161 D QCamera2HWI: [KPI Perf] int qcamera::QCamera2HardwareInterface::openCamera(hw_device_t**): E PROFILE_OPEN_CAMERA camera id 1
01-01 03:32:09.585  4161  4250 D QCamera2HWI: static void* qcamera::QCamera2HardwareInterface::defferedWorkRoutine(void*): start data proc
01-01 03:32:09.585  4161  4161 E mm-camera-intf: mm_camera_open: dev name = /dev/video2, cam_idx = 2
01-01 03:32:09.591   353  4248 D mm-camera: mct_pipeline_stop_session_thread thread_id is -1
01-01 03:32:09.591   353  4248 D mm-camera: mct_pipeline_stop_session_thread: Stop module name: sensor - E
01-01 03:32:09.591   353  4248 E mm-camera-sensor: module_sensor_deinit_session:650 restore backlight level when exit camera
01-01 03:32:09.592   353  4251 D mm-camera: mct_pipeline_stop_session_thread thread_id is -1
01-01 03:32:09.592   353  4251 D mm-camera: mct_pipeline_stop_session_thread: Stop module name: iface - E
01-01 03:32:09.592   353  4251 D mm-camera: mct_pipeline_stop_session_thread: Stop module name: iface - X
01-01 03:32:09.593   353  4252 D mm-camera: mct_pipeline_stop_session_thread thread_id is -1
01-01 03:32:09.593   353  4252 D mm-camera: mct_pipeline_stop_session_thread: Stop module name: isp - E
01-01 03:32:09.594   353  4252 D mm-camera: mct_pipeline_stop_session_thread: Stop module name: isp - X
01-01 03:32:09.594   353  4253 D mm-camera: mct_pipeline_stop_session_thread thread_id is -1
01-01 03:32:09.594   353  4253 D mm-camera: mct_pipeline_stop_session_thread: Stop module name: stats - E
01-01 03:32:09.595   353  4253 D mm-camera: mct_pipeline_stop_session_thread: Stop module name: stats - X
01-01 03:32:09.595   353  4254 D mm-camera: mct_pipeline_stop_session_thread thread_id is -1
01-01 03:32:09.595   353  4254 D mm-camera: mct_pipeline_stop_session_thread: Stop module name: pproc - E
01-01 03:32:09.595   353  4254 D mm-camera: cpp_module_stop_session:501, info: stopping session 1 ...
01-01 03:32:09.595   353  4237 D mm-camera: cpp_thread_process_pipe_message:377, CPP_THREAD_MSG_ABORT: cpp_thread exiting..
01-01 03:32:09.596   353  4255 D mm-camera: mct_pipeline_stop_session_thread thread_id is -1
01-01 03:32:09.596   353  4254 D mm-camera: cpp_module_stop_session:534, info: session 1 stopped.
01-01 03:32:09.596   353  4254 D mm-camera: c2d_module_stop_session:435, info: stopping session 1 ...
01-01 03:32:09.596   353  4238 D mm-camera: c2d_thread_process_pipe_message:723, C2D_THREAD_MSG_ABORT: c2d_thread exiting..
01-01 03:32:09.596   353  4254 D mm-camera: c2d_module_stop_session:479, info: session 1 stopped.
01-01 03:32:09.596   353  4254 D mm-camera: mct_pipeline_stop_session_thread: Stop module name: pproc - X
01-01 03:32:09.597   353   353 E mm-camera: mct_pipeline_stop_session: left modules: 5
01-01 03:32:09.597   353   353 E mm-camera: mct_pipeline_stop_session: left modules: 4
01-01 03:32:09.597   353   353 E mm-camera: mct_pipeline_stop_session: left modules: 3
01-01 03:32:09.597   353   353 E mm-camera: mct_pipeline_stop_session: left modules: 2
01-01 03:32:09.597   353  4255 D mm-camera: mct_pipeline_stop_session_thread: Stop module name: imglib - E
01-01 03:32:09.597   353  4248 E mm-camera-sensor: sensor_set_zte_backlight_level:2140 set_backlight_level 1
01-01 03:32:09.597   353  4255 D mm-camera: mct_pipeline_stop_session_thread: Stop module name: imglib - X
01-01 03:32:09.597   353   353 E mm-camera: mct_pipeline_stop_session: left modules: 1
01-01 03:32:09.644   353  4248 D mm-camera: mct_pipeline_stop_session_thread: Stop module name: sensor - X
01-01 03:32:09.645   353   353 E mm-camera: mct_pipeline_stop_session: left modules: 0
01-01 03:32:09.645   353   353 D mm-camera: mct_pipeline_stop_session - X
01-01 03:32:09.645   353  4239 E mm-camera: Got some events
01-01 03:32:09.650   353  4256 D mm-camera: mct_pipeline_start_session_thread thread_id is -1
01-01 03:32:09.651   353  4257 D mm-camera: mct_pipeline_start_session_thread thread_id is -1
01-01 03:32:09.652   353  4258 D mm-camera: mct_pipeline_start_session_thread thread_id is -1
01-01 03:32:09.659   353  4258 E mm-camera: isp_tintless_get_version: lib returned version 3.61 err=0
01-01 03:32:09.659   353  4259 D mm-camera: mct_pipeline_start_session_thread thread_id is -1
01-01 03:32:09.661   353  4256 E mm-camera-sensor: eeprom_load_library:718 e_ctrl->eeprom_lib.func_tbl =0xf619d004
01-01 03:32:09.661   353  4256 E mm-camera-sensor: imx179_mcnex_get_wbc_calibration:75 sss imx179_mcnex_get_wbc_calibration awb_checksum_valid=1
01-01 03:32:09.662   353  4256 E mm-camera-sensor: imx179_mcnex_get_wbc_calibration:87 csh i=0, r_over_g=0.501466, b_over_g=0.540567, gr_over_gb=1.005865
01-01 03:32:09.662   353  4256 E mm-camera-sensor: imx179_mcnex_get_wbc_calibration:87 csh i=1, r_over_g=0.501466, b_over_g=0.540567, gr_over_gb=1.005865
01-01 03:32:09.662   353  4256 E mm-camera-sensor: imx179_mcnex_get_wbc_calibration:87 csh i=2, r_over_g=0.501466, b_over_g=0.540567, gr_over_gb=1.005865
01-01 03:32:09.662   353  4256 E mm-camera-sensor: imx179_mcnex_get_wbc_calibration:87 csh i=3, r_over_g=0.501466, b_over_g=0.540567, gr_over_gb=1.005865
01-01 03:32:09.662   353  4256 E mm-camera-sensor: imx179_mcnex_get_wbc_calibration:87 csh i=4, r_over_g=0.501466, b_over_g=0.540567, gr_over_gb=1.005865
01-01 03:32:09.662   353  4256 E mm-camera-sensor: imx179_mcnex_get_wbc_calibration:87 csh i=5, r_over_g=0.501466, b_over_g=0.540567, gr_over_gb=1.005865
01-01 03:32:09.662   353  4256 E mm-camera-sensor: imx179_mcnex_get_wbc_calibration:87 csh i=6, r_over_g=0.501466, b_over_g=0.540567, gr_over_gb=1.005865
01-01 03:32:09.662   353  4256 E mm-camera-sensor: imx179_mcnex_get_wbc_calibration:87 csh i=7, r_over_g=0.501466, b_over_g=0.540567, gr_over_gb=1.005865
01-01 03:32:09.662   353  4256 E mm-camera-sensor: imx179_mcnex_get_wbc_calibration:87 csh i=8, r_over_g=0.501466, b_over_g=0.540567, gr_over_gb=1.005865
01-01 03:32:09.662   353  4256 E mm-camera-sensor: imx179_mcnex_get_wbc_calibration:87 csh i=9, r_over_g=0.501466, b_over_g=0.540567, gr_over_gb=1.005865
01-01 03:32:09.662   353  4256 E mm-camera-sensor: imx179_mcnex_get_wbc_calibration:87 csh i=10, r_over_g=0.501466, b_over_g=0.540567, gr_over_gb=1.005865
01-01 03:32:09.662   353  4256 E mm-camera-sensor: imx179_mcnex_get_wbc_calibration:87 csh i=11, r_over_g=0.501466, b_over_g=0.540567, gr_over_gb=1.005865
01-01 03:32:09.671   353  4262 D mm-camera: mct_pipeline_start_session_thread thread_id is -1
01-01 03:32:09.671   353  4262 D mm-camera: cpp_module_start_session:423, info: starting session 2
01-01 03:32:09.672   353  4256 E mm-camera-sensor: sensor_write_init_settings:293 fuyipeng --- wirte t4k35 otp setting
01-01 03:32:09.672   353  4256 E mm-camera-sensor: sensor_write_init_settings:295 Write T4K35 Otp failed
01-01 03:32:09.673   353  4265 D mm-camera: mct_pipeline_start_session_thread thread_id is -1
01-01 03:32:09.673   353  4265 E mm-camera-img: module_imglib_start_session:1446 ###Img_Loglevel 0
01-01 03:32:09.728   353  4262 D mm-camera: cpp_module_start_session:485, info: session 2 started.
01-01 03:32:09.728   353  4262 D mm-camera: c2d_module_start_session:345, info: starting session 2
01-01 03:32:09.729   353  4270 D mm-camera: cpp_thread_func:63: cpp_thread entering the polling loop...thread_id is -1
01-01 03:32:09.734   353  4262 D mm-camera: c2d_module_start_session:419, info: session 2 started.
01-01 03:32:09.734   353   353 E mm-camera-sensor: module_sensor_query_mod:4218 led flash is not supported for this sensor.
01-01 03:32:09.734   353   353 E mm-camera: Tuning lib open failed: dlopen failed: library "libmmcamera_tuning.so" not found
01-01 03:32:09.734   353  4271 D mm-camera: c2d_thread_func:45: c2d_thread entering the polling loop... thread_id is -1
01-01 03:32:09.749   353  4272 D mm-camera: mct_controller_thread_run thread_id is -1
01-01 03:32:09.749  4161  4161 E mm-camera-intf: mm_camera_open:  opened, break out while loop
01-01 03:32:09.750  4161  4161 D QCameraHWI_Mem: void qcamera::QCameraMemory::traceLogAllocStart(size_t, int, const char*) : alloc E count=1 size=7136
01-01 03:32:09.750  4161  4161 D QCameraHWI_Mem: void qcamera::QCameraMemory::traceLogAllocStart(size_t, int, const char*) : alloc E count=1 size=7136
01-01 03:32:09.750  4161  4161 D QCameraHWI_Mem: int qcamera::QCameraMemory::alloc(int, size_t, unsigned int) : No memory pool available and So allocate new buffer
01-01 03:32:09.750  4161  4161 D QCameraHWI_Mem: static int qcamera::QCameraMemory::allocOneBuffer(qcamera::QCameraMemory::QCameraMemInfo&, unsigned int, size_t, bool) : ION buffer 1 with size 8192 allocated
01-01 03:32:09.751  4161  4161 D QCameraHWI_Mem:  void qcamera::QCameraMemory::traceLogAllocEnd(size_t) : X
01-01 03:32:09.751  4161  4161 D QCameraHWI_Mem:  void qcamera::QCameraMemory::traceLogAllocEnd(size_t) : X
01-01 03:32:09.751   353  4272 E mm-camera-sensor: module_sensor_query_mod:4218 led flash is not supported for this sensor.
01-01 03:32:09.751   353  4272 D mm-camera: mct_pipeline_populate_query_cap_buffer: totalram = 1982734336, freeram = 1320591360 
01-01 03:32:09.752  4161  4161 D QCamera2HWI: int qcamera::QCamera2HardwareInterface::openCamera(): enable_4k2k is 0
01-01 03:32:09.752  4161  4161 D mm-jpeg-intf: jpeg_open gMmCameraJpegLogLevel=1
01-01 03:32:09.769  4161  4161 E qomx_image_core: OMX_Init:94] Complete 2
01-01 03:32:09.770  4161  4161 D QCameraHWI_Mem: void qcamera::QCameraMemory::traceLogAllocStart(size_t, int, const char*) : alloc E count=1 size=1048576
01-01 03:32:09.770  4161  4161 E QCameraHWI_Mem: void qcamera::QCameraMemory::traceLogAllocStart(size_t, int, const char*):HeapMemsize 1048576
01-01 03:32:09.770  4161  4161 D QCameraHWI_Mem: void qcamera::QCameraMemory::traceLogAllocStart(size_t, int, const char*) : alloc E count=1 size=1048576
01-01 03:32:09.770  4161  4161 E QCameraHWI_Mem: void qcamera::QCameraMemory::traceLogAllocStart(size_t, int, const char*):Memsize 1048576
01-01 03:32:09.770  4161  4161 D QCameraHWI_Mem: int qcamera::QCameraMemory::alloc(int, size_t, unsigned int) : No memory pool available and So allocate new buffer
01-01 03:32:09.770  4161  4161 D QCameraHWI_Mem: static int qcamera::QCameraMemory::allocOneBuffer(qcamera::QCameraMemory::QCameraMemInfo&, unsigned int, size_t, bool) : ION buffer 1 with size 1048576 allocated
01-01 03:32:09.770  4161  4161 D QCameraHWI_Mem:  void qcamera::QCameraMemory::traceLogAllocEnd(size_t) : X
01-01 03:32:09.770  4161  4161 E QCameraHWI_Mem: void qcamera::QCameraMemory::traceLogAllocEnd(size_t) 1048576
01-01 03:32:09.771  4161  4161 D QCameraHWI_Mem:  void qcamera::QCameraMemory::traceLogAllocEnd(size_t) : X
01-01 03:32:09.771  4161  4161 E QCameraHWI_Mem: void qcamera::QCameraMemory::traceLogAllocEnd(size_t) 1048576
01-01 03:32:09.772  4161  4161 D QCameraParameters: int32_t qcamera::QCameraParameters::initDefaultParameters(): supported preview sizes: 1920x1080,1440x1080,1280x960,1280x720,960x720,864x480,800x480,768x432,720x480,640x480,576x432,480x320,384x288,352x288,320x240,240x160,176x144,160x120,144x176
01-01 03:32:09.772  4161  4161 D QCameraParameters: int32_t qcamera::QCameraParameters::initDefaultParameters(): supported video sizes: 1920x1080,1280x720,864x480,800x480,720x480,640x480,480x320,352x288,320x240,176x144,160x120
01-01 03:32:09.772  4161  4161 D QCameraParameters: int32_t qcamera::QCameraParameters::initDefaultParameters(): supported pic sizes: 3264x2448,2592x1944,2592x1456,2048x1536,1920x1080,1600x1200,1280x960,1280x768,1280x720,1024x768,800x600,800x480,720x480,640x480,352x288,320x240
01-01 03:32:09.773  4161  4161 E QCameraParameters: int32_t qcamera::QCameraParameters::initDefaultParameters(): supported live snapshot sizes: 1920x1080,1280x960,1280x768,1280x720,1024x768,800x600,864x480,800x480,720x480,640x480,352x288,320x240,176x144,160x120
01-01 03:32:09.773  4161  4161 D QCameraParameters: int32_t qcamera::QCameraParameters::initDefaultParameters(): supported fps ranges: (10000,30000)
01-01 03:32:09.773  4161  4161 D QCameraParameters: int32_t qcamera::QCameraParameters::setPreviewFpsRange(int, int, int, int): Updated: minFps = 10000, maxFps = 30000 , vid minFps = 10000, vid maxFps = 30000
01-01 03:32:09.773  4161  4161 D QCamera2HWI: int qcamera::QCamera2HardwareInterface::calcThermalLevel(qcamera::qcamera_thermal_level_enum_t, int, int, cam_fps_range_t&, msm_vfe_frame_skip_pattern&): level: 0, preview minfps 10000.000000, preview maxfpS 30000.000000, video minfps 10000.000000, video maxfpS 30000.000000
01-01 03:32:09.773  4161  4161 D QCamera2HWI: int qcamera::QCamera2HardwareInterface::calcThermalLevel(qcamera::qcamera_thermal_level_enum_t, int, int, cam_fps_range_t&, msm_vfe_frame_skip_pattern&): Thermal level 0, FPS [10.00,30.00, 10.00,30.00], frameskip 0
01-01 03:32:09.773  4161  4161 D QCameraParameters: int32_t qcamera::QCameraParameters::setPreviewFpsRange(int, int, int, int): Thermal adjusted Preview fps range 10.00,30.00, 10.00, 30.00
01-01 03:32:09.773  4161  4161 D QCameraParameters: int32_t qcamera::QCameraParameters::initDefaultParameters(): supported fps rates: 10,11,12,13,14,15,16,17,18,19,20,21,22,23,24,25,26,27,28,29,30
01-01 03:32:09.773  4161  4161 D QCameraParameters: int32_t qcamera::QCameraParameters::setFocusMode(const char*): Setting focus mode fixed
01-01 03:32:09.774  4161  4161 E QCameraParameters: [wb_cct]int32_t qcamera::QCameraParameters::setWhiteBalance(const char*): Setting WhiteBalance value auto
01-01 03:32:09.774  4161  4161 E QCameraParameters: int32_t qcamera::QCameraParameters::initDefaultParameters(): supported flash modes cnt is 0!!!
01-01 03:32:09.774  4161  4161 D QCameraParameters: int32_t qcamera::QCameraParameters::setSceneMode(const char*): Setting SceneMode auto
01-01 03:32:09.774  4161  4161 D QCameraParameters: int32_t qcamera::QCameraParameters::setISOValue(const char*): Setting ISO value auto
01-01 03:32:09.774  4161  4161 D QCameraParameters: int32_t qcamera::QCameraParameters::initDefaultParameters(), Exposure time min 0.000000 ms, max 0.000000 ms
01-01 03:32:09.774  4161  4161 D QCameraParameters: int32_t qcamera::QCameraParameters::initDefaultParameters(), ISO min 0, max 0
01-01 03:32:09.775  4161  4161 D QCameraParameters: int32_t qcamera::QCameraParameters::setAEBracket(const char*), EXP_BRACKETING_OFF
01-01 03:32:09.775  4161  4161 D QCameraParameters: int32_t qcamera::QCameraParameters::setDISValue(const char*): Setting DIS value disable
01-01 03:32:09.775  4161  4161 E QCameraParameters: int32_t qcamera::QCameraParameters::setAwbLock(const char*): Setting awb_lock= false
01-01 03:32:09.775  4161  4161 D QCameraParameters: int32_t qcamera::QCameraParameters::initDefaultParameters(): totalram = 1982734336, freeram = 1309003776 
01-01 03:32:09.777   353  4272 D mm-camera: mct_pipeline_process_set:command=800000e
01-01 03:32:09.778  4161  4161 D QCameraParameters: int32_t qcamera::QCameraParameters::setNumOfSnapshot(): nBurstNum = 1, nExpnum = 1
01-01 03:32:09.779  4161  4161 I Thermal-Lib: Thermal-Lib-Client: Registraion successful for camera with handle:1
01-01 03:32:09.779  4161  4161 I Thermal-Lib: Thermal-Lib-Client: Registraion successful for camcorder with handle:2
01-01 03:32:09.780   328   396 I ThermalEngine: Thermal-Server: Adding thermal event listener on fd 43
01-01 03:32:09.780  4161  4278 I Thermal-Lib: Thermal-Lib-Client: Client received msg camera 0
01-01 03:32:09.781  4161  4249 D QCamera2HWI: int qcamera::QCamera2HardwareInterface::calcThermalLevel(qcamera::qcamera_thermal_level_enum_t, int, int, cam_fps_range_t&, msm_vfe_frame_skip_pattern&): level: 0, preview minfps 10000.000000, preview maxfpS 30000.000000, video minfps 10000.000000, video maxfpS 30000.000000
01-01 03:32:09.781  4161  4249 D QCamera2HWI: int qcamera::QCamera2HardwareInterface::calcThermalLevel(qcamera::qcamera_thermal_level_enum_t, int, int, cam_fps_range_t&, msm_vfe_frame_skip_pattern&): Thermal level 0, FPS [10.00,30.00, 10.00,30.00], frameskip 0
01-01 03:32:09.781   353  4272 D mm-camera: mct_pipeline_process_set:command=800000e
01-01 03:32:09.782  4161  4278 I Thermal-Lib: Thermal-Lib-Client: Client received msg camcorder 0
01-01 03:32:09.782  4161  4249 D QCamera2HWI: int qcamera::QCamera2HardwareInterface::calcThermalLevel(qcamera::qcamera_thermal_level_enum_t, int, int, cam_fps_range_t&, msm_vfe_frame_skip_pattern&): level: 0, preview minfps 10000.000000, preview maxfpS 30000.000000, video minfps 10000.000000, video maxfpS 30000.000000
01-01 03:32:09.782  4161  4249 D QCamera2HWI: int qcamera::QCamera2HardwareInterface::calcThermalLevel(qcamera::qcamera_thermal_level_enum_t, int, int, cam_fps_range_t&, msm_vfe_frame_skip_pattern&): Thermal level 0, FPS [10.00,30.00, 10.00,30.00], frameskip 0
01-01 03:32:09.784   353  4272 D mm-camera: mct_pipeline_process_set:command=800000e
01-01 03:32:09.787  4161  4249 D QCameraParameters: int32_t qcamera::QCameraParameters::setPreviewSize(const qcamera::QCameraParameters&): Requested preview size 1920 x 1080
01-01 03:32:09.788  4161  4249 D QCameraParameters: int32_t qcamera::QCameraParameters::setVideoSize(const qcamera::QCameraParameters&): Requested video size 1920 x 1080
01-01 03:32:09.788  4161  4249 D QCameraParameters: int32_t qcamera::QCameraParameters::setPictureSize(const qcamera::QCameraParameters&): Requested picture size 320 x 240
01-01 03:32:09.788  4161  4249 D QCameraParameters: Param m_bNoDisplayMode = 0
01-01 03:32:09.788  4161  4249 E QCameraParameters:  ExposureTime No change!
01-01 03:32:09.788  4161  4249 E QCameraParameters: SlowShutterMode enforce set value 0
01-01 03:32:09.788  4161  4249 D QCameraParameters: int32_t qcamera::QCameraParameters::setPreviewFpsRange(const qcamera::QCameraParameters&): FpsRange Values:(10000, 30000)
01-01 03:32:09.788  4161  4249 D QCameraParameters: int32_t qcamera::QCameraParameters::setPreviewFpsRange(const qcamera::QCameraParameters&): Requested FpsRange Values:(10000, 30000)
01-01 03:32:09.788  4161  4249 D QCameraParameters: HFR mode is OFF
01-01 03:32:09.788  4161  4249 D QCameraParameters: int32_t qcamera::QCameraParameters::setFlash(const char*): Setting Flash value off
01-01 03:32:09.788  4161  4249 E QCameraParameters: [wb_cct]int32_t qcamera::QCameraParameters::setManualWhiteBalance(const qcamera::QCameraParameters&), current wb mode: auto
01-01 03:32:09.788  4161  4249 E QCameraParameters: [wb_cct]int32_t qcamera::QCameraParameters::setManualWhiteBalance(const qcamera::QCameraParameters&), dont set cct to back-end.
01-01 03:32:09.788  4161  4249 E QCameraParameters: newEffect = (null)
01-01 03:32:09.789  4161  4249 D QCameraParameters: int32_t qcamera::QCameraParameters::setFssr(const qcamera::QCameraParameters&): FSSR is not supported
01-01 03:32:09.789  4161  4249 D QCameraParameters: int32_t qcamera::QCameraParameters::setMultiTouchFocus(const qcamera::QCameraParameters&): multi-touch focus is not supported
01-01 03:32:09.789  4161  4249 E QCameraParameters: [touch_awb]int32_t qcamera::QCameraParameters::setMwbSwitch(const qcamera::QCameraParameters&):6666] awb_roi_six_value.enable_flag=-1
01-01 03:32:09.789  4161  4249 E QCameraParameters: [touch_awb]int32_t qcamera::QCameraParameters::setMwbAreas(const qcamera::QCameraParameters&): Parameter string is null
01-01 03:32:09.789  4161  4249 E QCameraParameters: zhaoyunze -- m_AppIwbSwitch = -1
01-01 03:32:09.789  4161  4249 E QCameraParameters: zhaoyunze -- QCP -- str_r = (null)
01-01 03:32:09.789  4161  4249 E QCameraParameters: setBacklightLevel str = NULL
01-01 03:32:09.794   353  4272 D mm-camera: mct_pipeline_process_set:command=800000e
01-01 03:32:09.794  4161  4249 D QCameraParameters: int32_t qcamera::QCameraParameters::setNumOfSnapshot(): nBurstNum = 1, nExpnum = 1
01-01 03:32:09.794  4161  4161 D QCamera2HWI: [KPI Perf] static void qcamera::QCamera2HardwareInterface::stop_preview(camera_device*): E PROFILE_STOP_PREVIEW
01-01 03:32:09.794  4161  4249 D QCameraStateMachine: int32_t qcamera::QCameraStateMachine::procEvtPreviewStoppedState(qcamera::qcamera_sm_evt_enum_t, void*): already in preview stopped state, do nothing
01-01 03:32:09.794  4161  4161 D QCamera2HWI: [KPI Perf] static void qcamera::QCamera2HardwareInterface::stop_preview(camera_device*): X
01-01 03:32:09.795  4161  4161 I CameraFlashlight: Destroying camera 1
01-01 03:32:09.795  4161  4161 D QCamera2HWI: [KPI Perf] static int qcamera::QCamera2HardwareInterface::close_camera_device(hw_device_t*): E
01-01 03:32:09.795  4161  4161 D QCamera2HWI: virtual qcamera::QCamera2HardwareInterface::~QCamera2HardwareInterface(): E
01-01 03:32:09.795  4161  4250 D QCamera2HWI: static void* qcamera::QCamera2HardwareInterface::defferedWorkRoutine(void*): stop data proc
01-01 03:32:09.796  4161  4161 D QCamera2HWI: int qcamera::QCamera2HardwareInterface::closeCamera(): E
01-01 03:32:09.798  4161  4161 E qomx_image_core: OMX_Deinit:118] Complete
01-01 03:32:09.801  4161  4161 E QCameraPostProc: int32_t qcamera::QCameraPostProcessor::deinit(): Jpeg closed, rc = 0, mJpegClientHandle = 200
01-01 03:32:09.801  4161  4161 I Thermal-Lib: Thermal-Lib-Client: Unregisteration is successfull for handle:1
01-01 03:32:09.801   328   396 I ThermalEngine: Thermal-Server: removing client on fd 43
01-01 03:32:09.802  4161  4161 I Thermal-Lib: Thermal-Lib-Client: Unregisteration is successfull for handle:2
01-01 03:32:09.803   353  4272 D mm-camera: mct_pipeline_process_set:command=800000b
01-01 03:32:09.803  4161  4161 D QCamera2HWI: int qcamera::QCamera2HardwareInterface::closeCamera(): X
01-01 03:32:09.803  4161  4161 D QCamera2HWI: virtual qcamera::QCamera2HardwareInterface::~QCamera2HardwareInterface(): X
01-01 03:32:09.803   353   353 D mm-camera: mct_pipeline_stop_session - E
01-01 03:32:09.803  4161  4249 D QCameraStateMachine: static void* qcamera::QCameraStateMachine::smEvtProcRoutine(void*): X
01-01 03:32:09.803  4161  4161 D QCamera2HWI: [KPI Perf] static int qcamera::QCamera2HardwareInterface::close_camera_device(hw_device_t*): X
01-01 03:32:09.803   353  4280 D mm-camera: mct_pipeline_stop_session_thread thread_id is -1
01-01 03:32:09.804   353  4280 D mm-camera: mct_pipeline_stop_session_thread: Stop module name: sensor - E
01-01 03:32:09.804   353  4280 E mm-camera-sensor: module_sensor_deinit_session:650 restore backlight level when exit camera
01-01 03:32:09.804   353  4280 E mm-camera-sensor: sensor_set_zte_backlight_level:2140 set_backlight_level 1
01-01 03:32:09.804   353  4281 D mm-camera: mct_pipeline_stop_session_thread thread_id is -1
01-01 03:32:09.805  4161  4161 I ServiceManager: Waiting for service media.camera.proxy...
01-01 03:32:09.805   353  4281 D mm-camera: mct_pipeline_stop_session_thread: Stop module name: iface - E
01-01 03:32:09.805   353  4281 D mm-camera: mct_pipeline_stop_session_thread: Stop module name: iface - X
01-01 03:32:09.805   353  4282 D mm-camera: mct_pipeline_stop_session_thread thread_id is -1
01-01 03:32:09.805   353  4282 D mm-camera: mct_pipeline_stop_session_thread: Stop module name: isp - E
01-01 03:32:09.812   353  4283 D mm-camera: mct_pipeline_stop_session_thread thread_id is -1
01-01 03:32:09.812   353  4283 D mm-camera: mct_pipeline_stop_session_thread: Stop module name: stats - E
01-01 03:32:09.812   353  4283 D mm-camera: mct_pipeline_stop_session_thread: Stop module name: stats - X
01-01 03:32:09.813   353  4282 D mm-camera: mct_pipeline_stop_session_thread: Stop module name: isp - X
01-01 03:32:09.814   353  4284 D mm-camera: mct_pipeline_stop_session_thread thread_id is -1
01-01 03:32:09.814   353  4284 D mm-camera: mct_pipeline_stop_session_thread: Stop module name: pproc - E
01-01 03:32:09.814   353  4284 D mm-camera: cpp_module_stop_session:501, info: stopping session 2 ...
01-01 03:32:09.814   353  4270 D mm-camera: cpp_thread_process_pipe_message:377, CPP_THREAD_MSG_ABORT: cpp_thread exiting..
01-01 03:32:09.815   353  4285 D mm-camera: mct_pipeline_stop_session_thread thread_id is -1
01-01 03:32:09.816   353  4280 D mm-camera: mct_pipeline_stop_session_thread: Stop module name: sensor - X
01-01 03:32:09.816   353  4266 E mm-camera: Got some events
01-01 03:32:09.817   353  4284 D mm-camera: cpp_module_stop_session:534, info: session 2 stopped.
