01-01 03:31:46.798  1175  1175 I dex2oat : Adjusted thread count (for runtime dex2oat): 4, 4
01-01 03:31:46.798  1175  1175 I dex2oat : /system/bin/dex2oat --image=/data/dalvik-cache/arm/system@framework@boot.art --dex-file=/system/framework/core-libart.jar --dex-file=/system/framework/conscrypt.jar --dex-file=/system/framework/okhttp.jar --dex-file=/system/framework/core-junit.jar --dex-file=/system/framework/bouncycastle.jar --dex-file=/system/framework/ext.jar --dex-file=/system/framework/framework.jar --dex-file=/system/framework/telephony-common.jar --dex-file=/system/framework/voip-common.jar --dex-file=/system/framework/ims-common.jar --dex-file=/system/framework/apache-xml.jar --dex-file=/system/framework/org.apache.http.legacy.boot.jar --dex-file=/system/framework/qcmediaplayer.jar --oat-file=/data/dalvik-cache/arm/system@framework@boot.oat --instruction-set=arm --instruction-set-features=smp,div,-atomic_ldrd_strd --base=0x70ee0000 --runtime-arg -Xms64m --runtime-arg -Xmx64m --image-classes=/system/etc/preloaded-classes --instruction-set-variant=cortex-a53 --instruction-set-features=default
01-01 03:31:46.798  1154  1154 I dex2oat : /system/bin/dex2oat --image=/data/dalvik-cache/arm64/system@framework@boot.art --dex-file=/system/framework/core-libart.jar --dex-file=/system/framework/conscrypt.jar --dex-file=/system/framework/okhttp.jar --dex-file=/system/framework/core-junit.jar --dex-file=/system/framework/bouncycastle.jar --dex-file=/system/framework/ext.jar --dex-file=/system/framework/framework.jar --dex-file=/system/framework/telephony-common.jar --dex-file=/system/framework/voip-common.jar --dex-file=/system/framework/ims-common.jar --dex-file=/system/framework/apache-xml.jar --dex-file=/system/framework/org.apache.http.legacy.boot.jar --dex-file=/system/framework/qcmediaplayer.jar --oat-file=/data/dalvik-cache/arm64/system@framework@boot.oat --instruction-set=arm64 --instruction-set-features=smp,a53 --base=0x6f725000 --runtime-arg -Xms64m --runtime-arg -Xmx64m --image-classes=/system/etc/preloaded-classes --instruction-set-variant=generic --instruction-set-features=default
01-01 03:31:46.801  1175  1175 I dex2oat : setting boot class path to /system/framework/core-libart.jar:/system/framework/conscrypt.jar:/system/framework/okhttp.jar:/system/framework/core-junit.jar:/system/framework/bouncycastle.jar:/system/framework/ext.jar:/system/framework/framework.jar:/system/framework/telephony-common.jar:/system/framework/voip-common.jar:/system/framework/ims-common.jar:/system/framework/apache-xml.jar:/system/framework/org.apache.http.legacy.boot.jar:/system/framework/qcmediaplayer.jar
01-01 03:31:46.801  1154  1154 I dex2oat : setting boot class path to /system/framework/core-libart.jar:/system/framework/conscrypt.jar:/system/framework/okhttp.jar:/system/framework/core-junit.jar:/system/framework/bouncycastle.jar:/system/framework/ext.jar:/system/framework/framework.jar:/system/framework/telephony-common.jar:/system/framework/voip-common.jar:/system/framework/ims-common.jar:/system/framework/apache-xml.jar:/system/framework/org.apache.http.legacy.boot.jar:/system/framework/qcmediaplayer.jar
01-01 03:31:46.987  1034  1116 D libEGL  : loaded /vendor/lib64/egl/libEGL_adreno.so
01-01 03:31:47.002  1034  1116 D libEGL  : loaded /vendor/lib64/egl/libGLESv1_CM_adreno.so
01-01 03:31:47.015  1034  1116 D libEGL  : loaded /vendor/lib64/egl/libGLESv2_adreno.so
01-01 03:31:47.031  1034  1116 I Adreno  : QUALCOMM build                   : d842ad3, Ia10634f51b
01-01 03:31:47.031  1034  1116 I Adreno  : Build Date                       : 01/04/16
01-01 03:31:47.031  1034  1116 I Adreno  : OpenGL ES Shader Compiler Version: XE031.06.00.05
01-01 03:31:47.031  1034  1116 I Adreno  : Local Branch                     : mybranch17585849
01-01 03:31:47.031  1034  1116 I Adreno  : Remote Branch                    : quic/LA.BR.1.2.6_rb1.7
01-01 03:31:47.031  1034  1116 I Adreno  : Remote Branch                    : NONE
01-01 03:31:47.031  1034  1116 I Adreno  : Reconstruct Branch               : NOTHING
01-01 03:31:47.061  1034  1116 E BootAnimation: couldn't find audio_conf.txt
01-01 03:31:47.100   325   325 E USB_UICC: Timeout! No signal received. Retry num = 2
01-01 03:31:47.130  1034  1116 D BootAnimation: Use save memory method, maybe small fps in actual.
01-01 03:31:47.279   476   531 I libmdmdetect: ESOC framework not supported
01-01 03:31:47.280   476   531 I libmdmdetect: Found internal modem: modem
01-01 03:31:47.304   476   531 I libmdmdetect: ESOC framework not supported
01-01 03:31:47.305   476   531 I libmdmdetect: Found internal modem: modem
01-01 03:31:47.375   281   281 D SurfaceFlinger: SF. shader cache generated - 26 shaders in 391.772095 ms
01-01 03:31:47.382   281   281 D qdutils : DEBUG_CALC_FPS: 0
01-01 03:31:47.382   281   281 D qdutils : period: 10
01-01 03:31:47.382   281   281 D qdutils : ignorethresh_us: 500000
01-01 03:31:47.384   281   281 D MDP_SCALE: Debug enabled = 0, Max mixer width= 2560
01-01 03:31:47.407   314   488 I libmdmdetect: ESOC framework not supported
01-01 03:31:47.407   314   488 I libmdmdetect: Found internal modem: modem
01-01 03:31:47.419   314   488 I libmdmdetect: ESOC framework not supported
01-01 03:31:47.419   314   488 I libmdmdetect: Found internal modem: modem
01-01 03:31:47.484   353   958 D mm-camera: mct_pipeline_process_set:command=800000e
01-01 03:31:47.491   476   531 I libmdmdetect: ESOC framework not supported
01-01 03:31:47.492   476   531 I libmdmdetect: Found internal modem: modem
01-01 03:31:47.492   476   531 I libmdmdetect: ESOC framework not supported
01-01 03:31:47.493   476   531 I libmdmdetect: Found internal modem: modem
01-01 03:31:47.494   328   396 I ThermalEngine: Thermal-Server: removing client on fd 43
01-01 03:31:47.495   353   958 D mm-camera: mct_pipeline_process_set:command=800000b
01-01 03:31:47.499   476   531 I libmdmdetect: ESOC framework not supported
01-01 03:31:47.499   353   353 D mm-camera: mct_pipeline_stop_session - E
01-01 03:31:47.499   476   531 I libmdmdetect: Found internal modem: modem
01-01 03:31:47.505   476   531 I libmdmdetect: ESOC framework not supported
01-01 03:31:47.506   476   531 I libmdmdetect: Found internal modem: modem
01-01 03:31:47.506   353  1664 D mm-camera: mct_pipeline_stop_session_thread thread_id is -1
01-01 03:31:47.506   353  1664 D mm-camera: mct_pipeline_stop_session_thread: Stop module name: sensor - E
01-01 03:31:47.506   353  1664 E mm-camera-sensor: module_sensor_deinit_session:650 restore backlight level when exit camera
01-01 03:31:47.506   353  1664 E mm-camera-sensor: sensor_set_zte_backlight_level:2140 set_backlight_level 1
01-01 03:31:47.507   353  1670 D mm-camera: mct_pipeline_stop_session_thread thread_id is -1
01-01 03:31:47.507   353  1670 D mm-camera: mct_pipeline_stop_session_thread: Stop module name: iface - E
01-01 03:31:47.507   353  1670 D mm-camera: mct_pipeline_stop_session_thread: Stop module name: iface - X
01-01 03:31:47.507   476   531 I libmdmdetect: ESOC framework not supported
01-01 03:31:47.508   476   531 I libmdmdetect: Found internal modem: modem
01-01 03:31:47.508   476   531 I libmdmdetect: ESOC framework not supported
01-01 03:31:47.508   476   531 I libmdmdetect: Found internal modem: modem
01-01 03:31:47.510   316  1667 I chatty  : uid=1013(media) /system/bin/mediaserver expire 2 lines
01-01 03:31:47.511   316  1666 I chatty  : uid=1013(media) /system/bin/mediaserver expire 28 lines
01-01 03:31:47.514   353  1671 D mm-camera: mct_pipeline_stop_session_thread thread_id is -1
01-01 03:31:47.514   353  1671 D mm-camera: mct_pipeline_stop_session_thread: Stop module name: isp - E
01-01 03:31:47.518   476   531 I libmdmdetect: ESOC framework not supported
01-01 03:31:47.518   476   531 I libmdmdetect: Found internal modem: modem
01-01 03:31:47.522   353  1671 D mm-camera: mct_pipeline_stop_session_thread: Stop module name: isp - X
01-01 03:31:47.544   353  1678 D mm-camera: mct_pipeline_stop_session_thread thread_id is -1
01-01 03:31:47.545   353  1678 D mm-camera: mct_pipeline_stop_session_thread: Stop module name: stats - E
01-01 03:31:47.548   353  1678 D mm-camera: mct_pipeline_stop_session_thread: Stop module name: stats - X
01-01 03:31:47.564   353  1725 D mm-camera: mct_pipeline_stop_session_thread thread_id is -1
01-01 03:31:47.565   353  1664 D mm-camera: mct_pipeline_stop_session_thread: Stop module name: sensor - X
01-01 03:31:47.565   353   948 E mm-camera: Got some events
01-01 03:31:47.574   353  1725 D mm-camera: mct_pipeline_stop_session_thread: Stop module name: pproc - E
01-01 03:31:47.574   353  1725 D mm-camera: cpp_module_stop_session:501, info: stopping session 1 ...
01-01 03:31:47.574   353   823 D mm-camera: cpp_thread_process_pipe_message:377, CPP_THREAD_MSG_ABORT: cpp_thread exiting..
01-01 03:31:47.575   353  1725 D mm-camera: cpp_module_stop_session:534, info: session 1 stopped.
01-01 03:31:47.575   353  1725 D mm-camera: c2d_module_stop_session:435, info: stopping session 1 ...
01-01 03:31:47.575   353   879 D mm-camera: c2d_thread_process_pipe_message:723, C2D_THREAD_MSG_ABORT: c2d_thread exiting..
01-01 03:31:47.581   353  1725 D mm-camera: c2d_module_stop_session:479, info: session 1 stopped.
01-01 03:31:47.581   353  1725 D mm-camera: mct_pipeline_stop_session_thread: Stop module name: pproc - X
01-01 03:31:47.581   353  1743 D mm-camera: mct_pipeline_stop_session_thread thread_id is -1
01-01 03:31:47.582   353   353 E mm-camera: mct_pipeline_stop_session: left modules: 5
01-01 03:31:47.582   353   353 E mm-camera: mct_pipeline_stop_session: left modules: 4
01-01 03:31:47.582   353   353 E mm-camera: mct_pipeline_stop_session: left modules: 3
01-01 03:31:47.582   353   353 E mm-camera: mct_pipeline_stop_session: left modules: 2
01-01 03:31:47.582   353   353 E mm-camera: mct_pipeline_stop_session: left modules: 1
01-01 03:31:47.582   353  1743 D mm-camera: mct_pipeline_stop_session_thread: Stop module name: imglib - E
01-01 03:31:47.596   353  1743 D mm-camera: mct_pipeline_stop_session_thread: Stop module name: imglib - X
01-01 03:31:47.598   353   353 E mm-camera: mct_pipeline_stop_session: left modules: 0
01-01 03:31:47.598   353   353 D mm-camera: mct_pipeline_stop_session - X
01-01 03:31:47.605   476   531 I libmdmdetect: ESOC framework not supported
01-01 03:31:47.605   476   531 I libmdmdetect: Found internal modem: modem
01-01 03:31:47.606   476   531 I libmdmdetect: ESOC framework not supported
01-01 03:31:47.606   476   531 I libmdmdetect: Found internal modem: modem
01-01 03:31:47.621   353  1766 D mm-camera: mct_pipeline_start_session_thread thread_id is -1
01-01 03:31:47.643   353  1768 D mm-camera: mct_pipeline_start_session_thread thread_id is -1
01-01 03:31:47.643   353  1784 D mm-camera: mct_pipeline_start_session_thread thread_id is -1
01-01 03:31:47.645   353  1784 E mm-camera: isp_tintless_get_version: lib returned version 3.61 err=0
01-01 03:31:47.646   353  1786 D mm-camera: mct_pipeline_start_session_thread thread_id is -1
01-01 03:31:47.676   353  1766 E mm-camera-sensor: eeprom_load_library:718 e_ctrl->eeprom_lib.func_tbl =0xf6283004
01-01 03:31:47.676   353  1766 E mm-camera-sensor: imx179_mcnex_get_wbc_calibration:75 sss imx179_mcnex_get_wbc_calibration awb_checksum_valid=1
01-01 03:31:47.676   353  1766 E mm-camera-sensor: imx179_mcnex_get_wbc_calibration:87 csh i=0, r_over_g=0.501466, b_over_g=0.540567, gr_over_gb=1.005865
01-01 03:31:47.676   353  1766 E mm-camera-sensor: imx179_mcnex_get_wbc_calibration:87 csh i=1, r_over_g=0.501466, b_over_g=0.540567, gr_over_gb=1.005865
01-01 03:31:47.676   353  1766 E mm-camera-sensor: imx179_mcnex_get_wbc_calibration:87 csh i=2, r_over_g=0.501466, b_over_g=0.540567, gr_over_gb=1.005865
01-01 03:31:47.676   353  1766 E mm-camera-sensor: imx179_mcnex_get_wbc_calibration:87 csh i=3, r_over_g=0.501466, b_over_g=0.540567, gr_over_gb=1.005865
01-01 03:31:47.676   353  1766 E mm-camera-sensor: imx179_mcnex_get_wbc_calibration:87 csh i=4, r_over_g=0.501466, b_over_g=0.540567, gr_over_gb=1.005865
01-01 03:31:47.676   353  1766 E mm-camera-sensor: imx179_mcnex_get_wbc_calibration:87 csh i=5, r_over_g=0.501466, b_over_g=0.540567, gr_over_gb=1.005865
01-01 03:31:47.676   353  1766 E mm-camera-sensor: imx179_mcnex_get_wbc_calibration:87 csh i=6, r_over_g=0.501466, b_over_g=0.540567, gr_over_gb=1.005865
01-01 03:31:47.676   353  1766 E mm-camera-sensor: imx179_mcnex_get_wbc_calibration:87 csh i=7, r_over_g=0.501466, b_over_g=0.540567, gr_over_gb=1.005865
01-01 03:31:47.676   353  1766 E mm-camera-sensor: imx179_mcnex_get_wbc_calibration:87 csh i=8, r_over_g=0.501466, b_over_g=0.540567, gr_over_gb=1.005865
01-01 03:31:47.677   353  1766 E mm-camera-sensor: imx179_mcnex_get_wbc_calibration:87 csh i=9, r_over_g=0.501466, b_over_g=0.540567, gr_over_gb=1.005865
01-01 03:31:47.677   353  1766 E mm-camera-sensor: imx179_mcnex_get_wbc_calibration:87 csh i=10, r_over_g=0.501466, b_over_g=0.540567, gr_over_gb=1.005865
01-01 03:31:47.677   353  1766 E mm-camera-sensor: imx179_mcnex_get_wbc_calibration:87 csh i=11, r_over_g=0.501466, b_over_g=0.540567, gr_over_gb=1.005865
01-01 03:31:47.692   353  1794 D mm-camera: mct_pipeline_start_session_thread thread_id is -1
01-01 03:31:47.692   353  1794 D mm-camera: cpp_module_start_session:423, info: starting session 2
01-01 03:31:47.693   353  1766 E mm-camera-sensor: sensor_write_init_settings:293 fuyipeng --- wirte t4k35 otp setting
01-01 03:31:47.693   353  1766 E mm-camera-sensor: sensor_write_init_settings:295 Write T4K35 Otp failed
01-01 03:31:47.711   314   488 I libmdmdetect: ESOC framework not supported
01-01 03:31:47.711   314   488 I libmdmdetect: Found internal modem: modem
01-01 03:31:47.712   314   488 I libmdmdetect: ESOC framework not supported
01-01 03:31:47.712   314   488 I libmdmdetect: Found internal modem: modem
01-01 03:31:47.715   314   488 I libmdmdetect: ESOC framework not supported
01-01 03:31:47.716   314   488 I libmdmdetect: Found internal modem: modem
01-01 03:31:47.716   314   488 I libmdmdetect: ESOC framework not supported
01-01 03:31:47.716   314   488 I libmdmdetect: Found internal modem: modem
01-01 03:31:47.717   314   488 I libmdmdetect: ESOC framework not supported
01-01 03:31:47.717   314   488 I libmdmdetect: Found internal modem: modem
01-01 03:31:47.717   314   488 I libmdmdetect: ESOC framework not supported
01-01 03:31:47.718   314   488 I libmdmdetect: Found internal modem: modem
01-01 03:31:47.729   314   488 I libmdmdetect: ESOC framework not supported
01-01 03:31:47.729   314   488 I libmdmdetect: Found internal modem: modem
01-01 03:31:47.754   353  1827 D mm-camera: mct_pipeline_start_session_thread thread_id is -1
01-01 03:31:47.755   353  1827 E mm-camera-img: module_imglib_start_session:1446 ###Img_Loglevel 0
01-01 03:31:47.770   353  1794 D mm-camera: cpp_module_start_session:485, info: session 2 started.
01-01 03:31:47.770   353  1794 D mm-camera: c2d_module_start_session:345, info: starting session 2
01-01 03:31:47.771   353  1893 D mm-camera: cpp_thread_func:63: cpp_thread entering the polling loop...thread_id is -1
01-01 03:31:47.782   353  1794 D mm-camera: c2d_module_start_session:419, info: session 2 started.
01-01 03:31:47.782   353   353 E mm-camera-sensor: module_sensor_query_mod:4218 led flash is not supported for this sensor.
01-01 03:31:47.782   353   353 E mm-camera: Tuning lib open failed: dlopen failed: library "libmmcamera_tuning.so" not found
01-01 03:31:47.783   353  1894 D mm-camera: c2d_thread_func:45: c2d_thread entering the polling loop... thread_id is -1
01-01 03:31:47.783   353  1898 D mm-camera: mct_controller_thread_run thread_id is -1
01-01 03:31:47.788   314   488 I libmdmdetect: ESOC framework not supported
01-01 03:31:47.789   314   488 I libmdmdetect: Found internal modem: modem
01-01 03:31:47.789   314   488 I libmdmdetect: ESOC framework not supported
01-01 03:31:47.789   314   488 I libmdmdetect: Found internal modem: modem
01-01 03:31:47.801   353  1898 E mm-camera-sensor: module_sensor_query_mod:4218 led flash is not supported for this sensor.
01-01 03:31:47.801   353  1898 D mm-camera: mct_pipeline_populate_query_cap_buffer: totalram = 1982734336, freeram = 1504489472 
01-01 03:31:47.833   353  1898 D mm-camera: mct_pipeline_process_set:command=800000e
01-01 03:31:47.838   328   396 I ThermalEngine: Thermal-Server: Adding thermal event listener on fd 43
01-01 03:31:47.838   316  1919 I chatty  : uid=1013(media) /system/bin/mediaserver expire 2 lines
01-01 03:31:47.839   353  1898 D mm-camera: mct_pipeline_process_set:command=800000e
01-01 03:31:47.845   353  1898 D mm-camera: mct_pipeline_process_set:command=800000e
01-01 03:31:47.846   353  1898 D mm-camera: mct_pipeline_process_set:command=800000e
01-01 03:31:47.855   328   396 I ThermalEngine: Thermal-Server: removing client on fd 43
01-01 03:31:47.857   353  1898 D mm-camera: mct_pipeline_process_set:command=800000b
01-01 03:31:47.863   353   353 D mm-camera: mct_pipeline_stop_session - E
01-01 03:31:47.864   353  1922 D mm-camera: mct_pipeline_stop_session_thread thread_id is -1
01-01 03:31:47.864   353  1922 D mm-camera: mct_pipeline_stop_session_thread: Stop module name: sensor - E
01-01 03:31:47.864   353  1922 E mm-camera-sensor: module_sensor_deinit_session:650 restore backlight level when exit camera
01-01 03:31:47.864   353  1922 E mm-camera-sensor: sensor_set_zte_backlight_level:2140 set_backlight_level 1
01-01 03:31:47.864   353  1923 D mm-camera: mct_pipeline_stop_session_thread thread_id is -1
01-01 03:31:47.867   353  1923 D mm-camera: mct_pipeline_stop_session_thread: Stop module name: iface - E
01-01 03:31:47.867   353  1923 D mm-camera: mct_pipeline_stop_session_thread: Stop module name: iface - X
01-01 03:31:47.867   353  1924 D mm-camera: mct_pipeline_stop_session_thread thread_id is -1
01-01 03:31:47.867   353  1924 D mm-camera: mct_pipeline_stop_session_thread: Stop module name: isp - E
01-01 03:31:47.869   353  1924 D mm-camera: mct_pipeline_stop_session_thread: Stop module name: isp - X
01-01 03:31:47.869   353  1925 D mm-camera: mct_pipeline_stop_session_thread thread_id is -1
01-01 03:31:47.870   353  1925 D mm-camera: mct_pipeline_stop_session_thread: Stop module name: stats - E
01-01 03:31:47.870   353  1925 D mm-camera: mct_pipeline_stop_session_thread: Stop module name: stats - X
01-01 03:31:47.871   353  1926 D mm-camera: mct_pipeline_stop_session_thread thread_id is -1
01-01 03:31:47.871   353  1926 D mm-camera: mct_pipeline_stop_session_thread: Stop module name: pproc - E
01-01 03:31:47.871   353  1926 D mm-camera: cpp_module_stop_session:501, info: stopping session 2 ...
01-01 03:31:47.871   353  1893 D mm-camera: cpp_thread_process_pipe_message:377, CPP_THREAD_MSG_ABORT: cpp_thread exiting..
01-01 03:31:47.872   353  1927 D mm-camera: mct_pipeline_stop_session_thread thread_id is -1
01-01 03:31:47.872   353  1926 D mm-camera: cpp_module_stop_session:534, info: session 2 stopped.
01-01 03:31:47.872   353  1926 D mm-camera: c2d_module_stop_session:435, info: stopping session 2 ...
01-01 03:31:47.872   353  1894 D mm-camera: c2d_thread_process_pipe_message:723, C2D_THREAD_MSG_ABORT: c2d_thread exiting..
01-01 03:31:47.872   353   353 E mm-camera: mct_pipeline_stop_session: left modules: 5
01-01 03:31:47.872   353   353 E mm-camera: mct_pipeline_stop_session: left modules: 4
01-01 03:31:47.872   353   353 E mm-camera: mct_pipeline_stop_session: left modules: 3
01-01 03:31:47.873   353  1926 D mm-camera: c2d_module_stop_session:479, info: session 2 stopped.
01-01 03:31:47.873   353  1926 D mm-camera: mct_pipeline_stop_session_thread: Stop module name: pproc - X
01-01 03:31:47.873   353   353 E mm-camera: mct_pipeline_stop_session: left modules: 2
01-01 03:31:47.873   353  1927 D mm-camera: mct_pipeline_stop_session_thread: Stop module name: imglib - E
01-01 03:31:47.873   353  1927 D mm-camera: mct_pipeline_stop_session_thread: Stop module name: imglib - X
01-01 03:31:47.873   353   353 E mm-camera: mct_pipeline_stop_session: left modules: 1
01-01 03:31:47.874   353  1828 E mm-camera: Got some events
01-01 03:31:47.874   353  1922 D mm-camera: mct_pipeline_stop_session_thread: Stop module name: sensor - X
01-01 03:31:47.879   353   353 E mm-camera: mct_pipeline_stop_session: left modules: 0
01-01 03:31:47.880   353   353 D mm-camera: mct_pipeline_stop_session - X
01-01 03:31:48.100   325   325 E USB_UICC: Timeout! No signal received. Retry num = 3
01-01 03:31:49.100   325   325 E USB_UICC: Timeout! No signal received. Retry num = 4
01-01 03:31:49.204   310   310 V NatController: runCmd(/system/bin/iptables -w -F natctrl_FORWARD) res=0
01-01 03:31:49.216   310   310 V NatController: runCmd(/system/bin/iptables -w -A natctrl_FORWARD -j DROP) res=0
01-01 03:31:49.230   310   310 V NatController: runCmd(/system/bin/iptables -w -t nat -F natctrl_nat_POSTROUTING) res=0
01-01 03:31:49.247   310   310 V NatController: runCmd(/system/bin/iptables -w -F natctrl_tether_counters) res=1
01-01 03:31:49.263   310   310 V NatController: runCmd(/system/bin/iptables -w -X natctrl_tether_counters) res=1
01-01 03:31:49.276   310   310 V NatController: runCmd(/system/bin/iptables -w -N natctrl_tether_counters) res=0
01-01 03:31:49.289   310   310 V NatController: runCmd(/system/bin/iptables -w -t mangle -A natctrl_mangle_FORWARD -p tcp --tcp-flags SYN SYN -j TCPMSS --clamp-mss-to-pmtu) res=0
01-01 03:31:49.437  1034  1116 D BootAnimation: Use save memory method, maybe small fps in actual.
01-01 03:31:50.101   325   325 E USB_UICC: Timeout! No signal received. Retry num = 5
01-01 03:31:50.144   310   310 D MDnsDS  : MDnsSdListener::Hander starting up
01-01 03:31:50.145   310  2222 D MDnsDS  : MDnsSdListener starting to monitor
01-01 03:31:50.145   310  2222 D MDnsDS  : Going to poll with pollCount 1
01-01 03:31:50.352   446   446 I MSM-irqbalance: Discovered a new IRQ: 61
01-01 03:31:50.352   446   446 I MSM-irqbalance: Discovered a new IRQ: 81
01-01 03:31:50.352   446   446 I MSM-irqbalance: Discovered a new IRQ: 89
01-01 03:31:50.353   446   446 I MSM-irqbalance: Decided to move IRQ61 from CPU0 [P:0] to CPU4 [P:1] (banned)
01-01 03:31:50.354   446   446 I MSM-irqbalance: Decided to move IRQ89 from CPU0 [P:0] to CPU7 [P:1] (banned)
01-01 03:31:50.354   446   446 I MSM-irqbalance: Decided to move IRQ81 from CPU0 [P:0] to CPU4 [P:1] (banned)
01-01 03:31:51.013   479   479 I libmdmdetect: ESOC framework not supported
01-01 03:31:51.014   479   479 I libmdmdetect: Found internal modem: modem
01-01 03:31:51.101   325   325 E USB_UICC: Timeout! No signal received. Retry num = 6
01-01 03:31:52.101   325   325 E USB_UICC: Timeout! No signal received. Retry num = 7
01-01 03:31:52.522   479   479 I libmdmdetect: ESOC framework not supported
01-01 03:31:52.522   479   479 I libmdmdetect: Found internal modem: modem
01-01 03:31:52.528   479   479 I libmdmdetect: ESOC framework not supported
01-01 03:31:52.535   479   479 I libmdmdetect: Found internal modem: modem
01-01 03:31:52.535   479   479 I libmdmdetect: ESOC framework not supported
01-01 03:31:52.535   479   479 I libmdmdetect: Found internal modem: modem
01-01 03:31:52.550   479   479 I libmdmdetect: ESOC framework not supported
01-01 03:31:52.550   479   479 I libmdmdetect: Found internal modem: modem
01-01 03:31:52.567   479   479 I libmdmdetect: ESOC framework not supported
01-01 03:31:52.567   479   479 I libmdmdetect: Found internal modem: modem
01-01 03:31:52.583   479   479 I libmdmdetect: ESOC framework not supported
01-01 03:31:52.583   479   479 I libmdmdetect: Found internal modem: modem
01-01 03:31:52.593  1175  1175 W dex2oat : Skipping class com.quicinc.tcmiface.DpmTcmIface from /system/framework/org.apache.http.legacy.boot.jar previously found in /system/framework/okhttp.jar
01-01 03:31:52.630   479   479 I libmdmdetect: ESOC framework not supported
01-01 03:31:52.630   479   479 I libmdmdetect: Found internal modem: modem
01-01 03:31:52.631   479   479 I libmdmdetect: ESOC framework not supported
01-01 03:31:52.632   479   479 I libmdmdetect: Found internal modem: modem
01-01 03:31:52.732  1154  1154 W dex2oat : Skipping class com.quicinc.tcmiface.DpmTcmIface from /system/framework/org.apache.http.legacy.boot.jar previously found in /system/framework/okhttp.jar
01-01 03:31:52.914   479   479 I libmdmdetect: ESOC framework not supported
01-01 03:31:52.914   479   479 I libmdmdetect: Found internal modem: modem
01-01 03:31:52.914   479   479 I libmdmdetect: ESOC framework not supported
01-01 03:31:52.915   479   479 I libmdmdetect: Found internal modem: modem
01-01 03:31:52.922   479   479 I libmdmdetect: ESOC framework not supported
01-01 03:31:52.923   479   479 I libmdmdetect: Found internal modem: modem
01-01 03:31:52.954   479   479 I libmdmdetect: ESOC framework not supported
01-01 03:31:52.954   479   479 I libmdmdetect: Found internal modem: modem
01-01 03:31:52.985   479   479 I libmdmdetect: ESOC framework not supported
01-01 03:31:52.985   479   479 I libmdmdetect: Found internal modem: modem
01-01 03:31:53.017   479   479 I libmdmdetect: ESOC framework not supported
01-01 03:31:53.018   479   479 I libmdmdetect: Found internal modem: modem
01-01 03:31:53.018   479   479 I libmdmdetect: ESOC framework not supported
01-01 03:31:53.018   479   479 I libmdmdetect: Found internal modem: modem
01-01 03:31:53.101   325   325 E USB_UICC: Timeout! No signal received. Retry num = 8
01-01 03:31:53.119   316   316 I chatty  : uid=1013(media) /system/bin/mediaserver expire 241 lines
01-01 03:31:53.302   479   479 I libmdmdetect: ESOC framework not supported
01-01 03:31:53.303   479   479 I libmdmdetect: Found internal modem: modem
01-01 03:31:53.303   479   479 I libmdmdetect: ESOC framework not supported
01-01 03:31:53.303   479   479 I libmdmdetect: Found internal modem: modem
01-01 03:31:53.331   479   479 I libmdmdetect: ESOC framework not supported
01-01 03:31:53.331   479   479 I libmdmdetect: Found internal modem: modem
01-01 03:31:53.354   479   479 I libmdmdetect: ESOC framework not supported
01-01 03:31:53.354   479   479 I libmdmdetect: Found internal modem: modem
01-01 03:31:53.362   479   479 I libmdmdetect: ESOC framework not supported
01-01 03:31:53.362   479   479 I libmdmdetect: Found internal modem: modem
01-01 03:31:53.382   479   479 I libmdmdetect: ESOC framework not supported
01-01 03:31:53.382   479   479 I libmdmdetect: Found internal modem: modem
01-01 03:31:53.383   479   479 I libmdmdetect: ESOC framework not supported
01-01 03:31:53.383   479   479 I libmdmdetect: Found internal modem: modem
01-01 03:31:53.401   316  2671 I chatty  : uid=1013(media) /system/bin/mediaserver expire 4 lines
01-01 03:31:53.420   316  2686 I chatty  : uid=1013(media) /system/bin/mediaserver expire 1 line
01-01 03:31:53.448   316  2695 I chatty  : uid=1013(media) /system/bin/mediaserver expire 1 line
--------- beginning of crash
01-01 03:31:53.630   316   316 F libc    : Fatal signal 11 (SIGSEGV), code 1, fault addr 0xaa006f67 in tid 316 (mediaserver)
01-01 03:31:53.631   311   311 I DEBUG   : property debug.db.uid not set; NOT waiting for gdb.
01-01 03:31:53.631   311   311 I DEBUG   : HINT: adb shell setprop debug.db.uid 100000
01-01 03:31:53.631   311   311 I DEBUG   : HINT: adb forward tcp:5039 tcp:5039
01-01 03:31:53.687   479   479 I libmdmdetect: ESOC framework not supported
01-01 03:31:53.687   479   479 I libmdmdetect: Found internal modem: modem
01-01 03:31:53.687   479   479 I libmdmdetect: ESOC framework not supported
01-01 03:31:53.688   479   479 I libmdmdetect: Found internal modem: modem
01-01 03:31:53.708   479   479 I libmdmdetect: ESOC framework not supported
01-01 03:31:53.708   479   479 I libmdmdetect: Found internal modem: modem
01-01 03:31:53.715   479   479 I libmdmdetect: ESOC framework not supported
01-01 03:31:53.716   479   479 I libmdmdetect: Found internal modem: modem
01-01 03:31:53.733   311   311 F DEBUG   : *** *** *** *** *** *** *** *** *** *** *** *** *** *** *** ***
01-01 03:31:53.733   311   311 F DEBUG   : LineageOS Version: '13.0-20170615-UNOFFICIAL-nx512j'
01-01 03:31:53.734   311   311 F DEBUG   : Build fingerprint: 'nubia/NX512J/NX512J:5.1.1/LMY47V/eng.nubia.20160217.193825:user/release-keys'
01-01 03:31:53.734   311   311 F DEBUG   : Revision: '0'
01-01 03:31:53.734   311   311 F DEBUG   : ABI: 'arm'
01-01 03:31:53.734   311   311 F DEBUG   : pid: 316, tid: 316, name: mediaserver  >>> /system/bin/mediaserver <<<
01-01 03:31:53.734   311   311 F DEBUG   : signal 11 (SIGSEGV), code 1 (SEGV_MAPERR), fault addr 0xaa006f67
01-01 03:31:53.741   311   311 F DEBUG   :     r0 00000030  r1 00000000  r2 4c7ad97f  r3 00000003
01-01 03:31:53.741   311   311 F DEBUG   :     r4 aa006f63  r5 00000000  r6 f3fad938  r7 f3fadbd8
01-01 03:31:53.741   311   311 F DEBUG   :     r8 f3fadaa8  r9 ab024450  sl f3fb2474  fp 00000000
01-01 03:31:53.741   311   311 F DEBUG   :     ip ffe610e8  sp ffe61590  lr f3fa8b1b  pc f3fa8b1a  cpsr 600f0030
01-01 03:31:53.742   479   479 I libmdmdetect: ESOC framework not supported
01-01 03:31:53.742   479   479 I libmdmdetect: Found internal modem: modem
01-01 03:31:53.744   311   311 F DEBUG   : 
01-01 03:31:53.744   311   311 F DEBUG   : backtrace:
01-01 03:31:53.744   311   311 F DEBUG   :     #00 pc 00001b1a  /system/vendor/lib/libacdbloader.so
01-01 03:31:53.744   311   311 F DEBUG   :     #01 pc 000035af  /system/vendor/lib/libacdbloader.so (acdb_loader_init_v2+586)
01-01 03:31:53.744   311   311 F DEBUG   :     #02 pc 00004749  /system/vendor/lib/hw/sound_trigger.primary.msm8916.so (platform_stdev_init+488)
01-01 03:31:53.744   311   311 F DEBUG   :     #03 pc 00002b77  /system/vendor/lib/hw/sound_trigger.primary.msm8916.so
01-01 03:31:53.744   311   311 F DEBUG   :     #04 pc 00008465  /system/lib/libsoundtriggerservice.so (_ZN7android21SoundTriggerHwService10onFirstRefEv+76)
01-01 03:31:53.744   311   311 F DEBUG   :     #05 pc 0000228f  /system/bin/mediaserver
01-01 03:31:53.744   311   311 F DEBUG   :     #06 pc 00001a03  /system/bin/mediaserver
01-01 03:31:53.744   311   311 F DEBUG   :     #07 pc 000157d5  /system/lib/libc.so (__libc_init+52)
01-01 03:31:53.744   311   311 F DEBUG   :     #08 pc 00001840  /system/bin/mediaserver
01-01 03:31:53.762   479   479 I libmdmdetect: ESOC framework not supported
01-01 03:31:53.762   479   479 I libmdmdetect: Found internal modem: modem
01-01 03:31:53.763   479   479 I libmdmdetect: ESOC framework not supported
01-01 03:31:53.763   479   479 I libmdmdetect: Found internal modem: modem
01-01 07:03:21.239   263   263 I auditd  : type=1403 audit(0.0:2): policy loaded auid=4294967295 ses=4294967295
01-01 07:03:24.009   287   287 I init    : type=1400 audit(0.0:3): avc: denied { execute_no_trans } for path="/sbin/sswap" dev="rootfs" ino=8242 scontext=u:r:init:s0 tcontext=u:object_r:rootfs:s0 tclass=file permissive=1
01-01 07:03:24.109   326   326 I init    : type=1400 audit(0.0:4): avc: denied { execute_no_trans } for path="/system/bin/akmd09911" dev="mmcblk0p22" ino=40964 scontext=u:r:init:s0 tcontext=u:object_r:system_file:s0 tclass=file permissive=1
01-01 07:03:24.189   324   324 I ptt_socket_app: type=1400 audit(0.0:5): avc: denied { setattr } for name="WCNSS_qcom_wlan_nv.bin" dev="mmcblk0p23" ino=13 scontext=u:r:wcnss_service:s0 tcontext=u:object_r:persist_file:s0 tclass=file permissive=1
01-01 07:03:24.229   324   324 I ptt_socket_app: type=1400 audit(0.0:6): avc: denied { chown } for capability=0 scontext=u:r:wcnss_service:s0 tcontext=u:r:wcnss_service:s0 tclass=capability permissive=1
01-01 03:31:54.023   479   479 I libmdmdetect: ESOC framework not supported
01-01 03:31:54.023   479   479 I libmdmdetect: Found internal modem: modem
01-01 03:31:54.024   479   479 I libmdmdetect: ESOC framework not supported
01-01 03:31:54.024   479   479 I libmdmdetect: Found internal modem: modem
01-01 03:31:54.029   479   479 I libmdmdetect: ESOC framework not supported
01-01 03:31:54.030   479   479 I libmdmdetect: Found internal modem: modem
01-01 03:31:54.043   479   479 I libmdmdetect: ESOC framework not supported
01-01 03:31:54.043   479   479 I libmdmdetect: Found internal modem: modem
01-01 03:31:54.052   479   479 I libmdmdetect: ESOC framework not supported
01-01 03:31:54.052   479   479 I libmdmdetect: Found internal modem: modem
01-01 03:31:54.059   479   479 I libmdmdetect: ESOC framework not supported
01-01 03:31:54.059   479   479 I libmdmdetect: Found internal modem: modem
01-01 03:31:54.060   479   479 I libmdmdetect: ESOC framework not supported
01-01 03:31:54.060   479   479 I libmdmdetect: Found internal modem: modem
01-01 03:31:54.095   311   311 F DEBUG   : 
01-01 03:31:54.095   311   311 F DEBUG   : Tombstone written to: /data/tombstones/tombstone_00
01-01 03:31:54.100   280   280 I ServiceManager: service 'media.resource_manager' died
01-01 03:31:54.100   280   280 I ServiceManager: service 'media.audio_flinger' died
01-01 03:31:54.100   280   280 I ServiceManager: service 'media.player' died
01-01 03:31:54.100   280   280 I ServiceManager: service 'media.camera' died
01-01 03:31:54.100   280   280 I ServiceManager: service 'media.audio_policy' died
01-01 03:31:54.103   325   325 E USB_UICC: Timeout! No signal received. Retry num = 9
01-01 03:31:54.348   479   479 I libmdmdetect: ESOC framework not supported
01-01 03:31:54.349   479   479 I libmdmdetect: Found internal modem: modem
01-01 03:31:54.350   479   479 I libmdmdetect: ESOC framework not supported
01-01 03:31:54.350   479   479 I libmdmdetect: Found internal modem: modem
01-01 03:31:54.360   479   479 I libmdmdetect: ESOC framework not supported
01-01 03:31:54.360   479   479 I libmdmdetect: Found internal modem: modem
01-01 03:31:54.380   479   479 I libmdmdetect: ESOC framework not supported
01-01 03:31:54.380   479   479 I libmdmdetect: Found internal modem: modem
01-01 03:31:54.399   479   479 I libmdmdetect: ESOC framework not supported
01-01 03:31:54.399   479   479 I libmdmdetect: Found internal modem: modem
01-01 03:31:54.411   479   479 I libmdmdetect: ESOC framework not supported
01-01 03:31:54.412   479   479 I libmdmdetect: Found internal modem: modem
01-01 03:31:54.412   479   479 I libmdmdetect: ESOC framework not supported
01-01 03:31:54.412   479   479 I libmdmdetect: Found internal modem: modem
01-01 03:31:54.761  2890  2890 V MediaUtils: physMem: 1982734336
01-01 03:31:54.761  2890  2890 V MediaUtils: requested limit: 1288777295
01-01 03:31:54.763  2890  2890 V MediaUtils: actual limit: 1288777295
01-01 03:31:54.763  2890  2890 V MediaUtils: original limits: 4294967295/4294967295
01-01 03:31:54.763  2890  2890 V MediaUtils: new limits: 1288777295/4294967295
01-01 03:31:54.768  2890  2890 I mediaserver: ServiceManager: 0xab205be0
01-01 03:31:54.768  2890  2890 I AudioFlinger: Using default 3000 mSec as standby time.
01-01 03:31:54.774   479   479 I libmdmdetect: ESOC framework not supported
01-01 03:31:54.774   479   479 I libmdmdetect: Found internal modem: modem
01-01 03:31:54.774   479   479 I libmdmdetect: ESOC framework not supported
01-01 03:31:54.775   479   479 I libmdmdetect: Found internal modem: modem
01-01 03:31:54.778  2890  2890 E BatteryNotifier: batterystats service unavailable!
01-01 03:31:54.778  2890  2890 E BatteryNotifier: batterystats service unavailable!
01-01 03:31:54.782  2890  2890 I CameraService: CameraService started (pid=2890)
01-01 03:31:54.782   479   479 I libmdmdetect: ESOC framework not supported
01-01 03:31:54.782  2890  2890 I CameraService: CameraService process starting
01-01 03:31:54.782   479   479 I libmdmdetect: Found internal modem: modem
01-01 03:31:54.784  2890  2890 E BatteryNotifier: batterystats service unavailable!
01-01 03:31:54.785  2890  2890 E BatteryNotifier: batterystats service unavailable!
01-01 03:31:54.794   479   479 I libmdmdetect: ESOC framework not supported
01-01 03:31:54.795   479   479 I libmdmdetect: Found internal modem: modem
01-01 03:31:54.802   479   479 I libmdmdetect: ESOC framework not supported
01-01 03:31:54.802   479   479 I libmdmdetect: Found internal modem: modem
01-01 03:31:54.810   479   479 I libmdmdetect: ESOC framework not supported
01-01 03:31:54.811   479   479 I libmdmdetect: Found internal modem: modem
01-01 03:31:54.812   479   479 I libmdmdetect: ESOC framework not supported
01-01 03:31:54.812   479   479 I libmdmdetect: Found internal modem: modem
01-01 03:31:54.959  2890  2890 D mm-camera-intf: get_num_of_cameras gMmCameraIntfLogLevel=1
01-01 03:31:54.959  2890  2890 E mm-camera-intf: entity id 1
01-01 03:31:54.959  2890  2890 E mm-camera-intf: entity name video0 type 65537 group id 2
01-01 03:31:54.959  2890  2890 E mm-camera-intf: entity id 2
01-01 03:31:54.959  2890  2890 E mm-camera-intf: entity name msm_cci type 131072 group id 0
01-01 03:31:54.959  2890  2890 E mm-camera-intf: entity id 3
01-01 03:31:54.959  2890  2890 E mm-camera-intf: entity name v4l-subdev0 type 131072 group id 0
01-01 03:31:54.959  2890  2890 E mm-camera-intf: entity id 4
01-01 03:31:54.959  2890  2890 E mm-camera-intf: entity name v4l-subdev1 type 131072 group id 0
01-01 03:31:54.959  2890  2890 E mm-camera-intf: entity id 5
01-01 03:31:54.959  2890  2890 E mm-camera-intf: entity name v4l-subdev2 type 131072 group id 1
01-01 03:31:54.959  2890  2890 E mm-camera-intf: entity id 6
01-01 03:31:54.959  2890  2890 E mm-camera-intf: entity name v4l-subdev3 type 131072 group id 1
01-01 03:31:54.959  2890  2890 E mm-camera-intf: entity id 7
01-01 03:31:54.959  2890  2890 E mm-camera-intf: entity name v4l-subdev4 type 131072 group id 1
01-01 03:31:54.959  2890  2890 E mm-camera-intf: entity id 8
01-01 03:31:54.959  2890  2890 E mm-camera-intf: entity name v4l-subdev5 type 131072 group id 7
01-01 03:31:54.959  2890  2890 E mm-camera-intf: entity id 9
01-01 03:31:54.959  2890  2890 E mm-camera-intf: entity name v4l-subdev6 type 131072 group id 11
01-01 03:31:54.959  2890  2890 E mm-camera-intf: entity id 10
01-01 03:31:54.959  2890  2890 E mm-camera-intf: entity name v4l-subdev7 type 131072 group id 8
01-01 03:31:54.959  2890  2890 E mm-camera-intf: entity id 11
01-01 03:31:54.959  2890  2890 E mm-camera-intf: entity name v4l-subdev8 type 131072 group id 8
01-01 03:31:54.959  2890  2890 E mm-camera-intf: entity id 12
01-01 03:31:54.959  2890  2890 E mm-camera-intf: entity name v4l-subdev9 type 131072 group id 14
01-01 03:31:54.959  2890  2890 E mm-camera-intf: entity id 1
01-01 03:31:54.959  2890  2890 E mm-camera-intf: entity name video1 type 65537 group id 2
01-01 03:31:54.959  2890  2890 E mm-camera-intf: entity id 2
01-01 03:31:54.959  2890  2890 E mm-camera-intf: Done enumerating media entities
01-01 03:31:54.959  2890  2890 E mm-camera-intf: entity id 1
01-01 03:31:54.959  2890  2890 E mm-camera-intf: entity name video2 type 65537 group id 2
01-01 03:31:54.959  2890  2890 E mm-camera-intf: entity id 2
01-01 03:31:54.959  2890  2890 E mm-camera-intf: Done enumerating media entities
01-01 03:31:54.960  2890  2890 D mm-camera-intf: index = 0 flag = 1 mount_angle = 90 facing = 0
01-01 03:31:54.960  2890  2890 D mm-camera-intf: index = 1 flag = 103 mount_angle = 270 facing = 1
01-01 03:31:54.960  2890  2890 I CameraService: Loaded "Z9 Max Camera Wrapper" camera module
01-01 03:31:54.960  2890  2890 I CameraFlashlight: Opening camera 0
01-01 03:31:54.960  2890  2890 I QCamera2HWI: static void qcamera::QCamera2HardwareInterface::getLogLevel() gCamHalLogLevel=1
01-01 03:31:54.962  2890  2890 E QCOM PowerHAL: Unable to open prefetcher: dlopen failed: library "libqti-iop-client.so" not found
01-01 03:31:54.962  2890  2890 E QCOM PowerHAL: Failed to get prefetcher handle.
01-01 03:31:54.963  2890  2890 D QCamera2HWI: [KPI Perf] int qcamera::QCamera2HardwareInterface::openCamera(hw_device_t**): E PROFILE_OPEN_CAMERA camera id 0
01-01 03:31:54.963  2890  2890 E mm-camera-intf: mm_camera_open: dev name = /dev/video1, cam_idx = 1
01-01 03:31:54.967   353  3177 D mm-camera: mct_pipeline_start_session_thread thread_id is -1
01-01 03:31:54.968   353  3178 D mm-camera: mct_pipeline_start_session_thread thread_id is -1
01-01 03:31:54.968  2890  3176 D QCamera2HWI: static void* qcamera::QCamera2HardwareInterface::defferedWorkRoutine(void*): start data proc
01-01 03:31:54.969  2890  3175 D QCameraStateMachine: static void* qcamera::QCameraStateMachine::smEvtProcRoutine(void*): E
01-01 03:31:54.969   353  3179 D mm-camera: mct_pipeline_start_session_thread thread_id is -1
01-01 03:31:54.969   353  3179 E mm-camera: isp_tintless_get_version: lib returned version 3.61 err=0
01-01 03:31:54.976   353  3180 D mm-camera: mct_pipeline_start_session_thread thread_id is -1
01-01 03:31:54.982   353  3183 D mm-camera: mct_pipeline_start_session_thread thread_id is -1
01-01 03:31:54.983   353  3184 D mm-camera: mct_pipeline_start_session_thread thread_id is -1
01-01 03:31:54.983   353  3184 E mm-camera-img: module_imglib_start_session:1446 ###Img_Loglevel 0
01-01 03:31:54.983   353  3183 D mm-camera: cpp_module_start_session:423, info: starting session 1
01-01 03:31:55.004   479   479 I libmdmdetect: ESOC framework not supported
01-01 03:31:55.005   479   479 I libmdmdetect: Found internal modem: modem
01-01 03:31:55.005   479   479 I libmdmdetect: ESOC framework not supported
01-01 03:31:55.006   479   479 I libmdmdetect: Found internal modem: modem
01-01 03:31:55.016   479   479 I libmdmdetect: ESOC framework not supported
01-01 03:31:55.016   479   479 I libmdmdetect: Found internal modem: modem
01-01 03:31:55.024   353  3177 E mm-camera-sensor: eeprom_load_library:718 e_ctrl->eeprom_lib.func_tbl =0xf60ee290
01-01 03:31:55.024   353  3177 E mm-camera-sensor: imx234_bu64297gwz_get_af_calibration:201 af_checksum_valid=1
01-01 03:31:55.024   353  3177 E mm-camera-sensor: imx234_bu64297gwz_get_af_calibration:210 csh macro_dac=755, infinity_dac=460 start=0
01-01 03:31:55.024   353  3177 E mm-camera-sensor: imx234_bu64297gwz_get_wbc_calibration:230 hljing, Module_ID: 0x1, PD: 2015-4-21
01-01 03:31:55.024   353  3177 E mm-camera-sensor: imx234_bu64297gwz_get_wbc_calibration:239 awb_checksum_valid=1
01-01 03:31:55.024   353  3177 E mm-camera-sensor: imx234_bu64297gwz_get_wbc_calibration:251 csh i=0, r_over_g=0.559140, b_over_g=0.598240, gr_over_gb=0.998045
01-01 03:31:55.024   353  3177 E mm-camera-sensor: imx234_bu64297gwz_get_wbc_calibration:251 csh i=1, r_over_g=0.559140, b_over_g=0.598240, gr_over_gb=0.998045
01-01 03:31:55.024   353  3177 E mm-camera-sensor: imx234_bu64297gwz_get_wbc_calibration:251 csh i=2, r_over_g=0.559140, b_over_g=0.598240, gr_over_gb=0.998045
01-01 03:31:55.024   353  3177 E mm-camera-sensor: imx234_bu64297gwz_get_wbc_calibration:251 csh i=3, r_over_g=0.559140, b_over_g=0.598240, gr_over_gb=0.998045
01-01 03:31:55.024   353  3177 E mm-camera-sensor: imx234_bu64297gwz_get_wbc_calibration:251 csh i=4, r_over_g=0.559140, b_over_g=0.598240, gr_over_gb=0.998045
01-01 03:31:55.024   353  3177 E mm-camera-sensor: imx234_bu64297gwz_get_wbc_calibration:251 csh i=5, r_over_g=0.559140, b_over_g=0.598240, gr_over_gb=0.998045
01-01 03:31:55.024   353  3177 E mm-camera-sensor: imx234_bu64297gwz_get_wbc_calibration:251 csh i=6, r_over_g=0.559140, b_over_g=0.598240, gr_over_gb=0.998045
01-01 03:31:55.024   353  3177 E mm-camera-sensor: imx234_bu64297gwz_get_wbc_calibration:251 csh i=7, r_over_g=0.559140, b_over_g=0.598240, gr_over_gb=0.998045
01-01 03:31:55.024   353  3177 E mm-camera-sensor: imx234_bu64297gwz_get_wbc_calibration:251 csh i=8, r_over_g=0.559140, b_over_g=0.598240, gr_over_gb=0.998045
01-01 03:31:55.024   353  3177 E mm-camera-sensor: imx234_bu64297gwz_get_wbc_calibration:251 csh i=9, r_over_g=0.559140, b_over_g=0.598240, gr_over_gb=0.998045
01-01 03:31:55.024   353  3177 E mm-camera-sensor: imx234_bu64297gwz_get_wbc_calibration:251 csh i=10, r_over_g=0.559140, b_over_g=0.598240, gr_over_gb=0.998045
01-01 03:31:55.024   353  3177 E mm-camera-sensor: imx234_bu64297gwz_get_wbc_calibration:251 csh i=11, r_over_g=0.559140, b_over_g=0.598240, gr_over_gb=0.998045
01-01 03:31:55.024   353  3177 E mm-camera-sensor: sum=145404
01-01 03:31:55.024   353  3177 E mm-camera-sensor: sum=54
01-01 03:31:55.024   353  3177 E mm-camera-sensor: buf[0x21]=54
01-01 03:31:55.024   353  3177 E mm-camera-sensor: imx234_bu64297gwz_get_lsc_calibration:291 lsc_checksum_valid=1
01-01 03:31:55.037   479   479 I libmdmdetect: ESOC framework not supported
01-01 03:31:55.038   479   479 I libmdmdetect: Found internal modem: modem
01-01 03:31:55.050   479   479 I libmdmdetect: ESOC framework not supported
01-01 03:31:55.050   479   479 I libmdmdetect: Found internal modem: modem
01-01 03:31:55.069   353  3183 D mm-camera: cpp_module_start_session:485, info: session 1 started.
01-01 03:31:55.069   353  3183 D mm-camera: c2d_module_start_session:345, info: starting session 1
01-01 03:31:55.070   353  3222 D mm-camera: cpp_thread_func:63: cpp_thread entering the polling loop...thread_id is -1
01-01 03:31:55.076   353  3183 D mm-camera: c2d_module_start_session:419, info: session 1 started.
01-01 03:31:55.076   353  3226 D mm-camera: c2d_thread_func:45: c2d_thread entering the polling loop... thread_id is -1
01-01 03:31:55.091   479   479 I libmdmdetect: ESOC framework not supported
01-01 03:31:55.091   479   479 I libmdmdetect: Found internal modem: modem
01-01 03:31:55.092   479   479 I libmdmdetect: ESOC framework not supported
01-01 03:31:55.093   479   479 I libmdmdetect: Found internal modem: modem
01-01 03:31:55.103   325   325 E USB_UICC: Timeout! No signal received. Retry num = 10
01-01 03:31:55.135   353  3177 E mm-camera-sensor: sensor_write_init_settings:293 fuyipeng --- wirte t4k35 otp setting
01-01 03:31:55.135   353  3177 E mm-camera-sensor: sensor_write_init_settings:295 Write T4K35 Otp failed
01-01 03:31:55.135   353  3177 E mm-camera-sensor: actuator_load_lib:374 name=rohm_bu64297gwz, mode=camera
01-01 03:31:55.136   353  3177 E mm-camera-sensor: actuator_load_lib:374 name=rohm_bu64297gwz, mode=camcorder
01-01 03:31:55.136   353  3177 E mm-camera-sensor: af_actuator_set_name:31 failed rc -1
01-01 03:31:55.136   353  3177 E mm-camera-sensor: eeprom_do_af_calibration:643 turn on Cal af(1)
01-01 03:31:55.136   353  3177 E mm-camera-sensor: eeprom_autofocus_calibration:102 hljing module_name =SUNNY-IMX234,actuator_name = ROHM_BU64297GWZ, total_steps = 550, adjust_ration =0.940000
01-01 03:31:55.137   353  3177 E mm-camera-sensor: eeprom_autofocus_calibration:127 hljing initial_code = 380, total_steps = 517
01-01 03:31:55.140   353   353 E mm-camera: Tuning lib open failed: dlopen failed: library "libmmcamera_tuning.so" not found
01-01 03:31:55.151   353  3253 D mm-camera: mct_controller_thread_run thread_id is -1
01-01 03:31:55.151  2890  2890 E mm-camera-intf: mm_camera_open:  opened, break out while loop
01-01 03:31:55.163  2890  2890 D QCameraHWI_Mem: void qcamera::QCameraMemory::traceLogAllocStart(size_t, int, const char*) : alloc E count=1 size=7136
01-01 03:31:55.163  2890  2890 D QCameraHWI_Mem: void qcamera::QCameraMemory::traceLogAllocStart(size_t, int, const char*) : alloc E count=1 size=7136
01-01 03:31:55.163  2890  2890 D QCameraHWI_Mem: int qcamera::QCameraMemory::alloc(int, size_t, unsigned int) : No memory pool available and So allocate new buffer
01-01 03:31:55.163  2890  2890 D QCameraHWI_Mem: static int qcamera::QCameraMemory::allocOneBuffer(qcamera::QCameraMemory::QCameraMemInfo&, unsigned int, size_t, bool) : ION buffer 1 with size 8192 allocated
01-01 03:31:55.163  2890  2890 D QCameraHWI_Mem:  void qcamera::QCameraMemory::traceLogAllocEnd(size_t) : X
01-01 03:31:55.164  2890  2890 D QCameraHWI_Mem:  void qcamera::QCameraMemory::traceLogAllocEnd(size_t) : X
01-01 03:31:55.167   353  3253 D mm-camera: mct_pipeline_populate_query_cap_buffer: totalram = 1982734336, freeram = 1374347264 
01-01 03:31:55.169  2890  2890 D QCamera2HWI: int qcamera::QCamera2HardwareInterface::openCamera(): enable_4k2k is 0
01-01 03:31:55.169  2890  2890 D mm-jpeg-intf: jpeg_open gMmCameraJpegLogLevel=1
01-01 03:31:55.202  2890  2890 E qomx_image_core: OMX_Init:94] Complete 2
01-01 03:31:55.202  2890  2890 D QCameraHWI_Mem: void qcamera::QCameraMemory::traceLogAllocStart(size_t, int, const char*) : alloc E count=1 size=1048576
01-01 03:31:55.202  2890  2890 E QCameraHWI_Mem: void qcamera::QCameraMemory::traceLogAllocStart(size_t, int, const char*):HeapMemsize 1048576
01-01 03:31:55.202  2890  2890 D QCameraHWI_Mem: void qcamera::QCameraMemory::traceLogAllocStart(size_t, int, const char*) : alloc E count=1 size=1048576
01-01 03:31:55.202  2890  2890 E QCameraHWI_Mem: void qcamera::QCameraMemory::traceLogAllocStart(size_t, int, const char*):Memsize 1048576
01-01 03:31:55.202  2890  2890 D QCameraHWI_Mem: int qcamera::QCameraMemory::alloc(int, size_t, unsigned int) : No memory pool available and So allocate new buffer
01-01 03:31:55.203  2890  2890 D QCameraHWI_Mem: static int qcamera::QCameraMemory::allocOneBuffer(qcamera::QCameraMemory::QCameraMemInfo&, unsigned int, size_t, bool) : ION buffer 1 with size 1048576 allocated
01-01 03:31:55.203  2890  2890 D QCameraHWI_Mem:  void qcamera::QCameraMemory::traceLogAllocEnd(size_t) : X
01-01 03:31:55.203  2890  2890 E QCameraHWI_Mem: void qcamera::QCameraMemory::traceLogAllocEnd(size_t) 1048576
01-01 03:31:55.203  2890  2890 D QCameraHWI_Mem:  void qcamera::QCameraMemory::traceLogAllocEnd(size_t) : X
01-01 03:31:55.203  2890  2890 E QCameraHWI_Mem: void qcamera::QCameraMemory::traceLogAllocEnd(size_t) 1048576
01-01 03:31:55.204  2890  2890 D QCameraParameters: int32_t qcamera::QCameraParameters::initDefaultParameters(): supported preview sizes: 1920x1080,1440x1080,1280x960,1280x720,960x720,864x480,800x480,768x432,720x480,640x480,576x432,480x320,384x288,352x288,320x240,240x160,176x144,160x120,144x176
