* daemon not running. starting it now on port 5037 *
* daemon started successfully *
--------- beginning of system
01-01 03:31:44.619   269   269 I vold    : Vold 3.0 (the awakening) firing up
01-01 03:31:44.619   269   269 V vold    : Detected support for: exfat ext4 f2fs ntfs vfat
01-01 03:31:45.654   322   322 I irsc_util: irsc tool created:0x55a853b070
01-01 03:31:45.654   322   322 I irsc_util: Starting irsc tool
01-01 03:31:45.654   322   322 I irsc_util: Trying to open sec config file
01-01 03:31:45.670   322   322 I irsc_util: file_parser Number of element :0
01-01 03:31:45.671   322   322 I irsc_util: file_parser Invalid Format or Comment - '/* IPC Security Config */
01-01 03:31:45.671   322   322 I irsc_util: '
01-01 03:31:45.671   322   322 I irsc_util: file_parser Number of element :0
--------- beginning of main
01-01 03:31:46.099   325   325 E USB_UICC: Timeout! No signal received. Retry num = 1
01-01 03:31:46.101   349   349 E linker  : Shim lib "libril_shim.so" can not be loaded, ignoring.
01-01 03:31:46.118   355   527 E AudioDaemon: CPE state open /proc/asound/card0/cpe0_state failed No such file or directory, Retrying 2
01-01 03:31:46.121   355   355 V AudioDaemonMain: Audio daemon starting sequence..
01-01 03:31:46.124   314   488 I libmdmdetect: ESOC framework not supported
01-01 03:31:46.124   314   488 I libmdmdetect: Found internal modem: modem
01-01 03:31:46.128   476   531 I libmdmdetect: ESOC framework not supported
01-01 03:31:46.128   476   531 I libmdmdetect: Found internal modem: modem
01-01 03:31:46.143   328   360 I ThermalEngine: MODEM thermal mitigation available.
01-01 03:31:46.143   328   360 I ThermalEngine: ACTION: MODEM - Pending request: pa mitigation succeeded for level 0.
01-01 03:31:46.143   328   360 I ThermalEngine: Mitigation:Modem:0
01-01 03:31:46.144   328   360 I ThermalEngine: ACTION: MODEM - Pending request: cpuv_restriction_cold mitigation succeeded for level 0.
01-01 03:31:46.144   328   360 I ThermalEngine: Mitigation:VDD[MODEM-cpuv_restriction_cold]:0
01-01 03:31:46.157   476   531 I libmdmdetect: ESOC framework not supported
01-01 03:31:46.157   476   531 I libmdmdetect: Found internal modem: modem
01-01 03:31:46.158   353   353 E mm-camera-sensor: sensor_init_probe:122 probe sensor_name imx179
01-01 03:31:46.160   314   488 I libmdmdetect: ESOC framework not supported
01-01 03:31:46.160   314   488 I libmdmdetect: Found internal modem: modem
01-01 03:31:46.172   354   354 I libmdmdetect: ESOC framework not supported
01-01 03:31:46.172   354   354 I libmdmdetect: Found internal modem: modem
01-01 03:31:46.172   354   354 E QMI_FW  : QMUXD: WARNING qmi_qmux_if_pwr_up_init failed! rc=-1
01-01 03:31:46.172   354   354 I libmdmdetect: ESOC framework not supported
01-01 03:31:46.173   354   354 I libmdmdetect: Found internal modem: modem
01-01 03:31:46.173   354   354 E QMI_FW  : QMUXD: WARNING qmi_qmux_if_pwr_up_init failed! rc=-1
01-01 03:31:46.173   354   354 I libmdmdetect: ESOC framework not supported
01-01 03:31:46.173   354   354 I libmdmdetect: Found internal modem: modem
01-01 03:31:46.173   354   354 E QMI_FW  : QMUXD: WARNING qmi_qmux_if_pwr_up_init failed! rc=-1
01-01 03:31:46.173   354   354 I libmdmdetect: ESOC framework not supported
01-01 03:31:46.173   354   354 I libmdmdetect: Found internal modem: modem
01-01 03:31:46.174   354   354 E QMI_FW  : QMUXD: WARNING qmi_qmux_if_pwr_up_init failed! rc=-1
01-01 03:31:46.174   354   354 I libmdmdetect: ESOC framework not supported
01-01 03:31:46.174   354   354 I libmdmdetect: Found internal modem: modem
01-01 03:31:46.174   354   354 E QMI_FW  : QMUXD: WARNING qmi_qmux_if_pwr_up_init failed! rc=-1
01-01 03:31:46.174   354   354 I libmdmdetect: ESOC framework not supported
01-01 03:31:46.174   354   354 I libmdmdetect: Found internal modem: modem
01-01 03:31:46.174   354   354 E QMI_FW  : QMUXD: WARNING qmi_qmux_if_pwr_up_init failed! rc=-1
01-01 03:31:46.174   354   354 I libmdmdetect: ESOC framework not supported
01-01 03:31:46.174   354   354 I libmdmdetect: Found internal modem: modem
01-01 03:31:46.175   354   354 E QMI_FW  : QMUXD: WARNING qmi_qmux_if_pwr_up_init failed! rc=-1
01-01 03:31:46.175   354   354 I libmdmdetect: ESOC framework not supported
01-01 03:31:46.175   354   354 I libmdmdetect: Found internal modem: modem
01-01 03:31:46.175   354   354 E QMI_FW  : QMUXD: WARNING qmi_qmux_if_pwr_up_init failed! rc=-1
01-01 03:31:46.178   354   354 D QC-time-services: Daemon:genoff_modem_qmi_init: Initial transaction successfull
01-01 03:31:46.178   354   670 D QC-time-services: Daemon: Time-services: All initializations done
01-01 03:31:46.178   354   670 E QC-time-services: Daemon: Time-services: Waiting to acceptconnection
01-01 03:31:46.182   353   353 E mm-camera: isp_util_gen_hws_caps: integrating kernel vfe is pending
01-01 03:31:46.183   476   531 I libmdmdetect: ESOC framework not supported
01-01 03:31:46.183   476   531 I libmdmdetect: Found internal modem: modem
01-01 03:31:46.185   353   353 E mm-camera: isp_tintless_create: using BE stats for tintless!, isp main version = 28
01-01 03:31:46.188   476   531 I libmdmdetect: ESOC framework not supported
01-01 03:31:46.188   476   531 I libmdmdetect: Found internal modem: modem
01-01 03:31:46.194   476   531 I libmdmdetect: ESOC framework not supported
01-01 03:31:46.194   476   531 I libmdmdetect: Found internal modem: modem
01-01 03:31:46.199   281   281 D libEGL  : loaded /vendor/lib64/egl/libGLESv1_CM_adreno.so
01-01 03:31:46.199   476   531 I libmdmdetect: ESOC framework not supported
01-01 03:31:46.199   353   353 E mm-camera: cpp_hardware_load_firmware:446, cpphw->hwinfo.version = 0x40020000
01-01 03:31:46.200   476   531 I libmdmdetect: Found internal modem: modem
01-01 03:31:46.205   476   531 I libmdmdetect: ESOC framework not supported
01-01 03:31:46.206   476   531 I libmdmdetect: Found internal modem: modem
01-01 03:31:46.210   476   531 I libmdmdetect: ESOC framework not supported
01-01 03:31:46.210   476   531 I libmdmdetect: Found internal modem: modem
01-01 03:31:46.212   314   488 I libmdmdetect: ESOC framework not supported
01-01 03:31:46.212   314   488 I libmdmdetect: Found internal modem: modem
01-01 03:31:46.213   281   281 D libEGL  : loaded /vendor/lib64/egl/libGLESv2_adreno.so
01-01 03:31:46.219   355   527 D AudioDaemon: number of sndcards 1 CPEs 0
01-01 03:31:46.219   355   527 D AudioDaemon: read for sound card state change before while
01-01 03:31:46.219   355   527 D AudioDaemon: sound card state file content: ONLINE
01-01 03:31:46.219   355   527 D AudioDaemon:  before while
01-01 03:31:46.219   355   527 E AudioDaemon: put cur_state to online
01-01 03:31:46.219   355   527 D AudioDaemon: cur_state=0, bootup_complete=0
01-01 03:31:46.219   355   527 E AudioDaemon: sound card up is deteced before while
01-01 03:31:46.219   355   527 E AudioDaemon: bootup_complete set to 1
01-01 03:31:46.219   355   527 E AudioDaemon: read for event state change before while
01-01 03:31:46.219   355   527 D AudioDaemon: poll() for sound card state change 
01-01 03:31:46.230   281   281 I Adreno  : QUALCOMM build                   : d842ad3, Ia10634f51b
01-01 03:31:46.230   281   281 I Adreno  : Build Date                       : 01/04/16
01-01 03:31:46.230   281   281 I Adreno  : OpenGL ES Shader Compiler Version: XE031.06.00.05
01-01 03:31:46.230   281   281 I Adreno  : Local Branch                     : mybranch17585849
01-01 03:31:46.230   281   281 I Adreno  : Remote Branch                    : quic/LA.BR.1.2.6_rb1.7
01-01 03:31:46.230   281   281 I Adreno  : Remote Branch                    : NONE
01-01 03:31:46.230   281   281 I Adreno  : Reconstruct Branch               : NOTHING
01-01 03:31:46.232   314   488 I libmdmdetect: ESOC framework not supported
01-01 03:31:46.232   314   488 I libmdmdetect: Found internal modem: modem
01-01 03:31:46.245   314   488 I libmdmdetect: ESOC framework not supported
01-01 03:31:46.245   314   488 I libmdmdetect: Found internal modem: modem
01-01 03:31:46.252   316   753 I chatty  : uid=1013(media) /system/bin/mediaserver expire 27 lines
01-01 03:31:46.252   353   767 D mm-camera: mct_pipeline_start_session_thread thread_id is -1
01-01 03:31:46.252   316   763 I chatty  : uid=1013(media) /system/bin/mediaserver expire 2 lines
01-01 03:31:46.254   353   770 D mm-camera: mct_pipeline_start_session_thread thread_id is -1
01-01 03:31:46.260   353   771 D mm-camera: mct_pipeline_start_session_thread thread_id is -1
01-01 03:31:46.265   353   775 D mm-camera: mct_pipeline_start_session_thread thread_id is -1
01-01 03:31:46.272   353   353 E mm-camera: vpe_module_init:26 name=vpe
01-01 03:31:46.273   353   353 E mm-camera: vpe_hardware_find_subdev:717: entity.name=video0 entity.revision=0
01-01 03:31:46.273   353   353 E mm-camera: vpe_hardware_find_subdev:717: entity.name=msm_cci entity.revision=0
01-01 03:31:46.273   353   353 E mm-camera: vpe_hardware_find_subdev:717: entity.name=v4l-subdev0 entity.revision=0
01-01 03:31:46.273   353   353 E mm-camera: vpe_hardware_find_subdev:717: entity.name=v4l-subdev1 entity.revision=0
01-01 03:31:46.273   353   353 E mm-camera: vpe_hardware_find_subdev:717: entity.name=v4l-subdev2 entity.revision=0
01-01 03:31:46.273   353   353 E mm-camera: vpe_hardware_find_subdev:717: entity.name=v4l-subdev3 entity.revision=0
01-01 03:31:46.273   353   353 E mm-camera: vpe_hardware_find_subdev:717: entity.name=v4l-subdev4 entity.revision=0
01-01 03:31:46.273   353   353 E mm-camera: vpe_hardware_find_subdev:717: entity.name=v4l-subdev5 entity.revision=0
01-01 03:31:46.273   353   353 E mm-camera: vpe_hardware_find_subdev:717: entity.name=v4l-subdev6 entity.revision=0
01-01 03:31:46.273   353   353 E mm-camera: vpe_hardware_find_subdev:717: entity.name=v4l-subdev7 entity.revision=0
01-01 03:31:46.273   353   353 E mm-camera: vpe_hardware_find_subdev:717: entity.name=v4l-subdev8 entity.revision=0
01-01 03:31:46.273   353   353 E mm-camera: vpe_hardware_find_subdev:717: entity.name=v4l-subdev9 entity.revision=0
01-01 03:31:46.273   353   353 E mm-camera: vpe_hardware_find_subdev:717: entity.name=v4l-subdev10 entity.revision=10
01-01 03:31:46.273   353   353 E mm-camera: vpe_hardware_find_subdev:717: entity.name=v4l-subdev11 entity.revision=0
01-01 03:31:46.273   353   353 E mm-camera: vpe_hardware_find_subdev:717: entity.name=v4l-subdev12 entity.revision=0
01-01 03:31:46.273   353   353 E mm-camera: vpe_hardware_find_subdev:717: entity.name=v4l-subdev13 entity.revision=0
01-01 03:31:46.273   353   353 E mm-camera: vpe_hardware_find_subdev:717: entity.name=v4l-subdev14 entity.revision=0
01-01 03:31:46.273   353   353 E mm-camera: vpe_hardware_find_subdev:717: entity.name=v4l-subdev15 entity.revision=0
01-01 03:31:46.273   353   353 E mm-camera: vpe_hardware_find_subdev:712: done enumerating media entities
01-01 03:31:46.273   353   353 E mm-camera: vpe_hardware_find_subdev:717: entity.name=video1 entity.revision=0
01-01 03:31:46.273   353   353 E mm-camera: vpe_hardware_find_subdev:712: done enumerating media entities
01-01 03:31:46.273   353   353 E mm-camera: vpe_hardware_find_subdev:717: entity.name=video2 entity.revision=0
01-01 03:31:46.273   353   353 E mm-camera: vpe_hardware_find_subdev:712: done enumerating media entities
01-01 03:31:46.273   353   353 E mm-camera: vpe_hardware_find_subdev:684: no more media devices
01-01 03:31:46.273   353   353 E mm-camera: vpe_hardware_find_subdev:729: no vpe device found.
01-01 03:31:46.273   353   353 E mm-camera: vpe_hardware_create:31: error: cannot find vpe subdev
01-01 03:31:46.273   353   353 E mm-camera: vpe_module_create_vpe_ctrl:141, failed, cannnot create vpe hardware instance
01-01 03:31:46.273   353   353 E mm-camera: vpe_module_init:34 failed
01-01 03:31:46.273   353   353 E mm-camera: c2d_module_init:32 name=c2d
01-01 03:31:46.273   353   353 E mm-camera-img: frameproc_comp_load:828] Error opening frameproc library libmmcamera_llvd.so
01-01 03:31:46.273   353   353 E mm-camera: module_imgbase_init_llvd:1440] Error rc -6
01-01 03:31:46.273   353   353 E mm-camera: pproc_module_init:2552] llvd module create failed
01-01 03:31:46.277   494   494 I qcom-bluetooth: /system/etc/init.qcom.bt.sh: Bluetooth stack is Bluedroid 
01-01 03:31:46.282   314   488 I libmdmdetect: ESOC framework not supported
01-01 03:31:46.282   314   488 I libmdmdetect: Found internal modem: modem
01-01 03:31:46.285   353   771 E mm-camera: isp_tintless_get_version: lib returned version 3.61 err=0
01-01 03:31:46.292   353   779 D mm-camera: mct_pipeline_start_session_thread thread_id is -1
01-01 03:31:46.292   353   779 D mm-camera: cpp_module_start_session:423, info: starting session 1
01-01 03:31:46.293   353   767 E mm-camera-sensor: eeprom_load_library:718 e_ctrl->eeprom_lib.func_tbl =0xf59be290
01-01 03:31:46.293   353   767 E mm-camera-sensor: imx234_bu64297gwz_get_af_calibration:201 af_checksum_valid=1
01-01 03:31:46.293   353   767 E mm-camera-sensor: imx234_bu64297gwz_get_af_calibration:210 csh macro_dac=755, infinity_dac=460 start=0
01-01 03:31:46.293   353   767 E mm-camera-sensor: imx234_bu64297gwz_get_wbc_calibration:230 hljing, Module_ID: 0x1, PD: 2015-4-21
01-01 03:31:46.293   353   767 E mm-camera-sensor: imx234_bu64297gwz_get_wbc_calibration:239 awb_checksum_valid=1
01-01 03:31:46.293   353   767 E mm-camera-sensor: imx234_bu64297gwz_get_wbc_calibration:251 csh i=0, r_over_g=0.559140, b_over_g=0.598240, gr_over_gb=0.998045
01-01 03:31:46.293   353   767 E mm-camera-sensor: imx234_bu64297gwz_get_wbc_calibration:251 csh i=1, r_over_g=0.559140, b_over_g=0.598240, gr_over_gb=0.998045
01-01 03:31:46.293   353   767 E mm-camera-sensor: imx234_bu64297gwz_get_wbc_calibration:251 csh i=2, r_over_g=0.559140, b_over_g=0.598240, gr_over_gb=0.998045
01-01 03:31:46.293   353   767 E mm-camera-sensor: imx234_bu64297gwz_get_wbc_calibration:251 csh i=3, r_over_g=0.559140, b_over_g=0.598240, gr_over_gb=0.998045
01-01 03:31:46.294   353   767 E mm-camera-sensor: imx234_bu64297gwz_get_wbc_calibration:251 csh i=4, r_over_g=0.559140, b_over_g=0.598240, gr_over_gb=0.998045
01-01 03:31:46.294   353   767 E mm-camera-sensor: imx234_bu64297gwz_get_wbc_calibration:251 csh i=5, r_over_g=0.559140, b_over_g=0.598240, gr_over_gb=0.998045
01-01 03:31:46.294   353   767 E mm-camera-sensor: imx234_bu64297gwz_get_wbc_calibration:251 csh i=6, r_over_g=0.559140, b_over_g=0.598240, gr_over_gb=0.998045
01-01 03:31:46.294   353   767 E mm-camera-sensor: imx234_bu64297gwz_get_wbc_calibration:251 csh i=7, r_over_g=0.559140, b_over_g=0.598240, gr_over_gb=0.998045
01-01 03:31:46.294   353   767 E mm-camera-sensor: imx234_bu64297gwz_get_wbc_calibration:251 csh i=8, r_over_g=0.559140, b_over_g=0.598240, gr_over_gb=0.998045
01-01 03:31:46.294   353   767 E mm-camera-sensor: imx234_bu64297gwz_get_wbc_calibration:251 csh i=9, r_over_g=0.559140, b_over_g=0.598240, gr_over_gb=0.998045
01-01 03:31:46.294   353   767 E mm-camera-sensor: imx234_bu64297gwz_get_wbc_calibration:251 csh i=10, r_over_g=0.559140, b_over_g=0.598240, gr_over_gb=0.998045
01-01 03:31:46.294   353   767 E mm-camera-sensor: imx234_bu64297gwz_get_wbc_calibration:251 csh i=11, r_over_g=0.559140, b_over_g=0.598240, gr_over_gb=0.998045
01-01 03:31:46.294   353   767 E mm-camera-sensor: sum=145404
01-01 03:31:46.294   353   767 E mm-camera-sensor: sum=54
01-01 03:31:46.294   353   767 E mm-camera-sensor: buf[0x21]=54
01-01 03:31:46.294   353   767 E mm-camera-sensor: imx234_bu64297gwz_get_lsc_calibration:291 lsc_checksum_valid=1
01-01 03:31:46.296   353   812 D mm-camera: mct_pipeline_start_session_thread thread_id is -1
01-01 03:31:46.296   353   812 E mm-camera-img: module_imglib_start_session:1446 ###Img_Loglevel 0
01-01 03:31:46.300   353   353 W linker  : /system/vendor/lib/libmmcamera_faceproc.so has text relocations. This is wasting memory and prevents security hardening. Please fix.
01-01 03:31:46.306   314   314 I libmdmdetect: ESOC framework not supported
01-01 03:31:46.307   314   314 I libmdmdetect: Found internal modem: modem
01-01 03:31:46.314   314   314 E PerMgrLib: Peripheral manager is not supported on this device
01-01 03:31:46.334   314   488 I libmdmdetect: ESOC framework not supported
01-01 03:31:46.335   314   488 I libmdmdetect: Found internal modem: modem
01-01 03:31:46.362   353   779 D mm-camera: cpp_module_start_session:485, info: session 1 started.
01-01 03:31:46.362   353   779 D mm-camera: c2d_module_start_session:345, info: starting session 1
01-01 03:31:46.362   353   823 D mm-camera: cpp_thread_func:63: cpp_thread entering the polling loop...thread_id is -1
01-01 03:31:46.365   314   488 I libmdmdetect: ESOC framework not supported
01-01 03:31:46.366   314   488 I libmdmdetect: Found internal modem: modem
01-01 03:31:46.370   353   353 E mm-camera-img: frameproc_comp_load:828] Error opening frameproc library libmmcamera_chromaflash_lib.so
01-01 03:31:46.370   353   353 E mm-camera: module_imgbase_init_imglib_chroma_flash:1440] Error rc -6
01-01 03:31:46.370   353   353 E mm-camera-img: module_imglib_create_topology:649] Can not init the module imglib_chroma_flash
01-01 03:31:46.370   353   353 E mm-camera-img: frameproc_comp_load:828] Error opening frameproc library libmmcamera_optizoom_lib.so
01-01 03:31:46.370   353   353 E mm-camera: module_imgbase_init_imglib_optizoom:1440] Error rc -6
01-01 03:31:46.370   353   353 E mm-camera-img: module_imglib_create_topology:649] Can not init the module imglib_optizoom
01-01 03:31:46.371   353   353 E mm-camera-img: frameproc_comp_load:828] Error opening frameproc library libmmcamera_ubifocus_lib.so
01-01 03:31:46.371   353   353 E mm-camera: module_imgbase_init_imglib_ubifocus:1440] Error rc -6
01-01 03:31:46.371   353   353 E mm-camera-img: module_imglib_create_topology:649] Can not init the module imglib_ubifocus
01-01 03:31:46.371   353   353 E mm-camera-img: frameproc_comp_load:828] Error opening frameproc library libmmcamera_trueportrait_lib.so
01-01 03:31:46.371   353   353 E mm-camera: module_imgbase_init_imglib_trueportrait:1440] Error rc -6
01-01 03:31:46.371   353   353 E mm-camera-img: module_imglib_create_topology:649] Can not init the module imglib_trueportrait
01-01 03:31:46.371   353   353 E mm-camera-img: frameproc_comp_load:828] Error opening frameproc library libmmcamera_fssr_lib.so
01-01 03:31:46.371   353   353 E mm-camera: module_imgbase_init_imglib_fssr:1440] Error rc -6
01-01 03:31:46.371   353   353 E mm-camera-img: module_imglib_create_topology:649] Can not init the module imglib_fssr
01-01 03:31:46.371   353   353 E mm-camera-img: frameproc_comp_load:828] Error opening frameproc library libmmcamera_multitouchfocus_lib.so
01-01 03:31:46.371   353   353 E mm-camera: module_imgbase_init_imglib_multitouchfocus:1440] Error rc -6
01-01 03:31:46.371   353   353 E mm-camera-img: module_imglib_create_topology:649] Can not init the module imglib_multitouchfocus
01-01 03:31:46.373   353   879 D mm-camera: c2d_thread_func:45: c2d_thread entering the polling loop... thread_id is -1
01-01 03:31:46.381   353   779 D mm-camera: c2d_module_start_session:419, info: session 1 started.
01-01 03:31:46.405   353   767 E mm-camera-sensor: sensor_write_init_settings:293 fuyipeng --- wirte t4k35 otp setting
01-01 03:31:46.405   353   767 E mm-camera-sensor: sensor_write_init_settings:295 Write T4K35 Otp failed
01-01 03:31:46.405   353   767 E mm-camera-sensor: actuator_load_lib:374 name=rohm_bu64297gwz, mode=camera
01-01 03:31:46.409   353   767 E mm-camera-sensor: actuator_load_lib:374 name=rohm_bu64297gwz, mode=camcorder
01-01 03:31:46.410   353   767 E mm-camera-sensor: af_actuator_set_name:31 failed rc -1
01-01 03:31:46.410   353   767 E mm-camera-sensor: eeprom_do_af_calibration:643 turn on Cal af(1)
01-01 03:31:46.410   353   767 E mm-camera-sensor: eeprom_autofocus_calibration:102 hljing module_name =SUNNY-IMX234,actuator_name = ROHM_BU64297GWZ, total_steps = 550, adjust_ration =0.940000
01-01 03:31:46.410   353   767 E mm-camera-sensor: eeprom_autofocus_calibration:127 hljing initial_code = 380, total_steps = 517
01-01 03:31:46.419   281   281 I qdutils : PartialUpdate status: Disabled
01-01 03:31:46.419   281   281 I qdutils : Left Align: 0
01-01 03:31:46.419   281   281 I qdutils : Width Align: 0
01-01 03:31:46.419   281   281 I qdutils : Top Align: 0
01-01 03:31:46.419   281   281 I qdutils : Height Align: 0
01-01 03:31:46.419   281   281 I qdutils : Min ROI Width: 0
01-01 03:31:46.419   281   281 I qdutils : Min ROI Height: 0
01-01 03:31:46.419   281   281 I qdutils : Needs ROI Merge: 0
01-01 03:31:46.419   281   281 I qdutils : Dynamic Fps: Disabled
01-01 03:31:46.419   281   281 I qdutils : Min Panel fps: 0
01-01 03:31:46.419   281   281 I qdutils : Max Panel fps: 0
01-01 03:31:46.419   281   281 E qdutils : int qdutils::getHDMINode(): Failed to open fb node 2
01-01 03:31:46.419   281   281 E qdutils : int qdutils::getHDMINode(): Failed to open fb node 3
01-01 03:31:46.419   281   281 E qdutils : int qdutils::getHDMINode(): Failed to find HDMI node
01-01 03:31:46.421   281   281 E qdutils : int qdutils::getHDMINode(): Failed to open fb node 2
01-01 03:31:46.421   281   281 E qdutils : int qdutils::getHDMINode(): Failed to open fb node 3
01-01 03:31:46.421   281   281 E qdutils : int qdutils::getHDMINode(): Failed to find HDMI node
01-01 03:31:46.423   353   353 E mm-camera: Tuning lib open failed: dlopen failed: library "libmmcamera_tuning.so" not found
01-01 03:31:46.429   281   281 W qdcopybit: open_copybit i = 0 surface_id=-1026555902
01-01 03:31:46.429   281   281 W qdcopybit: open_copybit i = 1 surface_id=-1026555901
01-01 03:31:46.429   281   281 W qdcopybit: open_copybit i = 2 surface_id=-1026555900
01-01 03:31:46.429   281   281 W qdcopybit: open_copybit i = 3 surface_id=-1026555899
01-01 03:31:46.429   281   281 W qdcopybit: open_copybit i = 4 surface_id=-1026555898
01-01 03:31:46.429   281   281 W qdcopybit: open_copybit i = 5 surface_id=-1026555897
01-01 03:31:46.429   281   281 W qdcopybit: open_copybit i = 6 surface_id=-1026555896
01-01 03:31:46.429   281   281 W qdcopybit: open_copybit i = 7 surface_id=-1026555895
01-01 03:31:46.429   281   281 W qdcopybit: open_copybit i = 8 surface_id=-1026555894
01-01 03:31:46.429   281   281 W qdcopybit: open_copybit i = 9 surface_id=-1026555893
01-01 03:31:46.429   281   281 W qdcopybit: open_copybit i = 10 surface_id=-1026555892
01-01 03:31:46.429   281   281 W qdcopybit: open_copybit i = 11 surface_id=-1026555891
01-01 03:31:46.429   281   281 W qdcopybit: open_copybit i = 12 surface_id=-1026555890
01-01 03:31:46.429   281   281 W qdcopybit: open_copybit i = 13 surface_id=-1026555889
01-01 03:31:46.429   281   281 W qdcopybit: open_copybit i = 14 surface_id=-1026555888
01-01 03:31:46.429   281   281 W qdcopybit: open_copybit i = 15 surface_id=-1026555887
01-01 03:31:46.429   281   281 W qdcopybit: open_copybit i = 16 surface_id=-1026555886
01-01 03:31:46.429   281   281 W qdcopybit: open_copybit i = 17 surface_id=-1026555885
01-01 03:31:46.429   281   281 W qdcopybit: open_copybit i = 18 surface_id=-1026555884
01-01 03:31:46.429   281   281 W qdcopybit: open_copybit i = 19 surface_id=-1026555883
01-01 03:31:46.429   281   281 W qdcopybit: open_copybit i = 20 surface_id=-1026555882
01-01 03:31:46.429   281   281 W qdcopybit: open_copybit i = 21 surface_id=-1026555881
01-01 03:31:46.429   281   281 W qdcopybit: open_copybit i = 22 surface_id=-1026555880
01-01 03:31:46.429   281   281 W qdcopybit: open_copybit i = 23 surface_id=-1026555879
01-01 03:31:46.429   281   281 W qdcopybit: open_copybit i = 24 surface_id=-1026555878
01-01 03:31:46.429   281   281 W qdcopybit: open_copybit i = 25 surface_id=-1026555877
01-01 03:31:46.429   281   281 W qdcopybit: open_copybit i = 26 surface_id=-1026555876
01-01 03:31:46.429   281   281 W qdcopybit: open_copybit i = 27 surface_id=-1026555875
01-01 03:31:46.429   281   281 W qdcopybit: open_copybit i = 28 surface_id=-1026555874
01-01 03:31:46.429   281   281 W qdcopybit: open_copybit i = 29 surface_id=-1026555873
01-01 03:31:46.429   281   281 W qdcopybit: open_copybit i = 30 surface_id=-1026555872
01-01 03:31:46.429   281   281 W qdcopybit: open_copybit i = 31 surface_id=-1026555871
01-01 03:31:46.429   281   281 W qdcopybit: open_copybit: 2 Plane YUV i=0 surface_id=-1026555869
01-01 03:31:46.429   281   281 W qdcopybit: open_copybit: 2 Plane YUV i=1 surface_id=-1026555868
01-01 03:31:46.429   281   281 W qdcopybit: open_copybit: 2 Plane YUV i=2 surface_id=-1026555867
01-01 03:31:46.429   281   281 W qdcopybit: open_copybit: 2 Plane YUV i=3 surface_id=-1026555866
01-01 03:31:46.429   281   281 W qdcopybit: open_copybit: 3 Plane YUV i=0 surface_id=-1026555864
01-01 03:31:46.442   353   958 D mm-camera: mct_controller_thread_run thread_id is -1
01-01 03:31:46.443   353   958 D mm-camera: mct_pipeline_populate_query_cap_buffer: totalram = 1949179904, freeram = 1617682432 
01-01 03:31:46.460   353   958 D mm-camera: mct_pipeline_process_set:command=800000e
01-01 03:31:46.461   281   281 I qdhwcomposer: Successfully Loaded GPUPerfHint APIs
01-01 03:31:46.461   281   281 I qdhwcomposer: Initializing Qualcomm Hardware Composer
01-01 03:31:46.461   281   281 I qdhwcomposer: MDP version: 500
01-01 03:31:46.461   281   281 I SurfaceFlinger: Using composer version 1.5
01-01 03:31:46.461   281   281 I qdhwcomposer: hwc_registerProcs
01-01 03:31:46.461   281   281 I qdhwcomposer: Initializing UEVENT Thread
01-01 03:31:46.462   281   281 I qdhwcomposer: Initializing VSYNC Thread
01-01 03:31:46.462   281   281 D qdhwcomposer: hwc_getDisplayAttributes disp = 0, width = 1080
01-01 03:31:46.462   281   281 D qdhwcomposer: hwc_getDisplayAttributes disp = 0, height = 1920
01-01 03:31:46.462   281   281 E qdhwcomposer: Unknown display attribute 6
01-01 03:31:46.462   281   281 D qdhwcomposer: hwc_getDisplayAttributes disp = 0, width = 1080
01-01 03:31:46.462   281   281 D qdhwcomposer: hwc_getDisplayAttributes disp = 0, height = 1920
01-01 03:31:46.463   281   281 I SurfaceFlinger: EGL information:
01-01 03:31:46.463   281   281 I SurfaceFlinger: vendor    : Android
01-01 03:31:46.463   281   281 I SurfaceFlinger: version   : 1.4 Android META-EGL
01-01 03:31:46.463   281   281 I SurfaceFlinger: extensions: EGL_KHR_get_all_proc_addresses EGL_ANDROID_presentation_time EGL_KHR_swap_buffers_with_damage EGL_KHR_image EGL_KHR_image_base EGL_KHR_lock_surface EGL_KHR_gl_texture_2D_image EGL_KHR_gl_texture_3D_image EGL_KHR_gl_texture_cubemap_image EGL_KHR_gl_renderbuffer_image EGL_KHR_reusable_sync EGL_KHR_fence_sync EGL_KHR_create_context EGL_KHR_surfaceless_context EGL_EXT_create_context_robustness EGL_ANDROID_image_native_buffer EGL_KHR_wait_sync EGL_ANDROID_recordable EGL_KHR_partial_update EGL_KHR_create_context_no_error 
01-01 03:31:46.463   281   281 I SurfaceFlinger: Client API: OpenGL_ES
01-01 03:31:46.463   281   281 I SurfaceFlinger: EGLSurface: 8-8-8-8, config=0x55bcae5c20
01-01 03:31:46.467   281   281 I SurfaceFlinger: OpenGL ES informations:
01-01 03:31:46.467   281   281 I SurfaceFlinger: vendor    : Qualcomm
01-01 03:31:46.467   281   281 I SurfaceFlinger: renderer  : Adreno (TM) 405
01-01 03:31:46.467   281   281 I SurfaceFlinger: version   : OpenGL ES 3.1 V@140.0 (GIT@Ia10634f51b)
01-01 03:31:46.467   281   281 I SurfaceFlinger: extensions: GL_OES_EGL_image GL_OES_EGL_image_external GL_OES_EGL_sync GL_OES_vertex_half_float GL_OES_framebuffer_object GL_OES_rgb8_rgba8 GL_OES_compressed_ETC1_RGB8_texture GL_AMD_compressed_ATC_texture GL_KHR_texture_compression_astc_ldr GL_OES_texture_npot GL_EXT_texture_filter_anisotropic GL_EXT_texture_format_BGRA8888 GL_OES_texture_3D GL_EXT_color_buffer_float GL_EXT_color_buffer_half_float GL_QCOM_alpha_test GL_OES_depth24 GL_OES_packed_depth_stencil GL_OES_depth_texture GL_OES_depth_texture_cube_map GL_EXT_sRGB GL_OES_texture_float GL_OES_texture_float_linear GL_OES_texture_half_float GL_OES_texture_half_float_linear GL_EXT_texture_type_2_10_10_10_REV GL_EXT_texture_sRGB_decode GL_OES_element_index_uint GL_EXT_copy_image GL_EXT_geometry_shader GL_EXT_tessellation_shader GL_OES_texture_stencil8 GL_EXT_shader_io_blocks GL_OES_shader_image_atomic GL_OES_sample_variables GL_EXT_texture_border_clamp GL_EXT_multisampled_render_to_texture GL_OES_shader_multisample_interpolation GL_EXT_texture_cube_map_arr
01-01 03:31:46.467   281   281 I SurfaceFlinger: GL_MAX_TEXTURE_SIZE = 16384
01-01 03:31:46.467   281   281 I SurfaceFlinger: GL_MAX_VIEWPORT_DIMS = 16384
01-01 03:31:46.490   281   281 D SurfaceFlinger: Set power mode=2, type=0 flinger=0x55bca264f0
01-01 03:31:46.490   281   281 D qdhwcomposer: hwc_setPowerMode: Setting mode 2 on display: 0
01-01 03:31:46.490   281   281 E qdutils : int qdutils::getHDMINode(): Failed to open fb node 2
01-01 03:31:46.490   281   281 E qdutils : int qdutils::getHDMINode(): Failed to open fb node 3
01-01 03:31:46.490   281   281 E qdutils : int qdutils::getHDMINode(): Failed to find HDMI node
01-01 03:31:46.491   281   281 D qdhwcomposer: hwc_setPowerMode: Done setting mode 2 on display 0
01-01 03:31:46.498   281   974 I qdhwcomposer: vsync_loop: Reading event 0 for dpy 0 from /sys/class/graphics/fb0/vsync_event
01-01 03:31:46.498   281   974 I qdhwcomposer: vsync_loop: Reading event 1 for dpy 0 from /sys/class/graphics/fb0/show_blank_event
01-01 03:31:46.498   281   974 I qdhwcomposer: vsync_loop: Reading event 2 for dpy 0 from /sys/class/graphics/fb0/msm_fb_thermal_level
01-01 03:31:46.498   281   974 I qdhwcomposer: vsync_loop: Reading event 0 for dpy 1 from /sys/class/graphics/fb-1/vsync_event
01-01 03:31:46.498   281   974 I qdhwcomposer: vsync_loop: Reading event 1 for dpy 1 from /sys/class/graphics/fb-1/show_blank_event
01-01 03:31:46.498   281   974 I qdhwcomposer: vsync_loop: Reading event 2 for dpy 1 from /sys/class/graphics/fb-1/msm_fb_thermal_level
01-01 03:31:46.498   281   974 I qdhwcomposer: vsync_loop: Reading event 0 for dpy 2 from /sys/class/graphics/fb-1/vsync_event
01-01 03:31:46.498   281   974 I qdhwcomposer: vsync_loop: Reading event 1 for dpy 2 from /sys/class/graphics/fb-1/show_blank_event
01-01 03:31:46.498   281   974 I qdhwcomposer: vsync_loop: Reading event 2 for dpy 2 from /sys/class/graphics/fb-1/msm_fb_thermal_level
01-01 03:31:46.499   328   396 I ThermalEngine: Thermal-Server: Adding thermal event listener on fd 43
01-01 03:31:46.499   316  1000 I chatty  : uid=1013(media) /system/bin/mediaserver expire 2 lines
01-01 03:31:46.500   353   958 D mm-camera: mct_pipeline_process_set:command=800000e
01-01 03:31:46.500   353   958 D mm-camera: mct_pipeline_process_set:command=800000e
01-01 03:31:46.551   449   449 I libmdmdetect: ESOC framework not supported
01-01 03:31:46.552   449   449 I libmdmdetect: Found internal modem: modem
01-01 03:31:46.595   354   354 D QC-time-services: Daemon:genoff_pre_init::Base = 0
01-01 03:31:46.595   354   354 D QC-time-services: Daemon:ats_rtc_init: Time read from RTC -- year = 70, month = 0,day = 1
01-01 03:31:46.596   354   354 D QC-time-services: Daemon:Value read from RTC seconds = 12706000
01-01 03:31:46.596   329   329 I wcnss_service: wcnss_read_and_store_cal_data trying to read cal
01-01 03:31:46.596   354   354 D QC-time-services: Daemon:genoff_init_config: ATS_RTC initialized with rc: 0
01-01 03:31:46.596   354   354 D QC-time-services: Daemon:genoff_pre_init::Base = 1
01-01 03:31:46.596   354   354 D QC-time-services: Daemon: Storage Name: ats_1 
01-01 03:31:46.597   354   354 D QC-time-services: Daemon:Opening File: /data/time/ats_1
01-01 03:31:46.597   354   354 D QC-time-services: Daemon:time_persistent_memory_opr:Genoff Read operation 
01-01 03:31:46.597   354   354 D QC-time-services: Daemon:Unable to open filefor read
01-01 03:31:46.597   354   354 D QC-time-services: Daemon:genoff_post_init:Error in accessing storage
01-01 03:31:46.597   354   354 D QC-time-services: Daemon:genoff_pre_init::Base = 2
01-01 03:31:46.597   354   354 D QC-time-services: Daemon: Storage Name: ats_2 
01-01 03:31:46.597   354   354 D QC-time-services: Daemon:Opening File: /data/time/ats_2
01-01 03:31:46.597   354   354 D QC-time-services: Daemon:time_persistent_memory_opr:Genoff Read operation 
01-01 03:31:46.597   354   354 D QC-time-services: Daemon:Unable to open filefor read
01-01 03:31:46.597   354   354 D QC-time-services: Daemon:genoff_post_init:Error in accessing storage
01-01 03:31:46.597   354   354 D QC-time-services: Daemon:genoff_pre_init::Base = 3
01-01 03:31:46.597   354   354 D QC-time-services: Daemon: Storage Name: ats_3 
01-01 03:31:46.597   354   354 D QC-time-services: Daemon:Opening File: /data/time/ats_3
01-01 03:31:46.597   354   354 D QC-time-services: Daemon:time_persistent_memory_opr:Genoff Read operation 
01-01 03:31:46.597   354   354 D QC-time-services: Daemon:Unable to open filefor read
01-01 03:31:46.597   354   354 D QC-time-services: Daemon:genoff_post_init:Error in accessing storage
01-01 03:31:46.597   354   354 D QC-time-services: Daemon:genoff_pre_init::Base = 4
01-01 03:31:46.597   354   354 D QC-time-services: Daemon: Storage Name: ats_4 
01-01 03:31:46.597   354   354 D QC-time-services: Daemon:Opening File: /data/time/ats_4
01-01 03:31:46.597   354   354 D QC-time-services: Daemon:time_persistent_memory_opr:Genoff Read operation 
01-01 03:31:46.597   354   354 D QC-time-services: Daemon:Unable to open filefor read
01-01 03:31:46.597   354   354 D QC-time-services: Daemon:genoff_post_init:Error in accessing storage
01-01 03:31:46.597   354   354 D QC-time-services: Daemon:genoff_pre_init::Base = 5
01-01 03:31:46.597   354   354 D QC-time-services: Daemon: Storage Name: ats_5 
01-01 03:31:46.597   354   354 D QC-time-services: Daemon:Opening File: /data/time/ats_5
01-01 03:31:46.597   354   354 D QC-time-services: Daemon:time_persistent_memory_opr:Genoff Read operation 
01-01 03:31:46.597   354   354 D QC-time-services: Daemon:Unable to open filefor read
01-01 03:31:46.597   354   354 D QC-time-services: Daemon:genoff_post_init:Error in accessing storage
01-01 03:31:46.597   354   354 D QC-time-services: Daemon:genoff_pre_init::Base = 6
01-01 03:31:46.597   354   354 D QC-time-services: Daemon: Storage Name: ats_6 
01-01 03:31:46.597   354   354 D QC-time-services: Daemon:Opening File: /data/time/ats_6
01-01 03:31:46.597   354   354 D QC-time-services: Daemon:time_persistent_memory_opr:Genoff Read operation 
01-01 03:31:46.597   354   354 D QC-time-services: Daemon:Unable to open filefor read
01-01 03:31:46.597   354   354 D QC-time-services: Daemon:genoff_post_init:Error in accessing storage
01-01 03:31:46.597   354   354 D QC-time-services: Daemon:genoff_pre_init::Base = 7
01-01 03:31:46.597   354   354 D QC-time-services: Daemon: Storage Name: ats_7 
01-01 03:31:46.597   354   354 D QC-time-services: Daemon:Opening File: /data/time/ats_7
01-01 03:31:46.597   354   354 D QC-time-services: Daemon:time_persistent_memory_opr:Genoff Read operation 
01-01 03:31:46.597   354   354 D QC-time-services: Daemon:Unable to open filefor read
01-01 03:31:46.597   354   354 D QC-time-services: Daemon:genoff_post_init:Error in accessing storage
01-01 03:31:46.597   354   354 D QC-time-services: Daemon:genoff_pre_init::Base = 8
01-01 03:31:46.597   354   354 D QC-time-services: Daemon: Storage Name: ats_8 
01-01 03:31:46.597   354   354 D QC-time-services: Daemon:Opening File: /data/time/ats_8
01-01 03:31:46.597   354   354 D QC-time-services: Daemon:time_persistent_memory_opr:Genoff Read operation 
01-01 03:31:46.597   354   354 D QC-time-services: Daemon:Unable to open filefor read
01-01 03:31:46.597   354   354 D QC-time-services: Daemon:genoff_post_init:Error in accessing storage
01-01 03:31:46.597   354   354 D QC-time-services: Daemon:genoff_pre_init::Base = 9
01-01 03:31:46.597   354   354 D QC-time-services: Daemon: Storage Name: ats_9 
01-01 03:31:46.597   354   354 D QC-time-services: Daemon:Opening File: /data/time/ats_9
01-01 03:31:46.597   354   354 D QC-time-services: Daemon:time_persistent_memory_opr:Genoff Read operation 
01-01 03:31:46.597   354   354 D QC-time-services: Daemon:Unable to open filefor read
01-01 03:31:46.597   354   354 D QC-time-services: Daemon:genoff_post_init:Error in accessing storage
01-01 03:31:46.597   354   354 D QC-time-services: Daemon:genoff_pre_init::Base = 10
01-01 03:31:46.597   320   320 E QCOMSysDaemon: Can't find/open bootselect node: (No such file or directory)
01-01 03:31:46.597   354   354 D QC-time-services: Daemon: Storage Name: ats_10 
01-01 03:31:46.597   354   354 D QC-time-services: Daemon:Opening File: /data/time/ats_10
01-01 03:31:46.597   354   354 D QC-time-services: Daemon:time_persistent_memory_opr:Genoff Read operation 
01-01 03:31:46.597   320   320 I QCOMSysDaemon: Starting qcom system daemon
01-01 03:31:46.597   354   354 D QC-time-services: Daemon:Unable to open filefor read
01-01 03:31:46.597   354   354 D QC-time-services: Daemon:genoff_post_init:Error in accessing storage
01-01 03:31:46.597   354   354 D QC-time-services: Daemon:genoff_pre_init::Base = 11
01-01 03:31:46.597   354   354 D QC-time-services: Daemon: Storage Name: ats_11 
01-01 03:31:46.597   354   354 D QC-time-services: Daemon:Opening File: /data/time/ats_11
01-01 03:31:46.597   354   354 D QC-time-services: Daemon:time_persistent_memory_opr:Genoff Read operation 
01-01 03:31:46.597   354   354 D QC-time-services: Daemon:Unable to open filefor read
01-01 03:31:46.597   354   354 D QC-time-services: Daemon:genoff_post_init:Error in accessing storage
01-01 03:31:46.597   354   354 D QC-time-services: Daemon:genoff_pre_init::Base = 12
01-01 03:31:46.597   354   354 D QC-time-services: Daemon: Storage Name: ats_12 
01-01 03:31:46.597   354   354 D QC-time-services: Daemon:Opening File: /data/time/ats_12
01-01 03:31:46.597   354   354 D QC-time-services: Daemon:time_persistent_memory_opr:Genoff Read operation 
01-01 03:31:46.597   354   354 D QC-time-services: Daemon:Unable to open filefor read
01-01 03:31:46.597   354   354 D QC-time-services: Daemon:genoff_post_init:Error in accessing storage
01-01 03:31:46.597   354   354 D QC-time-services: Daemon:genoff_pre_init::Base = 13
01-01 03:31:46.598   354   354 D QC-time-services: Daemon: Storage Name: ats_13 
01-01 03:31:46.598   354   354 D QC-time-services: Daemon:Opening File: /data/time/ats_13
01-01 03:31:46.598   354   354 D QC-time-services: Daemon:time_persistent_memory_opr:Genoff Read operation 
01-01 03:31:46.598   354   354 D QC-time-services: Daemon:Unable to open filefor read
01-01 03:31:46.598   354   354 D QC-time-services: Daemon:genoff_post_init:Error in accessing storage
01-01 03:31:46.598   354   354 D QC-time-services: Daemon:genoff_pre_init::Base = 14
01-01 03:31:46.598   354   354 D QC-time-services: Daemon: Storage Name: ats_14 
01-01 03:31:46.598   354   354 D QC-time-services: Daemon:Opening File: /data/time/ats_14
01-01 03:31:46.598   354   354 D QC-time-services: Daemon:time_persistent_memory_opr:Genoff Read operation 
01-01 03:31:46.598   354   354 D QC-time-services: Daemon:Unable to open filefor read
01-01 03:31:46.598   354   354 D QC-time-services: Daemon:genoff_post_init:Error in accessing storage
01-01 03:31:46.598   354   354 D QC-time-services: Daemon:genoff_init_config: Other bases initilized, exiting genoff_init
01-01 03:31:46.598   354   354 D QC-time-services: Daemon:rtc_get: Time read from RTC -- MM/DD/YY HH:MM:SS0/1/70 3:31:46
01-01 03:31:46.598   354   354 D QC-time-services: Daemon:genoff_opr: Base = 1, val = 0, operation = 1
01-01 03:31:46.598   354   354 D QC-time-services: Daemon: genoff get for 1
01-01 03:31:46.598   354   354 D QC-time-services: Daemon:rtc_get: Time read from RTC -- MM/DD/YY HH:MM:SS0/1/70 3:31:46
01-01 03:31:46.598   354   354 D QC-time-services: Daemon:Value read from RTC seconds = 12706000
01-01 03:31:46.598   354   354 D QC-time-services: Daemon:Value read from generic offset = 0
01-01 03:31:46.598   354   354 D QC-time-services: Daemon:Final Time = 12706000
01-01 03:31:46.598   354   354 D QC-time-services: Daemon:genoff_boot_tod_init: Setting system time to sec =12706, nsec =0
01-01 03:31:46.601   333   333 D AndroidRuntime: >>>>>> START com.android.internal.os.ZygoteInit uid 0 <<<<<<
01-01 03:31:46.646   334   334 D AndroidRuntime: >>>>>> START com.android.internal.os.ZygoteInit uid 0 <<<<<<
01-01 03:31:46.682   333   333 D AndroidRuntime: CheckJNI is OFF
01-01 03:31:46.695   333   333 I art     : option[0]=-Xzygote
01-01 03:31:46.696   333   333 I art     : option[1]=-Xstacktracefile:/data/anr/traces.txt
01-01 03:31:46.696   333   333 I art     : option[2]=exit
01-01 03:31:46.696   333   333 I art     : option[3]=vfprintf
01-01 03:31:46.696   333   333 I art     : option[4]=sensitiveThread
01-01 03:31:46.696   333   333 I art     : option[5]=-verbose:gc
01-01 03:31:46.696   333   333 I art     : option[6]=-Xms16m
01-01 03:31:46.696   333   333 I art     : option[7]=-Xmx512m
01-01 03:31:46.696   333   333 I art     : option[8]=-XX:HeapGrowthLimit=192m
01-01 03:31:46.696   333   333 I art     : option[9]=-XX:HeapMinFree=2m
01-01 03:31:46.696   333   333 I art     : option[10]=-XX:HeapMaxFree=8m
01-01 03:31:46.696   333   333 I art     : option[11]=-XX:HeapTargetUtilization=0.75
01-01 03:31:46.696   333   333 I art     : option[12]=-agentlib:jdwp=transport=dt_android_adb,suspend=n,server=y
01-01 03:31:46.696   333   333 I art     : option[13]=-Xlockprofthreshold:500
01-01 03:31:46.696   333   333 I art     : option[14]=-Ximage-compiler-option
01-01 03:31:46.696   333   333 I art     : option[15]=--runtime-arg
01-01 03:31:46.696   333   333 I art     : option[16]=-Ximage-compiler-option
01-01 03:31:46.696   333   333 I art     : option[17]=-Xms64m
01-01 03:31:46.696   333   333 I art     : option[18]=-Ximage-compiler-option
01-01 03:31:46.696   333   333 I art     : option[19]=--runtime-arg
01-01 03:31:46.696   333   333 I art     : option[20]=-Ximage-compiler-option
01-01 03:31:46.696   333   333 I art     : option[21]=-Xmx64m
01-01 03:31:46.696   333   333 I art     : option[22]=-Ximage-compiler-option
01-01 03:31:46.696   333   333 I art     : option[23]=--image-classes=/system/etc/preloaded-classes
01-01 03:31:46.696   333   333 I art     : option[24]=-Xcompiler-option
01-01 03:31:46.696   333   333 I art     : option[25]=--runtime-arg
01-01 03:31:46.696   333   333 I art     : option[26]=-Xcompiler-option
01-01 03:31:46.696   333   333 I art     : option[27]=-Xms64m
01-01 03:31:46.696   333   333 I art     : option[28]=-Xcompiler-option
01-01 03:31:46.696   333   333 I art     : option[29]=--runtime-arg
01-01 03:31:46.696   333   333 I art     : option[30]=-Xcompiler-option
01-01 03:31:46.696   333   333 I art     : option[31]=-Xmx512m
01-01 03:31:46.696   333   333 I art     : option[32]=-Ximage-compiler-option
01-01 03:31:46.696   333   333 I art     : option[33]=--instruction-set-variant=generic
01-01 03:31:46.696   333   333 I art     : option[34]=-Xcompiler-option
01-01 03:31:46.696   333   333 I art     : option[35]=--instruction-set-variant=generic
01-01 03:31:46.696   333   333 I art     : option[36]=-Ximage-compiler-option
01-01 03:31:46.696   333   333 I art     : option[37]=--instruction-set-features=default
01-01 03:31:46.696   333   333 I art     : option[38]=-Xcompiler-option
01-01 03:31:46.696   333   333 I art     : option[39]=--instruction-set-features=default
01-01 03:31:46.696   333   333 I art     : option[40]=-Xcompiler-option
01-01 03:31:46.696   333   333 I art     : option[41]=--no-watch-dog
01-01 03:31:46.696   333   333 I art     : option[42]=-Duser.locale=en-US
01-01 03:31:46.696   333   333 I art     : option[43]=--cpu-abilist=arm64-v8a
01-01 03:31:46.696   333   333 I art     : option[44]=-Xfingerprint:nubia/NX512J/NX512J:5.1.1/LMY47V/eng.nubia.20160217.193825:user/release-keys
01-01 03:31:46.709   334   334 D AndroidRuntime: CheckJNI is OFF
01-01 03:31:46.722   333   333 I art     : Pruning dalvik-cache since we are generating an image and will need to recompile
01-01 03:31:46.722   333   333 I art     : Using an offset of 0xff725000 from default art base address of 0x70000000
01-01 03:31:46.722   333   333 I art     : GenerateImage: /system/bin/dex2oat --image=/data/dalvik-cache/arm64/system@framework@boot.art --dex-file=/system/framework/core-libart.jar --dex-file=/system/framework/conscrypt.jar --dex-file=/system/framework/okhttp.jar --dex-file=/system/framework/core-junit.jar --dex-file=/system/framework/bouncycastle.jar --dex-file=/system/framework/ext.jar --dex-file=/system/framework/framework.jar --dex-file=/system/framework/telephony-common.jar --dex-file=/system/framework/voip-common.jar --dex-file=/system/framework/ims-common.jar --dex-file=/system/framework/apache-xml.jar --dex-file=/system/framework/org.apache.http.legacy.boot.jar --dex-file=/system/framework/qcmediaplayer.jar --oat-file=/data/dalvik-cache/arm64/system@framework@boot.oat --instruction-set=arm64 --instruction-set-features=smp,a53 --base=0x6f725000 --runtime-arg -Xms64m --runtime-arg -Xmx64m --image-classes=/system/etc/preloaded-classes --instruction-set-variant=generic --instruction-set-features=default
01-01 03:31:46.725   334   334 I art     : option[0]=-Xzygote
01-01 03:31:46.725   334   334 I art     : option[1]=-Xstacktracefile:/data/anr/traces.txt
01-01 03:31:46.725   334   334 I art     : option[2]=exit
01-01 03:31:46.725   334   334 I art     : option[3]=vfprintf
01-01 03:31:46.725   334   334 I art     : option[4]=sensitiveThread
01-01 03:31:46.725   334   334 I art     : option[5]=-verbose:gc
01-01 03:31:46.725   334   334 I art     : option[6]=-Xms16m
01-01 03:31:46.725   334   334 I art     : option[7]=-Xmx512m
01-01 03:31:46.725   334   334 I art     : option[8]=-XX:HeapGrowthLimit=192m
01-01 03:31:46.725   334   334 I art     : option[9]=-XX:HeapMinFree=2m
01-01 03:31:46.725   334   334 I art     : option[10]=-XX:HeapMaxFree=8m
01-01 03:31:46.725   334   334 I art     : option[11]=-XX:HeapTargetUtilization=0.75
01-01 03:31:46.725   334   334 I art     : option[12]=-agentlib:jdwp=transport=dt_android_adb,suspend=n,server=y
01-01 03:31:46.725   334   334 I art     : option[13]=-Xlockprofthreshold:500
01-01 03:31:46.725   334   334 I art     : option[14]=-Ximage-compiler-option
01-01 03:31:46.725   334   334 I art     : option[15]=--runtime-arg
01-01 03:31:46.725   334   334 I art     : option[16]=-Ximage-compiler-option
01-01 03:31:46.725   334   334 I art     : option[17]=-Xms64m
01-01 03:31:46.725   334   334 I art     : option[18]=-Ximage-compiler-option
01-01 03:31:46.725   334   334 I art     : option[19]=--runtime-arg
01-01 03:31:46.725   334   334 I art     : option[20]=-Ximage-compiler-option
01-01 03:31:46.725   334   334 I art     : option[21]=-Xmx64m
01-01 03:31:46.725   334   334 I art     : option[22]=-Ximage-compiler-option
01-01 03:31:46.725   334   334 I art     : option[23]=--image-classes=/system/etc/preloaded-classes
01-01 03:31:46.725   334   334 I art     : option[24]=-Xcompiler-option
01-01 03:31:46.725   334   334 I art     : option[25]=--runtime-arg
01-01 03:31:46.725   334   334 I art     : option[26]=-Xcompiler-option
01-01 03:31:46.725   334   334 I art     : option[27]=-Xms64m
01-01 03:31:46.725   334   334 I art     : option[28]=-Xcompiler-option
01-01 03:31:46.725   334   334 I art     : option[29]=--runtime-arg
01-01 03:31:46.725   334   334 I art     : option[30]=-Xcompiler-option
01-01 03:31:46.725   334   334 I art     : option[31]=-Xmx512m
01-01 03:31:46.725   334   334 I art     : option[32]=-Ximage-compiler-option
01-01 03:31:46.725   334   334 I art     : option[33]=--instruction-set-variant=cortex-a53
01-01 03:31:46.725   334   334 I art     : option[34]=-Xcompiler-option
01-01 03:31:46.725   334   334 I art     : option[35]=--instruction-set-variant=cortex-a53
01-01 03:31:46.725   334   334 I art     : option[36]=-Ximage-compiler-option
01-01 03:31:46.725   334   334 I art     : option[37]=--instruction-set-features=default
01-01 03:31:46.725   334   334 I art     : option[38]=-Xcompiler-option
01-01 03:31:46.725   334   334 I art     : option[39]=--instruction-set-features=default
01-01 03:31:46.725   334   334 I art     : option[40]=-Xcompiler-option
01-01 03:31:46.725   334   334 I art     : option[41]=--no-watch-dog
01-01 03:31:46.725   334   334 I art     : option[42]=-Duser.locale=en-US
01-01 03:31:46.725   334   334 I art     : option[43]=--cpu-abilist=armeabi-v7a,armeabi
01-01 03:31:46.725   334   334 I art     : option[44]=-Xfingerprint:nubia/NX512J/NX512J:5.1.1/LMY47V/eng.nubia.20160217.193825:user/release-keys
01-01 03:31:46.736   334   334 I art     : Pruning dalvik-cache since we are generating an image and will need to recompile
01-01 03:31:46.737   334   334 I art     : Using an offset of 0xee0000 from default art base address of 0x70000000
01-01 03:31:46.737   334   334 I art     : GenerateImage: /system/bin/dex2oat --image=/data/dalvik-cache/arm/system@framework@boot.art --dex-file=/system/framework/core-libart.jar --dex-file=/system/framework/conscrypt.jar --dex-file=/system/framework/okhttp.jar --dex-file=/system/framework/core-junit.jar --dex-file=/system/framework/bouncycastle.jar --dex-file=/system/framework/ext.jar --dex-file=/system/framework/framework.jar --dex-file=/system/framework/telephony-common.jar --dex-file=/system/framework/voip-common.jar --dex-file=/system/framework/ims-common.jar --dex-file=/system/framework/apache-xml.jar --dex-file=/system/framework/org.apache.http.legacy.boot.jar --dex-file=/system/framework/qcmediaplayer.jar --oat-file=/data/dalvik-cache/arm/system@framework@boot.oat --instruction-set=arm --instruction-set-features=smp,div,-atomic_ldrd_strd --base=0x70ee0000 --runtime-arg -Xms64m --runtime-arg -Xmx64m --image-classes=/system/etc/preloaded-classes --instruction-set-variant=cortex-a53 --instruction-set-features=default
01-01 03:31:46.798  1154  1154 I dex2oat : Adjusted thread count (for runtime dex2oat): 4, 4
